stm32f1xx_ll_rcc.h:774:22:LL_RCC_HSE_Enable	4	static
stm32f1xx_ll_rcc.h:794:26:LL_RCC_HSE_IsReady	4	static
stm32f1xx_ll_rcc.h:1014:22:LL_RCC_SetSysClkSource	16	static
stm32f1xx_ll_rcc.h:1027:26:LL_RCC_GetSysClkSource	4	static
stm32f1xx_ll_rcc.h:1047:22:LL_RCC_SetAHBPrescaler	16	static
stm32f1xx_ll_rcc.h:1063:22:LL_RCC_SetAPB1Prescaler	16	static
stm32f1xx_ll_rcc.h:1079:22:LL_RCC_SetAPB2Prescaler	16	static
stm32f1xx_ll_rcc.h:1387:22:LL_RCC_PLL_Enable	4	static
stm32f1xx_ll_rcc.h:1408:26:LL_RCC_PLL_IsReady	4	static
stm32f1xx_ll_rcc.h:1477:22:LL_RCC_PLL_ConfigDomain_SYS	16	static
stm32f1xx_ll_system.h:470:22:LL_FLASH_SetLatency	16	static
stm32f1xx_ll_system.h:483:26:LL_FLASH_GetLatency	4	static
stm32f1xx_ll_spi.h:290:22:LL_SPI_Enable	16	static
stm32f1xx_ll_tim.h:1008:22:LL_TIM_EnableCounter	16	static
stm32f1xx_ll_tim.h:1248:22:LL_TIM_SetCounter	16	static
stm32f1xx_ll_tim.h:1474:22:LL_TIM_CC_EnableChannel	16	static
stm32f1xx_ll_gpio.h:342:22:LL_GPIO_SetPinMode	40	static,ignoring_inline_asm
stm32f1xx_ll_gpio.h:565:22:LL_GPIO_SetPinPull	32	static,ignoring_inline_asm
stm32f1xx_ll_gpio.h:1137:22:LL_GPIO_AF_RemapPartial_TIM3	4	static
main.c:73:5:main	616	static
main.c:189:6:SystemClock_Config	8	static
main.c:237:6:Error_Handler	4	static,ignoring_inline_asm
main.c:256:6:assert_failed	16	static
