stm32f1xx_ll_tim.h:1248:22:LL_TIM_SetCounter	16	static
stm32f1xx_ll_tim.h:2046:26:LL_TIM_OC_GetCompareCH2	16	static
stm32f1xx_ll_tim.h:2924:22:LL_TIM_ClearFlag_UPDATE	16	static
stm32f1xx_ll_tim.h:2935:26:LL_TIM_IsActiveFlag_UPDATE	16	static
stm32f1xx_ll_tim.h:2946:22:LL_TIM_ClearFlag_CC1	16	static
stm32f1xx_ll_tim.h:2957:26:LL_TIM_IsActiveFlag_CC1	16	static
stm32f1xx_it.c:78:6:NMI_Handler	4	static
stm32f1xx_it.c:93:6:HardFault_Handler	4	static
stm32f1xx_it.c:108:6:MemManage_Handler	4	static
stm32f1xx_it.c:123:6:BusFault_Handler	4	static
stm32f1xx_it.c:138:6:UsageFault_Handler	4	static
stm32f1xx_it.c:153:6:SVC_Handler	4	static
stm32f1xx_it.c:166:6:DebugMon_Handler	4	static
stm32f1xx_it.c:179:6:PendSV_Handler	4	static
stm32f1xx_it.c:192:6:SysTick_Handler	8	static
stm32f1xx_it.c:213:6:TIM1_TRG_COM_IRQHandler	8	static
stm32f1xx_it.c:229:6:TIM2_IRQHandler	8	static
stm32f1xx_it.c:250:6:TIM4_IRQHandler	8	static
stm32f1xx_it.c:264:6:timer_1ms	8	static
stm32f1xx_it.c:272:6:Flags_1ms	8	static
stm32f1xx_it.c:284:6:Flags_10msec	8	static
stm32f1xx_it.c:295:6:Flags_100ms	8	static
stm32f1xx_it.c:306:6:Flags_1s	4	static
