Archive member included to satisfy reference by file (symbol)

c:/st/stm32cubeide_1.4.0/stm32cubeide/plugins/com.st.stm32cube.ide.mcu.externaltools.gnu-tools-for-stm32.7-2018-q2-update.win32_1.5.0.202011040924/tools/bin/../lib/gcc/arm-none-eabi/7.3.1/../../../../arm-none-eabi/lib/thumb/v7-m\libc_nano.a(lib_a-errno.o)
                              Core/Src/syscalls.o (__errno)
c:/st/stm32cubeide_1.4.0/stm32cubeide/plugins/com.st.stm32cube.ide.mcu.externaltools.gnu-tools-for-stm32.7-2018-q2-update.win32_1.5.0.202011040924/tools/bin/../lib/gcc/arm-none-eabi/7.3.1/../../../../arm-none-eabi/lib/thumb/v7-m\libc_nano.a(lib_a-exit.o)
                              c:/st/stm32cubeide_1.4.0/stm32cubeide/plugins/com.st.stm32cube.ide.mcu.externaltools.gnu-tools-for-stm32.7-2018-q2-update.win32_1.5.0.202011040924/tools/bin/../lib/gcc/arm-none-eabi/7.3.1/../../../../arm-none-eabi/lib/thumb/v7-m/crt0.o (exit)
c:/st/stm32cubeide_1.4.0/stm32cubeide/plugins/com.st.stm32cube.ide.mcu.externaltools.gnu-tools-for-stm32.7-2018-q2-update.win32_1.5.0.202011040924/tools/bin/../lib/gcc/arm-none-eabi/7.3.1/../../../../arm-none-eabi/lib/thumb/v7-m\libc_nano.a(lib_a-impure.o)
                              c:/st/stm32cubeide_1.4.0/stm32cubeide/plugins/com.st.stm32cube.ide.mcu.externaltools.gnu-tools-for-stm32.7-2018-q2-update.win32_1.5.0.202011040924/tools/bin/../lib/gcc/arm-none-eabi/7.3.1/../../../../arm-none-eabi/lib/thumb/v7-m\libc_nano.a(lib_a-exit.o) (_global_impure_ptr)
c:/st/stm32cubeide_1.4.0/stm32cubeide/plugins/com.st.stm32cube.ide.mcu.externaltools.gnu-tools-for-stm32.7-2018-q2-update.win32_1.5.0.202011040924/tools/bin/../lib/gcc/arm-none-eabi/7.3.1/../../../../arm-none-eabi/lib/thumb/v7-m\libc_nano.a(lib_a-init.o)
                              c:/st/stm32cubeide_1.4.0/stm32cubeide/plugins/com.st.stm32cube.ide.mcu.externaltools.gnu-tools-for-stm32.7-2018-q2-update.win32_1.5.0.202011040924/tools/bin/../lib/gcc/arm-none-eabi/7.3.1/../../../../arm-none-eabi/lib/thumb/v7-m/crt0.o (__libc_init_array)
c:/st/stm32cubeide_1.4.0/stm32cubeide/plugins/com.st.stm32cube.ide.mcu.externaltools.gnu-tools-for-stm32.7-2018-q2-update.win32_1.5.0.202011040924/tools/bin/../lib/gcc/arm-none-eabi/7.3.1/../../../../arm-none-eabi/lib/thumb/v7-m\libc_nano.a(lib_a-memcpy-stub.o)
                              Core/Src/main.o (memcpy)
c:/st/stm32cubeide_1.4.0/stm32cubeide/plugins/com.st.stm32cube.ide.mcu.externaltools.gnu-tools-for-stm32.7-2018-q2-update.win32_1.5.0.202011040924/tools/bin/../lib/gcc/arm-none-eabi/7.3.1/../../../../arm-none-eabi/lib/thumb/v7-m\libc_nano.a(lib_a-memmove.o)
                              FATFS/App/fatfs.o (memmove)
c:/st/stm32cubeide_1.4.0/stm32cubeide/plugins/com.st.stm32cube.ide.mcu.externaltools.gnu-tools-for-stm32.7-2018-q2-update.win32_1.5.0.202011040924/tools/bin/../lib/gcc/arm-none-eabi/7.3.1/../../../../arm-none-eabi/lib/thumb/v7-m\libc_nano.a(lib_a-memset.o)
                              c:/st/stm32cubeide_1.4.0/stm32cubeide/plugins/com.st.stm32cube.ide.mcu.externaltools.gnu-tools-for-stm32.7-2018-q2-update.win32_1.5.0.202011040924/tools/bin/../lib/gcc/arm-none-eabi/7.3.1/../../../../arm-none-eabi/lib/thumb/v7-m/crt0.o (memset)
c:/st/stm32cubeide_1.4.0/stm32cubeide/plugins/com.st.stm32cube.ide.mcu.externaltools.gnu-tools-for-stm32.7-2018-q2-update.win32_1.5.0.202011040924/tools/bin/../lib/gcc/arm-none-eabi/7.3.1/../../../../arm-none-eabi/lib/thumb/v7-m\libc_nano.a(lib_a-sprintf.o)
                              Core/Src/test.o (sprintf)
c:/st/stm32cubeide_1.4.0/stm32cubeide/plugins/com.st.stm32cube.ide.mcu.externaltools.gnu-tools-for-stm32.7-2018-q2-update.win32_1.5.0.202011040924/tools/bin/../lib/gcc/arm-none-eabi/7.3.1/../../../../arm-none-eabi/lib/thumb/v7-m\libc_nano.a(lib_a-sscanf.o)
                              FATFS/App/fatfs.o (sscanf)
c:/st/stm32cubeide_1.4.0/stm32cubeide/plugins/com.st.stm32cube.ide.mcu.externaltools.gnu-tools-for-stm32.7-2018-q2-update.win32_1.5.0.202011040924/tools/bin/../lib/gcc/arm-none-eabi/7.3.1/../../../../arm-none-eabi/lib/thumb/v7-m\libc_nano.a(lib_a-stdio.o)
                              c:/st/stm32cubeide_1.4.0/stm32cubeide/plugins/com.st.stm32cube.ide.mcu.externaltools.gnu-tools-for-stm32.7-2018-q2-update.win32_1.5.0.202011040924/tools/bin/../lib/gcc/arm-none-eabi/7.3.1/../../../../arm-none-eabi/lib/thumb/v7-m\libc_nano.a(lib_a-sscanf.o) (__seofread)
c:/st/stm32cubeide_1.4.0/stm32cubeide/plugins/com.st.stm32cube.ide.mcu.externaltools.gnu-tools-for-stm32.7-2018-q2-update.win32_1.5.0.202011040924/tools/bin/../lib/gcc/arm-none-eabi/7.3.1/../../../../arm-none-eabi/lib/thumb/v7-m\libc_nano.a(lib_a-strchr.o)
                              FATFS/App/fatfs.o (strchr)
c:/st/stm32cubeide_1.4.0/stm32cubeide/plugins/com.st.stm32cube.ide.mcu.externaltools.gnu-tools-for-stm32.7-2018-q2-update.win32_1.5.0.202011040924/tools/bin/../lib/gcc/arm-none-eabi/7.3.1/../../../../arm-none-eabi/lib/thumb/v7-m\libc_nano.a(lib_a-strcpy.o)
                              Core/Src/display.o (strcpy)
[...]
Memory Configuration

Name             Origin             Length             Attributes
RAM              0x0000000020000000 0x0000000000005000 xrw
FLASH            0x0000000008000000 0x0000000000010000 xr
*default*        0x0000000000000000 0xffffffffffffffff

Linker script and memory map

LOAD c:/st/stm32cubeide_1.4.0/stm32cubeide/plugins/com.st.stm32cube.ide.mcu.externaltools.gnu-tools-for-stm32.7-2018-q2-update.win32_1.5.0.202011040924/tools/bin/../lib/gcc/arm-none-eabi/7.3.1/thumb/v7-m/crti.o
LOAD c:/st/stm32cubeide_1.4.0/stm32cubeide/plugins/com.st.stm32cube.ide.mcu.externaltools.gnu-tools-for-stm32.7-2018-q2-update.win32_1.5.0.202011040924/tools/bin/../lib/gcc/arm-none-eabi/7.3.1/thumb/v7-m/crtbegin.o
LOAD c:/st/stm32cubeide_1.4.0/stm32cubeide/plugins/com.st.stm32cube.ide.mcu.externaltools.gnu-tools-for-stm32.7-2018-q2-update.win32_1.5.0.202011040924/tools/bin/../lib/gcc/arm-none-eabi/7.3.1/../../../../arm-none-eabi/lib/thumb/v7-m/crt0.o
LOAD Core/Src/crc.o
LOAD Core/Src/display.o
LOAD Core/Src/gpio.o
LOAD Core/Src/main.o
LOAD Core/Src/menu.o
LOAD Core/Src/spi.o
LOAD Core/Src/stm32f1xx_hal_msp.o
LOAD Core/Src/stm32f1xx_it.o
LOAD Core/Src/syscalls.o
LOAD Core/Src/sysmem.o
LOAD Core/Src/system_stm32f1xx.o
LOAD Core/Src/test.o
LOAD Core/Src/tim.o
LOAD Core/Startup/startup_stm32f103c8tx.o
LOAD Drivers/ST7735/st7735.o
LOAD Drivers/STM32F1xx_HAL_Driver/Src/stm32f1xx_hal.o
LOAD Drivers/STM32F1xx_HAL_Driver/Src/stm32f1xx_hal_cortex.o
LOAD Drivers/STM32F1xx_HAL_Driver/Src/stm32f1xx_hal_dma.o
LOAD Drivers/STM32F1xx_HAL_Driver/Src/stm32f1xx_hal_exti.o
LOAD Drivers/STM32F1xx_HAL_Driver/Src/stm32f1xx_hal_flash.o
LOAD Drivers/STM32F1xx_HAL_Driver/Src/stm32f1xx_hal_flash_ex.o
LOAD Drivers/STM32F1xx_HAL_Driver/Src/stm32f1xx_hal_gpio.o
LOAD Drivers/STM32F1xx_HAL_Driver/Src/stm32f1xx_hal_gpio_ex.o
LOAD Drivers/STM32F1xx_HAL_Driver/Src/stm32f1xx_hal_pwr.o
LOAD Drivers/STM32F1xx_HAL_Driver/Src/stm32f1xx_hal_rcc.o
LOAD Drivers/STM32F1xx_HAL_Driver/Src/stm32f1xx_hal_rcc_ex.o
LOAD Drivers/STM32F1xx_HAL_Driver/Src/stm32f1xx_hal_tim.o
LOAD Drivers/STM32F1xx_HAL_Driver/Src/stm32f1xx_hal_tim_ex.o
LOAD Drivers/STM32F1xx_HAL_Driver/Src/stm32f1xx_ll_crc.o
LOAD Drivers/STM32F1xx_HAL_Driver/Src/stm32f1xx_ll_dma.o
LOAD Drivers/STM32F1xx_HAL_Driver/Src/stm32f1xx_ll_exti.o
LOAD Drivers/STM32F1xx_HAL_Driver/Src/stm32f1xx_ll_gpio.o
LOAD Drivers/STM32F1xx_HAL_Driver/Src/stm32f1xx_ll_rcc.o
LOAD Drivers/STM32F1xx_HAL_Driver/Src/stm32f1xx_ll_spi.o
LOAD Drivers/STM32F1xx_HAL_Driver/Src/stm32f1xx_ll_tim.o
LOAD Drivers/STM32F1xx_HAL_Driver/Src/stm32f1xx_ll_utils.o
LOAD FATFS/App/fatfs.o
LOAD FATFS/Target/user_diskio.o
LOAD FATFS/Target/user_diskio_spi.o
LOAD Middlewares/Third_Party/FatFs/src/diskio.o
LOAD Middlewares/Third_Party/FatFs/src/ff.o
LOAD Middlewares/Third_Party/FatFs/src/ff_gen_drv.o
LOAD Middlewares/Third_Party/FatFs/src/option/syscall.o
START GROUP
LOAD c:/st/stm32cubeide_1.4.0/stm32cubeide/plugins/com.st.stm32cube.ide.mcu.externaltools.gnu-tools-for-stm32.7-2018-q2-update.win32_1.5.0.202011040924/tools/bin/../lib/gcc/arm-none-eabi/7.3.1/../../../../arm-none-eabi/lib/thumb/v7-m\libc_nano.a
LOAD c:/st/stm32cubeide_1.4.0/stm32cubeide/plugins/com.st.stm32cube.ide.mcu.externaltools.gnu-tools-for-stm32.7-2018-q2-update.win32_1.5.0.202011040924/tools/bin/../lib/gcc/arm-none-eabi/7.3.1/../../../../arm-none-eabi/lib/thumb/v7-m\libm.a
END GROUP
START GROUP
LOAD c:/st/stm32cubeide_1.4.0/stm32cubeide/plugins/com.st.stm32cube.ide.mcu.externaltools.gnu-tools-for-stm32.7-2018-q2-update.win32_1.5.0.202011040924/tools/bin/../lib/gcc/arm-none-eabi/7.3.1/thumb/v7-m\libgcc.a
LOAD c:/st/stm32cubeide_1.4.0/stm32cubeide/plugins/com.st.stm32cube.ide.mcu.externaltools.gnu-tools-for-stm32.7-2018-q2-update.win32_1.5.0.202011040924/tools/bin/../lib/gcc/arm-none-eabi/7.3.1/../../../../arm-none-eabi/lib/thumb/v7-m\libc_nano.a
END GROUP
START GROUP
LOAD c:/st/stm32cubeide_1.4.0/stm32cubeide/plugins/com.st.stm32cube.ide.mcu.externaltools.gnu-tools-for-stm32.7-2018-q2-update.win32_1.5.0.202011040924/tools/bin/../lib/gcc/arm-none-eabi/7.3.1/thumb/v7-m\libgcc.a
LOAD c:/st/stm32cubeide_1.4.0/stm32cubeide/plugins/com.st.stm32cube.ide.mcu.externaltools.gnu-tools-for-stm32.7-2018-q2-update.win32_1.5.0.202011040924/tools/bin/../lib/gcc/arm-none-eabi/7.3.1/../../../../arm-none-eabi/lib/thumb/v7-m\libc_nano.a
LOAD c:/st/stm32cubeide_1.4.0/stm32cubeide/plugins/com.st.stm32cube.ide.mcu.externaltools.gnu-tools-for-stm32.7-2018-q2-update.win32_1.5.0.202011040924/tools/bin/../lib/gcc/arm-none-eabi/7.3.1/../../../../arm-none-eabi/lib/thumb/v7-m\libnosys.a
END GROUP
START GROUP
LOAD c:/st/stm32cubeide_1.4.0/stm32cubeide/plugins/com.st.stm32cube.ide.mcu.externaltools.gnu-tools-for-stm32.7-2018-q2-update.win32_1.5.0.202011040924/tools/bin/../lib/gcc/arm-none-eabi/7.3.1/thumb/v7-m\libgcc.a
LOAD c:/st/stm32cubeide_1.4.0/stm32cubeide/plugins/com.st.stm32cube.ide.mcu.externaltools.gnu-tools-for-stm32.7-2018-q2-update.win32_1.5.0.202011040924/tools/bin/../lib/gcc/arm-none-eabi/7.3.1/../../../../arm-none-eabi/lib/thumb/v7-m\libc_nano.a
LOAD c:/st/stm32cubeide_1.4.0/stm32cubeide/plugins/com.st.stm32cube.ide.mcu.externaltools.gnu-tools-for-stm32.7-2018-q2-update.win32_1.5.0.202011040924/tools/bin/../lib/gcc/arm-none-eabi/7.3.1/../../../../arm-none-eabi/lib/thumb/v7-m\libnosys.a
END GROUP
LOAD c:/st/stm32cubeide_1.4.0/stm32cubeide/plugins/com.st.stm32cube.ide.mcu.externaltools.gnu-tools-for-stm32.7-2018-q2-update.win32_1.5.0.202011040924/tools/bin/../lib/gcc/arm-none-eabi/7.3.1/thumb/v7-m/crtend.o
LOAD c:/st/stm32cubeide_1.4.0/stm32cubeide/plugins/com.st.stm32cube.ide.mcu.externaltools.gnu-tools-for-stm32.7-2018-q2-update.win32_1.5.0.202011040924/tools/bin/../lib/gcc/arm-none-eabi/7.3.1/thumb/v7-m/crtn.o
                0x0000000020005000                _estack = (ORIGIN (RAM) + LENGTH (RAM))
                0x0000000000000200                _Min_Heap_Size = 0x200
                0x0000000000000400                _Min_Stack_Size = 0x400

.isr_vector     0x0000000008000000      0x10c
                0x0000000008000000                . = ALIGN (0x4)
 *(.isr_vector)
 .isr_vector    0x0000000008000000      0x10c Core/Startup/startup_stm32f103c8tx.o
                0x0000000008000000                g_pfnVectors
                0x000000000800010c                . = ALIGN (0x4)

.text           0x000000000800010c     0x983c
                0x000000000800010c                . = ALIGN (0x4)
 *(.text)
 .text          0x000000000800010c       0x40 c:/st/stm32cubeide_1.4.0/stm32cubeide/plugins/com.st.stm32cube.ide.mcu.externaltools.gnu-tools-for-stm32.7-2018-q2-update.win32_1.5.0.202011040924/tools/bin/../lib/gcc/arm-none-eabi/7.3.1/thumb/v7-m/crtbegin.o
 .text          0x000000000800014c       0x10 c:/st/stm32cubeide_1.4.0/stm32cubeide/plugins/com.st.stm32cube.ide.mcu.externaltools.gnu-tools-for-stm32.7-2018-q2-update.win32_1.5.0.202011040924/tools/bin/../lib/gcc/arm-none-eabi/7.3.1/../../../../arm-none-eabi/lib/thumb/v7-m\libc_nano.a(lib_a-strlen.o)
                0x000000000800014c                strlen
 *(.text*)
 .text.LL_AHB1_GRP1_EnableClock
                0x000000000800015c       0x30 Core/Src/crc.o
 .text.MX_CRC_Init
                0x000000000800018c        0xe Core/Src/crc.o
                0x000000000800018c                MX_CRC_Init
 .text.Display  0x000000000800019a       0x40 Core/Src/display.o
                0x000000000800019a                Display
 *fill*         0x00000000080001da        0x2 
 .text.DisplayMenu
                0x00000000080001dc       0xe8 Core/Src/display.o
                0x00000000080001dc                DisplayMenu
 .text.DisplayWait
                0x00000000080002c4      0x134 Core/Src/display.o
                0x00000000080002c4                DisplayWait
 .text.DisplayTest
                0x00000000080003f8       0x7c Core/Src/display.o
                0x00000000080003f8                DisplayTest
 .text.LL_APB2_GRP1_EnableClock
                0x0000000008000474       0x30 Core/Src/gpio.o
 .text.LL_GPIO_SetOutputPin
                0x00000000080004a4       0x1e Core/Src/gpio.o
 .text.LL_GPIO_ResetOutputPin
                0x00000000080004c2       0x1e Core/Src/gpio.o
 .text.MX_GPIO_Init
                0x00000000080004e0      0x130 Core/Src/gpio.o
                0x00000000080004e0                MX_GPIO_Init
 .text.Init_Output_Input_Alter
                0x0000000008000610       0x54 Core/Src/gpio.o
                0x0000000008000610                Init_Output_Input_Alter
 .text.Init_Output_Input_GPIO
                0x0000000008000664       0x5c Core/Src/gpio.o
                0x0000000008000664                Init_Output_Input_GPIO
 .text.GPIO_WriteBit
                0x00000000080006c0       0x2e Core/Src/gpio.o
                0x00000000080006c0                GPIO_WriteBit
 *fill*         0x00000000080006ee        0x2 
 .text.LL_RCC_HSE_Enable
                0x00000000080006f0       0x1c Core/Src/main.o
 .text.LL_RCC_HSE_IsReady
                0x000000000800070c       0x24 Core/Src/main.o
 .text.LL_RCC_SetSysClkSource
                0x0000000008000730       0x28 Core/Src/main.o
 .text.LL_RCC_GetSysClkSource
                0x0000000008000758       0x18 Core/Src/main.o
 .text.LL_RCC_SetAHBPrescaler
                0x0000000008000770       0x28 Core/Src/main.o
 .text.LL_RCC_SetAPB1Prescaler
                0x0000000008000798       0x28 Core/Src/main.o
 .text.LL_RCC_SetAPB2Prescaler
                0x00000000080007c0       0x28 Core/Src/main.o
 .text.LL_RCC_PLL_Enable
                0x00000000080007e8       0x1c Core/Src/main.o
 .text.LL_RCC_PLL_IsReady
                0x0000000008000804       0x24 Core/Src/main.o
 .text.LL_RCC_PLL_ConfigDomain_SYS
                0x0000000008000828       0x30 Core/Src/main.o
 .text.LL_FLASH_SetLatency
                0x0000000008000858       0x28 Core/Src/main.o
 .text.LL_FLASH_GetLatency
                0x0000000008000880       0x18 Core/Src/main.o
 .text.LL_SPI_Enable
                0x0000000008000898       0x1e Core/Src/main.o
 .text.LL_TIM_EnableCounter
                0x00000000080008b6       0x1e Core/Src/main.o
 .text.LL_TIM_CC_EnableChannel
                0x00000000080008d4       0x20 Core/Src/main.o
 .text.main     0x00000000080008f4      0x2b4 Core/Src/main.o
                0x00000000080008f4                main
 .text.SystemClock_Config
                0x0000000008000ba8       0x88 Core/Src/main.o
                0x0000000008000ba8                SystemClock_Config
 .text.Error_Handler
                0x0000000008000c30        0x8 Core/Src/main.o
                0x0000000008000c30                Error_Handler
 .text.assert_failed
                0x0000000008000c38       0x14 Core/Src/main.o
                0x0000000008000c38                assert_failed
 .text.LL_TIM_GetCounter
                0x0000000008000c4c       0x16 Core/Src/menu.o
 .text.LL_GPIO_IsInputPinSet
                0x0000000008000c62       0x2c Core/Src/menu.o
 *fill*         0x0000000008000c8e        0x2 
 .text.Menu     0x0000000008000c90      0x184 Core/Src/menu.o
                0x0000000008000c90                Menu
 .text.Wait     0x0000000008000e14       0xc8 Core/Src/menu.o
                0x0000000008000e14                Wait
 .text.ReadKeyPad
                0x0000000008000edc      0x110 Core/Src/menu.o
                0x0000000008000edc                ReadKeyPad
 .text.StepUP   0x0000000008000fec       0x3c Core/Src/menu.o
                0x0000000008000fec                StepUP
 .text.StepDOWN
                0x0000000008001028       0x3c Core/Src/menu.o
                0x0000000008001028                StepDOWN
 .text.Keyboard_handler
                0x0000000008001064       0x84 Core/Src/menu.o
                0x0000000008001064                Keyboard_handler
 .text.LL_APB2_GRP1_EnableClock
                0x00000000080010e8       0x30 Core/Src/spi.o
 .text.LL_SPI_IsActiveFlag_RXNE
                0x0000000008001118       0x24 Core/Src/spi.o
 .text.LL_SPI_IsActiveFlag_TXE
                0x000000000800113c       0x24 Core/Src/spi.o
 .text.LL_SPI_ReceiveData8
                0x0000000008001160       0x18 Core/Src/spi.o
 .text.LL_SPI_TransmitData8
                0x0000000008001178       0x22 Core/Src/spi.o
 *fill*         0x000000000800119a        0x2 
 .text.MX_SPI1_Init
                0x000000000800119c       0xa8 Core/Src/spi.o
                0x000000000800119c                MX_SPI1_Init
 .text.LL_SPI_TransmitReceive
                0x0000000008001244       0x42 Core/Src/spi.o
                0x0000000008001244                LL_SPI_TransmitReceive
 *fill*         0x0000000008001286        0x2 
 .text.HAL_MspInit
                0x0000000008001288       0x64 Core/Src/stm32f1xx_hal_msp.o
                0x0000000008001288                HAL_MspInit
 .text.LL_TIM_DisableCounter
                0x00000000080012ec       0x1e Core/Src/stm32f1xx_it.o
 .text.LL_TIM_SetCounter
                0x000000000800130a       0x1a Core/Src/stm32f1xx_it.o
 .text.LL_TIM_OC_GetCompareCH2
                0x0000000008001324       0x16 Core/Src/stm32f1xx_it.o
 .text.LL_TIM_ClearFlag_UPDATE
                0x000000000800133a       0x1a Core/Src/stm32f1xx_it.o
 .text.LL_TIM_IsActiveFlag_UPDATE
                0x0000000008001354       0x24 Core/Src/stm32f1xx_it.o
 .text.LL_TIM_ClearFlag_CC1
                0x0000000008001378       0x1a Core/Src/stm32f1xx_it.o
 .text.LL_TIM_IsActiveFlag_CC1
                0x0000000008001392       0x24 Core/Src/stm32f1xx_it.o
 .text.NMI_Handler
                0x00000000080013b6        0x6 Core/Src/stm32f1xx_it.o
                0x00000000080013b6                NMI_Handler
 .text.HardFault_Handler
                0x00000000080013bc        0x6 Core/Src/stm32f1xx_it.o
                0x00000000080013bc                HardFault_Handler
 .text.MemManage_Handler
                0x00000000080013c2        0x6 Core/Src/stm32f1xx_it.o
                0x00000000080013c2                MemManage_Handler
 .text.BusFault_Handler
                0x00000000080013c8        0x6 Core/Src/stm32f1xx_it.o
                0x00000000080013c8                BusFault_Handler
 .text.UsageFault_Handler
                0x00000000080013ce        0x6 Core/Src/stm32f1xx_it.o
                0x00000000080013ce                UsageFault_Handler
 .text.SVC_Handler
                0x00000000080013d4        0xc Core/Src/stm32f1xx_it.o
                0x00000000080013d4                SVC_Handler
 .text.DebugMon_Handler
                0x00000000080013e0        0xc Core/Src/stm32f1xx_it.o
                0x00000000080013e0                DebugMon_Handler
 .text.PendSV_Handler
                0x00000000080013ec        0xc Core/Src/stm32f1xx_it.o
                0x00000000080013ec                PendSV_Handler
 .text.SysTick_Handler
                0x00000000080013f8       0x10 Core/Src/stm32f1xx_it.o
                0x00000000080013f8                SysTick_Handler
 .text.TIM1_TRG_COM_IRQHandler
                0x0000000008001408       0x20 Core/Src/stm32f1xx_it.o
                0x0000000008001408                TIM1_TRG_COM_IRQHandler
 .text.TIM2_IRQHandler
                0x0000000008001428       0x50 Core/Src/stm32f1xx_it.o
                0x0000000008001428                TIM2_IRQHandler
 .text.TIM4_IRQHandler
                0x0000000008001478       0x20 Core/Src/stm32f1xx_it.o
                0x0000000008001478                TIM4_IRQHandler
 .text.timer_1ms
                0x0000000008001498       0x3c Core/Src/stm32f1xx_it.o
                0x0000000008001498                timer_1ms
 .text.Flags_1ms
                0x00000000080014d4       0x40 Core/Src/stm32f1xx_it.o
                0x00000000080014d4                Flags_1ms
 .text.Flags_10msec
                0x0000000008001514       0x5c Core/Src/stm32f1xx_it.o
                0x0000000008001514                Flags_10msec
 .text.Flags_100ms
                0x0000000008001570       0xb0 Core/Src/stm32f1xx_it.o
                0x0000000008001570                Flags_100ms
 .text.Flags_1s
                0x0000000008001620       0x5c Core/Src/stm32f1xx_it.o
                0x0000000008001620                Flags_1s
 .text._sbrk    0x000000000800167c       0x6c Core/Src/sysmem.o
                0x000000000800167c                _sbrk
 .text.SystemInit
                0x00000000080016e8        0xc Core/Src/system_stm32f1xx.o
                0x00000000080016e8                SystemInit
 .text.LL_TIM_EnableCounter
                0x00000000080016f4       0x1e Core/Src/test.o
 .text.LL_TIM_DisableCounter
                0x0000000008001712       0x1e Core/Src/test.o
 .text.LL_TIM_SetAutoReload
                0x0000000008001730       0x1a Core/Src/test.o
 .text.LL_TIM_ClearFlag_UPDATE
                0x000000000800174a       0x1a Core/Src/test.o
 .text.LL_TIM_IsActiveFlag_UPDATE
                0x0000000008001764       0x24 Core/Src/test.o
 .text.LL_TIM_EnableIT_CC1
                0x0000000008001788       0x1e Core/Src/test.o
 .text.LL_TIM_DisableIT_CC1
                0x00000000080017a6       0x1e Core/Src/test.o
 .text.LL_GPIO_IsInputPinSet
                0x00000000080017c4       0x2c Core/Src/test.o
 .text.Test     0x00000000080017f0      0x100 Core/Src/test.o
                0x00000000080017f0                Test
 .text.TestProsed
                0x00000000080018f0      0x390 Core/Src/test.o
                0x00000000080018f0                TestProsed
 .text.DrawTable
                0x0000000008001c80      0x304 Core/Src/test.o
                0x0000000008001c80                DrawTable
 .text.CheckConnect
                0x0000000008001f84       0xcc Core/Src/test.o
                0x0000000008001f84                CheckConnect
 .text.Sound    0x0000000008002050       0x40 Core/Src/test.o
                0x0000000008002050                Sound
 .text.MuxSetIN_Addr
                0x0000000008002090       0x64 Core/Src/test.o
                0x0000000008002090                MuxSetIN_Addr
 .text.MuxSetOUT_Addr
                0x00000000080020f4       0x64 Core/Src/test.o
                0x00000000080020f4                MuxSetOUT_Addr
 .text.__NVIC_GetPriorityGrouping
                0x0000000008002158       0x1c Core/Src/tim.o
 .text.__NVIC_EnableIRQ
                0x0000000008002174       0x38 Core/Src/tim.o
 .text.__NVIC_SetPriority
                0x00000000080021ac       0x54 Core/Src/tim.o
 .text.NVIC_EncodePriority
                0x0000000008002200       0x64 Core/Src/tim.o
 .text.LL_APB1_GRP1_EnableClock
                0x0000000008002264       0x30 Core/Src/tim.o
 .text.LL_APB2_GRP1_EnableClock
                0x0000000008002294       0x30 Core/Src/tim.o
 .text.LL_TIM_SetOnePulseMode
                0x00000000080022c4       0x24 Core/Src/tim.o
 .text.LL_TIM_EnableARRPreload
                0x00000000080022e8       0x1e Core/Src/tim.o
 .text.LL_TIM_DisableARRPreload
                0x0000000008002306       0x1e Core/Src/tim.o
 .text.LL_TIM_OC_DisableFast
                0x0000000008002324       0x88 Core/Src/tim.o
 .text.LL_TIM_OC_EnablePreload
                0x00000000080023ac       0x88 Core/Src/tim.o
 .text.LL_TIM_OC_DisablePreload
                0x0000000008002434       0x88 Core/Src/tim.o
 .text.LL_TIM_IC_SetActiveInput
                0x00000000080024bc       0x98 Core/Src/tim.o
 .text.LL_TIM_IC_SetPrescaler
                0x0000000008002554       0x98 Core/Src/tim.o
 .text.LL_TIM_IC_SetFilter
                0x00000000080025ec       0x98 Core/Src/tim.o
 .text.LL_TIM_IC_SetPolarity
                0x0000000008002684       0x84 Core/Src/tim.o
 .text.LL_TIM_SetTriggerOutput
                0x0000000008002708       0x24 Core/Src/tim.o
 .text.LL_TIM_SetSlaveMode
                0x000000000800272c       0x24 Core/Src/tim.o
 .text.LL_TIM_SetTriggerInput
                0x0000000008002750       0x24 Core/Src/tim.o
 .text.LL_TIM_EnableMasterSlaveMode
                0x0000000008002774       0x1e Core/Src/tim.o
 .text.LL_TIM_DisableMasterSlaveMode
                0x0000000008002792       0x1e Core/Src/tim.o
 .text.LL_TIM_DisableIT_TRIG
                0x00000000080027b0       0x1e Core/Src/tim.o
 .text.LL_TIM_DisableDMAReq_TRIG
                0x00000000080027ce       0x1e Core/Src/tim.o
 .text.LL_GPIO_AF_RemapPartial_TIM3
                0x00000000080027ec       0x28 Core/Src/tim.o
 .text.MX_TIM1_Init
                0x0000000008002814      0x160 Core/Src/tim.o
                0x0000000008002814                MX_TIM1_Init
 .text.MX_TIM2_Init
                0x0000000008002974       0xdc Core/Src/tim.o
                0x0000000008002974                MX_TIM2_Init
 .text.MX_TIM3_Init
                0x0000000008002a50       0xcc Core/Src/tim.o
                0x0000000008002a50                MX_TIM3_Init
 .text.MX_TIM4_Init
                0x0000000008002b1c       0xfc Core/Src/tim.o
                0x0000000008002b1c                MX_TIM4_Init
 .text.Reset_Handler
                0x0000000008002c18       0x48 Core/Startup/startup_stm32f103c8tx.o
                0x0000000008002c18                Reset_Handler
 .text.Default_Handler
                0x0000000008002c60        0x2 Core/Startup/startup_stm32f103c8tx.o
                0x0000000008002c60                RTC_Alarm_IRQHandler
                0x0000000008002c60                EXTI2_IRQHandler
                0x0000000008002c60                TIM1_CC_IRQHandler
                0x0000000008002c60                PVD_IRQHandler
                0x0000000008002c60                EXTI3_IRQHandler
                0x0000000008002c60                EXTI0_IRQHandler
                0x0000000008002c60                I2C2_EV_IRQHandler
                0x0000000008002c60                ADC1_2_IRQHandler
                0x0000000008002c60                SPI1_IRQHandler
                0x0000000008002c60                TAMPER_IRQHandler
                0x0000000008002c60                DMA1_Channel4_IRQHandler
                0x0000000008002c60                USART3_IRQHandler
                0x0000000008002c60                RTC_IRQHandler
                0x0000000008002c60                DMA1_Channel7_IRQHandler
                0x0000000008002c60                CAN1_RX1_IRQHandler
                0x0000000008002c60                I2C1_EV_IRQHandler
                0x0000000008002c60                DMA1_Channel6_IRQHandler
                0x0000000008002c60                TIM3_IRQHandler
                0x0000000008002c60                RCC_IRQHandler
                0x0000000008002c60                DMA1_Channel1_IRQHandler
                0x0000000008002c60                Default_Handler
                0x0000000008002c60                EXTI15_10_IRQHandler
                0x0000000008002c60                EXTI9_5_IRQHandler
                0x0000000008002c60                SPI2_IRQHandler
                0x0000000008002c60                DMA1_Channel5_IRQHandler
                0x0000000008002c60                EXTI4_IRQHandler
                0x0000000008002c60                USB_LP_CAN1_RX0_IRQHandler
                0x0000000008002c60                USB_HP_CAN1_TX_IRQHandler
                0x0000000008002c60                DMA1_Channel3_IRQHandler
                0x0000000008002c60                TIM1_UP_IRQHandler
                0x0000000008002c60                WWDG_IRQHandler
                0x0000000008002c60                TIM1_BRK_IRQHandler
                0x0000000008002c60                EXTI1_IRQHandler
                0x0000000008002c60                USART2_IRQHandler
                0x0000000008002c60                I2C2_ER_IRQHandler
                0x0000000008002c60                DMA1_Channel2_IRQHandler
                0x0000000008002c60                CAN1_SCE_IRQHandler
                0x0000000008002c60                FLASH_IRQHandler
                0x0000000008002c60                USART1_IRQHandler
                0x0000000008002c60                I2C1_ER_IRQHandler
                0x0000000008002c60                USBWakeUp_IRQHandler
 *fill*         0x0000000008002c62        0x2 
 .text.ST7735_write
                0x0000000008002c64       0x38 Drivers/ST7735/st7735.o
                0x0000000008002c64                ST7735_write
 .text.ST7735_SendData
                0x0000000008002c9c       0x28 Drivers/ST7735/st7735.o
                0x0000000008002c9c                ST7735_SendData
 .text.ST7735_SendCmd
                0x0000000008002cc4       0x28 Drivers/ST7735/st7735.o
                0x0000000008002cc4                ST7735_SendCmd
 .text.HAL_ST7735_Init
                0x0000000008002cec      0x284 Drivers/ST7735/st7735.o
                0x0000000008002cec                HAL_ST7735_Init
 .text.ST7735_AddrSet
                0x0000000008002f70       0x90 Drivers/ST7735/st7735.o
                0x0000000008002f70                ST7735_AddrSet
 .text.ST7735_Clear
                0x0000000008003000       0x5c Drivers/ST7735/st7735.o
                0x0000000008003000                ST7735_Clear
 .text.ST7735_DrawHLine
                0x000000000800305c       0x84 Drivers/ST7735/st7735.o
                0x000000000800305c                ST7735_DrawHLine
 .text.ST7735_DrawVLine
                0x00000000080030e0       0x84 Drivers/ST7735/st7735.o
                0x00000000080030e0                ST7735_DrawVLine
 .text.ST7735_DrawChar
                0x0000000008003164      0x11c Drivers/ST7735/st7735.o
                0x0000000008003164                ST7735_DrawChar
 .text.ST7735_DrawString
                0x0000000008003280       0x5e Drivers/ST7735/st7735.o
                0x0000000008003280                ST7735_DrawString
 *fill*         0x00000000080032de        0x2 
 .text.ST7735_DrawChar7x11
                0x00000000080032e0      0x128 Drivers/ST7735/st7735.o
                0x00000000080032e0                ST7735_DrawChar7x11
 .text.ST7735_DrawString7x11
                0x0000000008003408       0x58 Drivers/ST7735/st7735.o
                0x0000000008003408                ST7735_DrawString7x11
 .text.ST7735_DrawNString7x11
                0x0000000008003460       0x6c Drivers/ST7735/st7735.o
                0x0000000008003460                ST7735_DrawNString7x11
 .text.ST7735_DrawRectangle
                0x00000000080034cc       0x7e Drivers/ST7735/st7735.o
                0x00000000080034cc                ST7735_DrawRectangle
 *fill*         0x000000000800354a        0x2 
 .text.ST7735_ListBox_Draw
                0x000000000800354c      0x164 Drivers/ST7735/st7735.o
                0x000000000800354c                ST7735_ListBox_Draw
 .text.ST7735_ListBox_StructInit
                0x00000000080036b0       0x56 Drivers/ST7735/st7735.o
                0x00000000080036b0                ST7735_ListBox_StructInit
 *fill*         0x0000000008003706        0x2 
 .text.HAL_Init
                0x0000000008003708       0x2c Drivers/STM32F1xx_HAL_Driver/Src/stm32f1xx_hal.o
                0x0000000008003708                HAL_Init
 .text.HAL_InitTick
                0x0000000008003734       0x60 Drivers/STM32F1xx_HAL_Driver/Src/stm32f1xx_hal.o
                0x0000000008003734                HAL_InitTick
 .text.HAL_IncTick
                0x0000000008003794       0x24 Drivers/STM32F1xx_HAL_Driver/Src/stm32f1xx_hal.o
                0x0000000008003794                HAL_IncTick
 .text.HAL_GetTick
                0x00000000080037b8       0x14 Drivers/STM32F1xx_HAL_Driver/Src/stm32f1xx_hal.o
                0x00000000080037b8                HAL_GetTick
 .text.HAL_Delay
                0x00000000080037cc       0x44 Drivers/STM32F1xx_HAL_Driver/Src/stm32f1xx_hal.o
                0x00000000080037cc                HAL_Delay
 .text.__NVIC_SetPriorityGrouping
                0x0000000008003810       0x48 Drivers/STM32F1xx_HAL_Driver/Src/stm32f1xx_hal_cortex.o
 .text.__NVIC_GetPriorityGrouping
                0x0000000008003858       0x1c Drivers/STM32F1xx_HAL_Driver/Src/stm32f1xx_hal_cortex.o
 .text.__NVIC_SetPriority
                0x0000000008003874       0x54 Drivers/STM32F1xx_HAL_Driver/Src/stm32f1xx_hal_cortex.o
 .text.NVIC_EncodePriority
                0x00000000080038c8       0x64 Drivers/STM32F1xx_HAL_Driver/Src/stm32f1xx_hal_cortex.o
 .text.SysTick_Config
                0x000000000800392c       0x44 Drivers/STM32F1xx_HAL_Driver/Src/stm32f1xx_hal_cortex.o
 .text.HAL_NVIC_SetPriorityGrouping
                0x0000000008003970       0x40 Drivers/STM32F1xx_HAL_Driver/Src/stm32f1xx_hal_cortex.o
                0x0000000008003970                HAL_NVIC_SetPriorityGrouping
 .text.HAL_NVIC_SetPriority
                0x00000000080039b0       0x58 Drivers/STM32F1xx_HAL_Driver/Src/stm32f1xx_hal_cortex.o
                0x00000000080039b0                HAL_NVIC_SetPriority
 .text.HAL_SYSTICK_Config
                0x0000000008003a08       0x18 Drivers/STM32F1xx_HAL_Driver/Src/stm32f1xx_hal_cortex.o
                0x0000000008003a08                HAL_SYSTICK_Config
 .text.HAL_GPIO_WritePin
                0x0000000008003a20       0x64 Drivers/STM32F1xx_HAL_Driver/Src/stm32f1xx_hal_gpio.o
                0x0000000008003a20                HAL_GPIO_WritePin
 .text.LL_GPIO_SetPinMode
                0x0000000008003a84       0x64 Drivers/STM32F1xx_HAL_Driver/Src/stm32f1xx_ll_gpio.o
 .text.LL_GPIO_SetPinSpeed
                0x0000000008003ae8       0x64 Drivers/STM32F1xx_HAL_Driver/Src/stm32f1xx_ll_gpio.o
 .text.LL_GPIO_SetPinOutputType
                0x0000000008003b4c       0x64 Drivers/STM32F1xx_HAL_Driver/Src/stm32f1xx_ll_gpio.o
 .text.LL_GPIO_SetPinPull
                0x0000000008003bb0       0x44 Drivers/STM32F1xx_HAL_Driver/Src/stm32f1xx_ll_gpio.o
 .text.LL_GPIO_Init
                0x0000000008003bf4      0x1b0 Drivers/STM32F1xx_HAL_Driver/Src/stm32f1xx_ll_gpio.o
                0x0000000008003bf4                LL_GPIO_Init
 .text.LL_SPI_IsEnabled
                0x0000000008003da4       0x24 Drivers/STM32F1xx_HAL_Driver/Src/stm32f1xx_ll_spi.o
 .text.LL_SPI_SetCRCPolynomial
                0x0000000008003dc8       0x1e Drivers/STM32F1xx_HAL_Driver/Src/stm32f1xx_ll_spi.o
 *fill*         0x0000000008003de6        0x2 
 .text.LL_SPI_Init
                0x0000000008003de8      0x1fc Drivers/STM32F1xx_HAL_Driver/Src/stm32f1xx_ll_spi.o
                0x0000000008003de8                LL_SPI_Init
 .text.LL_TIM_SetPrescaler
                0x0000000008003fe4       0x1a Drivers/STM32F1xx_HAL_Driver/Src/stm32f1xx_ll_tim.o
 .text.LL_TIM_SetAutoReload
                0x0000000008003ffe       0x1a Drivers/STM32F1xx_HAL_Driver/Src/stm32f1xx_ll_tim.o
 .text.LL_TIM_SetRepetitionCounter
                0x0000000008004018       0x1a Drivers/STM32F1xx_HAL_Driver/Src/stm32f1xx_ll_tim.o
 .text.LL_TIM_OC_SetCompareCH1
                0x0000000008004032       0x1a Drivers/STM32F1xx_HAL_Driver/Src/stm32f1xx_ll_tim.o
 .text.LL_TIM_OC_SetCompareCH2
                0x000000000800404c       0x1a Drivers/STM32F1xx_HAL_Driver/Src/stm32f1xx_ll_tim.o
 .text.LL_TIM_OC_SetCompareCH3
                0x0000000008004066       0x1a Drivers/STM32F1xx_HAL_Driver/Src/stm32f1xx_ll_tim.o
 .text.LL_TIM_OC_SetCompareCH4
                0x0000000008004080       0x1a Drivers/STM32F1xx_HAL_Driver/Src/stm32f1xx_ll_tim.o
 .text.LL_TIM_GenerateEvent_UPDATE
                0x000000000800409a       0x1e Drivers/STM32F1xx_HAL_Driver/Src/stm32f1xx_ll_tim.o
 .text.LL_TIM_Init
                0x00000000080040b8      0x140 Drivers/STM32F1xx_HAL_Driver/Src/stm32f1xx_ll_tim.o
                0x00000000080040b8                LL_TIM_Init
 .text.LL_TIM_OC_Init
                0x00000000080041f8       0x70 Drivers/STM32F1xx_HAL_Driver/Src/stm32f1xx_ll_tim.o
                0x00000000080041f8                LL_TIM_OC_Init
 .text.LL_TIM_BDTR_Init
                0x0000000008004268      0x164 Drivers/STM32F1xx_HAL_Driver/Src/stm32f1xx_ll_tim.o
                0x0000000008004268                LL_TIM_BDTR_Init
 .text.OC1Config
                0x00000000080043cc      0x1ec Drivers/STM32F1xx_HAL_Driver/Src/stm32f1xx_ll_tim.o
 .text.OC2Config
                0x00000000080045b8      0x1f4 Drivers/STM32F1xx_HAL_Driver/Src/stm32f1xx_ll_tim.o
 .text.OC3Config
                0x00000000080047ac      0x1f4 Drivers/STM32F1xx_HAL_Driver/Src/stm32f1xx_ll_tim.o
 .text.OC4Config
                0x00000000080049a0      0x1c4 Drivers/STM32F1xx_HAL_Driver/Src/stm32f1xx_ll_tim.o
 .text.LL_SetSystemCoreClock
                0x0000000008004b64       0x1c Drivers/STM32F1xx_HAL_Driver/Src/stm32f1xx_ll_utils.o
                0x0000000008004b64                LL_SetSystemCoreClock
 .text.MX_FATFS_Init
                0x0000000008004b80       0x24 FATFS/App/fatfs.o
                0x0000000008004b80                MX_FATFS_Init
 .text.get_fattime
                0x0000000008004ba4        0xe FATFS/App/fatfs.o
                0x0000000008004ba4                get_fattime
 *fill*         0x0000000008004bb2        0x2 
 .text.FS_GetFileList
                0x0000000008004bb4      0x158 FATFS/App/fatfs.o
                0x0000000008004bb4                FS_GetFileList
 .text.FS_ReadFile
                0x0000000008004d0c      0x478 FATFS/App/fatfs.o
                0x0000000008004d0c                FS_ReadFile
 .text.USER_initialize
                0x0000000008005184       0x1c FATFS/Target/user_diskio.o
                0x0000000008005184                USER_initialize
 .text.USER_status
                0x00000000080051a0       0x1c FATFS/Target/user_diskio.o
                0x00000000080051a0                USER_status
 .text.USER_read
                0x00000000080051bc       0x26 FATFS/Target/user_diskio.o
                0x00000000080051bc                USER_read
 .text.USER_write
                0x00000000080051e2       0x26 FATFS/Target/user_diskio.o
                0x00000000080051e2                USER_write
 .text.USER_ioctl
                0x0000000008005208       0x26 FATFS/Target/user_diskio.o
                0x0000000008005208                USER_ioctl
 .text.LL_SPI_SetBaudRatePrescaler
                0x000000000800522e       0x24 FATFS/Target/user_diskio_spi.o
 .text.LL_GPIO_SetOutputPin
                0x0000000008005252       0x1e FATFS/Target/user_diskio_spi.o
 .text.LL_GPIO_ResetOutputPin
                0x0000000008005270       0x1e FATFS/Target/user_diskio_spi.o
 *fill*         0x000000000800528e        0x2 
 .text.SPI_Timer_On
                0x0000000008005290       0x28 FATFS/Target/user_diskio_spi.o
                0x0000000008005290                SPI_Timer_On
 .text.SPI_Timer_Status
                0x00000000080052b8       0x2c FATFS/Target/user_diskio_spi.o
                0x00000000080052b8                SPI_Timer_Status
 .text.xchg_spi
                0x00000000080052e4       0x28 FATFS/Target/user_diskio_spi.o
 .text.rcvr_spi_multi
                0x000000000800530c       0x36 FATFS/Target/user_diskio_spi.o
 .text.xmit_spi_multi
                0x0000000008005342       0x34 FATFS/Target/user_diskio_spi.o
 .text.wait_ready
                0x0000000008005376       0x46 FATFS/Target/user_diskio_spi.o
 .text.despiselect
                0x00000000080053bc       0x1c FATFS/Target/user_diskio_spi.o
 .text.spiselect
                0x00000000080053d8       0x34 FATFS/Target/user_diskio_spi.o
 .text.rcvr_datablock
                0x000000000800540c       0x52 FATFS/Target/user_diskio_spi.o
 .text.xmit_datablock
                0x000000000800545e       0x64 FATFS/Target/user_diskio_spi.o
 .text.send_cmd
                0x00000000080054c2       0xde FATFS/Target/user_diskio_spi.o
 .text.USER_SPI_initialize
                0x00000000080055a0      0x1c0 FATFS/Target/user_diskio_spi.o
                0x00000000080055a0                USER_SPI_initialize
 .text.USER_SPI_status
                0x0000000008005760       0x28 FATFS/Target/user_diskio_spi.o
                0x0000000008005760                USER_SPI_status
 .text.USER_SPI_read
                0x0000000008005788       0xcc FATFS/Target/user_diskio_spi.o
                0x0000000008005788                USER_SPI_read
 .text.USER_SPI_write
                0x0000000008005854       0xf8 FATFS/Target/user_diskio_spi.o
                0x0000000008005854                USER_SPI_write
 .text.USER_SPI_ioctl
                0x000000000800594c      0x2e0 FATFS/Target/user_diskio_spi.o
                0x000000000800594c                USER_SPI_ioctl
 .text.disk_status
                0x0000000008005c2c       0x34 Middlewares/Third_Party/FatFs/src/diskio.o
                0x0000000008005c2c                disk_status
 .text.disk_initialize
                0x0000000008005c60       0x4c Middlewares/Third_Party/FatFs/src/diskio.o
                0x0000000008005c60                disk_initialize
 .text.disk_read
                0x0000000008005cac       0x40 Middlewares/Third_Party/FatFs/src/diskio.o
                0x0000000008005cac                disk_read
 .text.disk_write
                0x0000000008005cec       0x40 Middlewares/Third_Party/FatFs/src/diskio.o
                0x0000000008005cec                disk_write
 .text.disk_ioctl
                0x0000000008005d2c       0x3c Middlewares/Third_Party/FatFs/src/diskio.o
                0x0000000008005d2c                disk_ioctl
 .text.mem_cpy  0x0000000008005d68       0x3a Middlewares/Third_Party/FatFs/src/ff.o
 .text.mem_set  0x0000000008005da2       0x32 Middlewares/Third_Party/FatFs/src/ff.o
 .text.mem_cmp  0x0000000008005dd4       0x4c Middlewares/Third_Party/FatFs/src/ff.o
 .text.chk_chr  0x0000000008005e20       0x34 Middlewares/Third_Party/FatFs/src/ff.o
 .text.chk_lock
                0x0000000008005e54       0xd8 Middlewares/Third_Party/FatFs/src/ff.o
 .text.enq_lock
                0x0000000008005f2c       0x48 Middlewares/Third_Party/FatFs/src/ff.o
 .text.inc_lock
                0x0000000008005f74      0x16c Middlewares/Third_Party/FatFs/src/ff.o
 .text.dec_lock
                0x00000000080060e0       0x88 Middlewares/Third_Party/FatFs/src/ff.o
 .text.clear_lock
                0x0000000008006168       0x50 Middlewares/Third_Party/FatFs/src/ff.o
 .text.sync_window
                0x00000000080061b8       0x92 Middlewares/Third_Party/FatFs/src/ff.o
 .text.move_window
                0x000000000800624a       0x5c Middlewares/Third_Party/FatFs/src/ff.o
 .text.sync_fs  0x00000000080062a6      0x15a Middlewares/Third_Party/FatFs/src/ff.o
 .text.clust2sect
                0x0000000008006400       0x42 Middlewares/Third_Party/FatFs/src/ff.o
                0x0000000008006400                clust2sect
 .text.get_fat  0x0000000008006442      0x16e Middlewares/Third_Party/FatFs/src/ff.o
                0x0000000008006442                get_fat
 .text.put_fat  0x00000000080065b0      0x216 Middlewares/Third_Party/FatFs/src/ff.o
                0x00000000080065b0                put_fat
 .text.remove_chain
                0x00000000080067c6       0xb4 Middlewares/Third_Party/FatFs/src/ff.o
 .text.create_chain
                0x000000000800687a      0x13a Middlewares/Third_Party/FatFs/src/ff.o
 .text.clmt_clust
                0x00000000080069b4       0x68 Middlewares/Third_Party/FatFs/src/ff.o
 .text.dir_sdi  0x0000000008006a1c      0x128 Middlewares/Third_Party/FatFs/src/ff.o
 .text.dir_next
                0x0000000008006b44      0x1ee Middlewares/Third_Party/FatFs/src/ff.o
 .text.dir_alloc
                0x0000000008006d32       0x94 Middlewares/Third_Party/FatFs/src/ff.o
 .text.ld_clust
                0x0000000008006dc6       0x5a Middlewares/Third_Party/FatFs/src/ff.o
 .text.st_clust
                0x0000000008006e20       0x4c Middlewares/Third_Party/FatFs/src/ff.o
 .text.dir_find
                0x0000000008006e6c       0x9e Middlewares/Third_Party/FatFs/src/ff.o
 .text.dir_read
                0x0000000008006f0a       0xbe Middlewares/Third_Party/FatFs/src/ff.o
 .text.dir_register
                0x0000000008006fc8       0x72 Middlewares/Third_Party/FatFs/src/ff.o
 .text.get_fileinfo
                0x000000000800703a       0xe0 Middlewares/Third_Party/FatFs/src/ff.o
 *fill*         0x000000000800711a        0x2 
 .text.create_name
                0x000000000800711c      0x180 Middlewares/Third_Party/FatFs/src/ff.o
 .text.follow_path
                0x000000000800729c       0xdc Middlewares/Third_Party/FatFs/src/ff.o
 .text.get_ldnumber
                0x0000000008007378       0x86 Middlewares/Third_Party/FatFs/src/ff.o
 *fill*         0x00000000080073fe        0x2 
 .text.check_fs
                0x0000000008007400       0xd4 Middlewares/Third_Party/FatFs/src/ff.o
 .text.find_volume
                0x00000000080074d4      0x594 Middlewares/Third_Party/FatFs/src/ff.o
 .text.validate
                0x0000000008007a68       0x66 Middlewares/Third_Party/FatFs/src/ff.o
 *fill*         0x0000000008007ace        0x2 
 .text.f_mount  0x0000000008007ad0       0x90 Middlewares/Third_Party/FatFs/src/ff.o
                0x0000000008007ad0                f_mount
 .text.f_open   0x0000000008007b60      0x416 Middlewares/Third_Party/FatFs/src/ff.o
                0x0000000008007b60                f_open
 .text.f_read   0x0000000008007f76      0x2d6 Middlewares/Third_Party/FatFs/src/ff.o
                0x0000000008007f76                f_read
 .text.f_sync   0x000000000800824c      0x174 Middlewares/Third_Party/FatFs/src/ff.o
                0x000000000800824c                f_sync
 .text.f_close  0x00000000080083c0       0x50 Middlewares/Third_Party/FatFs/src/ff.o
                0x00000000080083c0                f_close
 .text.f_opendir
                0x0000000008008410      0x104 Middlewares/Third_Party/FatFs/src/ff.o
                0x0000000008008410                f_opendir
 .text.f_closedir
                0x0000000008008514       0x4a Middlewares/Third_Party/FatFs/src/ff.o
                0x0000000008008514                f_closedir
 .text.f_readdir
                0x000000000800855e       0x8c Middlewares/Third_Party/FatFs/src/ff.o
                0x000000000800855e                f_readdir
 *fill*         0x00000000080085ea        0x2 
 .text.FATFS_LinkDriverEx
                0x00000000080085ec       0x94 Middlewares/Third_Party/FatFs/src/ff_gen_drv.o
                0x00000000080085ec                FATFS_LinkDriverEx
 .text.FATFS_LinkDriver
                0x0000000008008680       0x1e Middlewares/Third_Party/FatFs/src/ff_gen_drv.o
                0x0000000008008680                FATFS_LinkDriver
 *fill*         0x000000000800869e        0x2 
 .text.__errno  0x00000000080086a0        0xc c:/st/stm32cubeide_1.4.0/stm32cubeide/plugins/com.st.stm32cube.ide.mcu.externaltools.gnu-tools-for-stm32.7-2018-q2-update.win32_1.5.0.202011040924/tools/bin/../lib/gcc/arm-none-eabi/7.3.1/../../../../arm-none-eabi/lib/thumb/v7-m\libc_nano.a(lib_a-errno.o)
                0x00000000080086a0                __errno
 .text.__libc_init_array
                0x00000000080086ac       0x48 c:/st/stm32cubeide_1.4.0/stm32cubeide/plugins/com.st.stm32cube.ide.mcu.externaltools.gnu-tools-for-stm32.7-2018-q2-update.win32_1.5.0.202011040924/tools/bin/../lib/gcc/arm-none-eabi/7.3.1/../../../../arm-none-eabi/lib/thumb/v7-m\libc_nano.a(lib_a-init.o)
                0x00000000080086ac                __libc_init_array
 .text.memcpy   0x00000000080086f4       0x16 c:/st/stm32cubeide_1.4.0/stm32cubeide/plugins/com.st.stm32cube.ide.mcu.externaltools.gnu-tools-for-stm32.7-2018-q2-update.win32_1.5.0.202011040924/tools/bin/../lib/gcc/arm-none-eabi/7.3.1/../../../../arm-none-eabi/lib/thumb/v7-m\libc_nano.a(lib_a-memcpy-stub.o)
                0x00000000080086f4                memcpy
 .text.memmove  0x000000000800870a       0x32 c:/st/stm32cubeide_1.4.0/stm32cubeide/plugins/com.st.stm32cube.ide.mcu.externaltools.gnu-tools-for-stm32.7-2018-q2-update.win32_1.5.0.202011040924/tools/bin/../lib/gcc/arm-none-eabi/7.3.1/../../../../arm-none-eabi/lib/thumb/v7-m\libc_nano.a(lib_a-memmove.o)
                0x000000000800870a                memmove
 .text.memset   0x000000000800873c       0x10 c:/st/stm32cubeide_1.4.0/stm32cubeide/plugins/com.st.stm32cube.ide.mcu.externaltools.gnu-tools-for-stm32.7-2018-q2-update.win32_1.5.0.202011040924/tools/bin/../lib/gcc/arm-none-eabi/7.3.1/../../../../arm-none-eabi/lib/thumb/v7-m\libc_nano.a(lib_a-memset.o)
                0x000000000800873c                memset
 .text.sprintf  0x000000000800874c       0x40 c:/st/stm32cubeide_1.4.0/stm32cubeide/plugins/com.st.stm32cube.ide.mcu.externaltools.gnu-tools-for-stm32.7-2018-q2-update.win32_1.5.0.202011040924/tools/bin/../lib/gcc/arm-none-eabi/7.3.1/../../../../arm-none-eabi/lib/thumb/v7-m\libc_nano.a(lib_a-sprintf.o)
                0x000000000800874c                siprintf
                0x000000000800874c                sprintf
 .text.sscanf   0x000000000800878c       0x54 c:/st/stm32cubeide_1.4.0/stm32cubeide/plugins/com.st.stm32cube.ide.mcu.externaltools.gnu-tools-for-stm32.7-2018-q2-update.win32_1.5.0.202011040924/tools/bin/../lib/gcc/arm-none-eabi/7.3.1/../../../../arm-none-eabi/lib/thumb/v7-m\libc_nano.a(lib_a-sscanf.o)
                0x000000000800878c                siscanf
                0x000000000800878c                sscanf
 .text.__seofread
                0x00000000080087e0        0x4 c:/st/stm32cubeide_1.4.0/stm32cubeide/plugins/com.st.stm32cube.ide.mcu.externaltools.gnu-tools-for-stm32.7-2018-q2-update.win32_1.5.0.202011040924/tools/bin/../lib/gcc/arm-none-eabi/7.3.1/../../../../arm-none-eabi/lib/thumb/v7-m\libc_nano.a(lib_a-stdio.o)
                0x00000000080087e0                __seofread
 .text.strchr   0x00000000080087e4       0x1a c:/st/stm32cubeide_1.4.0/stm32cubeide/plugins/com.st.stm32cube.ide.mcu.externaltools.gnu-tools-for-stm32.7-2018-q2-update.win32_1.5.0.202011040924/tools/bin/../lib/gcc/arm-none-eabi/7.3.1/../../../../arm-none-eabi/lib/thumb/v7-m\libc_nano.a(lib_a-strchr.o)
                0x00000000080087e4                strchr
 .text.strncpy  0x00000000080087fe       0x2a c:/st/stm32cubeide_1.4.0/stm32cubeide/plugins/com.st.stm32cube.ide.mcu.externaltools.gnu-tools-for-stm32.7-2018-q2-update.win32_1.5.0.202011040924/tools/bin/../lib/gcc/arm-none-eabi/7.3.1/../../../../arm-none-eabi/lib/thumb/v7-m\libc_nano.a(lib_a-strncpy.o)
                0x00000000080087fe                strncpy
 .text.__ssputs_r
                0x0000000008008828       0xb4 c:/st/stm32cubeide_1.4.0/stm32cubeide/plugins/com.st.stm32cube.ide.mcu.externaltools.gnu-tools-for-stm32.7-2018-q2-update.win32_1.5.0.202011040924/tools/bin/../lib/gcc/arm-none-eabi/7.3.1/../../../../arm-none-eabi/lib/thumb/v7-m\libc_nano.a(lib_a-nano-svfprintf.o)
                0x0000000008008828                __ssputs_r
 .text._svfprintf_r
                0x00000000080088dc      0x1f0 c:/st/stm32cubeide_1.4.0/stm32cubeide/plugins/com.st.stm32cube.ide.mcu.externaltools.gnu-tools-for-stm32.7-2018-q2-update.win32_1.5.0.202011040924/tools/bin/../lib/gcc/arm-none-eabi/7.3.1/../../../../arm-none-eabi/lib/thumb/v7-m\libc_nano.a(lib_a-nano-svfprintf.o)
                0x00000000080088dc                _svfiprintf_r
                0x00000000080088dc                _svfprintf_r
 .text._sungetc_r
                0x0000000008008acc       0x7a c:/st/stm32cubeide_1.4.0/stm32cubeide/plugins/com.st.stm32cube.ide.mcu.externaltools.gnu-tools-for-stm32.7-2018-q2-update.win32_1.5.0.202011040924/tools/bin/../lib/gcc/arm-none-eabi/7.3.1/../../../../arm-none-eabi/lib/thumb/v7-m\libc_nano.a(lib_a-nano-svfscanf.o)
                0x0000000008008acc                _sungetc_r
 .text.__ssrefill_r
                0x0000000008008b46       0x3a c:/st/stm32cubeide_1.4.0/stm32cubeide/plugins/com.st.stm32cube.ide.mcu.externaltools.gnu-tools-for-stm32.7-2018-q2-update.win32_1.5.0.202011040924/tools/bin/../lib/gcc/arm-none-eabi/7.3.1/../../../../arm-none-eabi/lib/thumb/v7-m\libc_nano.a(lib_a-nano-svfscanf.o)
                0x0000000008008b46                __ssrefill_r
 .text.__ssvfscanf_r
                0x0000000008008b80      0x2a0 c:/st/stm32cubeide_1.4.0/stm32cubeide/plugins/com.st.stm32cube.ide.mcu.externaltools.gnu-tools-for-stm32.7-2018-q2-update.win32_1.5.0.202011040924/tools/bin/../lib/gcc/arm-none-eabi/7.3.1/../../../../arm-none-eabi/lib/thumb/v7-m\libc_nano.a(lib_a-nano-svfscanf.o)
                0x0000000008008b80                __ssvfiscanf_r
                0x0000000008008b80                __ssvfscanf_r
 .text._printf_common
                0x0000000008008e20       0xec c:/st/stm32cubeide_1.4.0/stm32cubeide/plugins/com.st.stm32cube.ide.mcu.externaltools.gnu-tools-for-stm32.7-2018-q2-update.win32_1.5.0.202011040924/tools/bin/../lib/gcc/arm-none-eabi/7.3.1/../../../../arm-none-eabi/lib/thumb/v7-m\libc_nano.a(lib_a-nano-vfprintf_i.o)
                0x0000000008008e20                _printf_common
 .text._printf_i
                0x0000000008008f0c      0x224 c:/st/stm32cubeide_1.4.0/stm32cubeide/plugins/com.st.stm32cube.ide.mcu.externaltools.gnu-tools-for-stm32.7-2018-q2-update.win32_1.5.0.202011040924/tools/bin/../lib/gcc/arm-none-eabi/7.3.1/../../../../arm-none-eabi/lib/thumb/v7-m\libc_nano.a(lib_a-nano-vfprintf_i.o)
                0x0000000008008f0c                _printf_i
 .text._scanf_chars
                0x0000000008009130       0xc4 c:/st/stm32cubeide_1.4.0/stm32cubeide/plugins/com.st.stm32cube.ide.mcu.externaltools.gnu-tools-for-stm32.7-2018-q2-update.win32_1.5.0.202011040924/tools/bin/../lib/gcc/arm-none-eabi/7.3.1/../../../../arm-none-eabi/lib/thumb/v7-m\libc_nano.a(lib_a-nano-vfscanf_i.o)
                0x0000000008009130                _scanf_chars
 .text._scanf_i
                0x00000000080091f4      0x1ec c:/st/stm32cubeide_1.4.0/stm32cubeide/plugins/com.st.stm32cube.ide.mcu.externaltools.gnu-tools-for-stm32.7-2018-q2-update.win32_1.5.0.202011040924/tools/bin/../lib/gcc/arm-none-eabi/7.3.1/../../../../arm-none-eabi/lib/thumb/v7-m\libc_nano.a(lib_a-nano-vfscanf_i.o)
                0x00000000080091f4                _scanf_i
 .text.__sccl   0x00000000080093e0       0x62 c:/st/stm32cubeide_1.4.0/stm32cubeide/plugins/com.st.stm32cube.ide.mcu.externaltools.gnu-tools-for-stm32.7-2018-q2-update.win32_1.5.0.202011040924/tools/bin/../lib/gcc/arm-none-eabi/7.3.1/../../../../arm-none-eabi/lib/thumb/v7-m\libc_nano.a(lib_a-sccl.o)
                0x00000000080093e0                __sccl
 .text._strtol_l.isra.0
                0x0000000008009442       0xf6 c:/st/stm32cubeide_1.4.0/stm32cubeide/plugins/com.st.stm32cube.ide.mcu.externaltools.gnu-tools-for-stm32.7-2018-q2-update.win32_1.5.0.202011040924/tools/bin/../lib/gcc/arm-none-eabi/7.3.1/../../../../arm-none-eabi/lib/thumb/v7-m\libc_nano.a(lib_a-strtol.o)
 .text._strtol_r
                0x0000000008009538       0x24 c:/st/stm32cubeide_1.4.0/stm32cubeide/plugins/com.st.stm32cube.ide.mcu.externaltools.gnu-tools-for-stm32.7-2018-q2-update.win32_1.5.0.202011040924/tools/bin/../lib/gcc/arm-none-eabi/7.3.1/../../../../arm-none-eabi/lib/thumb/v7-m\libc_nano.a(lib_a-strtol.o)
                0x0000000008009538                _strtol_r
 .text._strtoul_l.isra.0
                0x000000000800955c       0xf4 c:/st/stm32cubeide_1.4.0/stm32cubeide/plugins/com.st.stm32cube.ide.mcu.externaltools.gnu-tools-for-stm32.7-2018-q2-update.win32_1.5.0.202011040924/tools/bin/../lib/gcc/arm-none-eabi/7.3.1/../../../../arm-none-eabi/lib/thumb/v7-m\libc_nano.a(lib_a-strtoul.o)
 .text._strtoul_r
                0x0000000008009650       0x24 c:/st/stm32cubeide_1.4.0/stm32cubeide/plugins/com.st.stm32cube.ide.mcu.externaltools.gnu-tools-for-stm32.7-2018-q2-update.win32_1.5.0.202011040924/tools/bin/../lib/gcc/arm-none-eabi/7.3.1/../../../../arm-none-eabi/lib/thumb/v7-m\libc_nano.a(lib_a-strtoul.o)
                0x0000000008009650                _strtoul_r
 .text.__submore
                0x0000000008009674       0x70 c:/st/stm32cubeide_1.4.0/stm32cubeide/plugins/com.st.stm32cube.ide.mcu.externaltools.gnu-tools-for-stm32.7-2018-q2-update.win32_1.5.0.202011040924/tools/bin/../lib/gcc/arm-none-eabi/7.3.1/../../../../arm-none-eabi/lib/thumb/v7-m\libc_nano.a(lib_a-ungetc.o)
                0x0000000008009674                __submore
 .text.__locale_ctype_ptr_l
                0x00000000080096e4        0x6 c:/st/stm32cubeide_1.4.0/stm32cubeide/plugins/com.st.stm32cube.ide.mcu.externaltools.gnu-tools-for-stm32.7-2018-q2-update.win32_1.5.0.202011040924/tools/bin/../lib/gcc/arm-none-eabi/7.3.1/../../../../arm-none-eabi/lib/thumb/v7-m\libc_nano.a(lib_a-locale.o)
                0x00000000080096e4                __locale_ctype_ptr_l
 *fill*         0x00000000080096ea        0x2 
 .text.__locale_ctype_ptr
                0x00000000080096ec       0x1c c:/st/stm32cubeide_1.4.0/stm32cubeide/plugins/com.st.stm32cube.ide.mcu.externaltools.gnu-tools-for-stm32.7-2018-q2-update.win32_1.5.0.202011040924/tools/bin/../lib/gcc/arm-none-eabi/7.3.1/../../../../arm-none-eabi/lib/thumb/v7-m\libc_nano.a(lib_a-locale.o)
                0x00000000080096ec                __locale_ctype_ptr
 .text.__ascii_mbtowc
                0x0000000008009708       0x24 c:/st/stm32cubeide_1.4.0/stm32cubeide/plugins/com.st.stm32cube.ide.mcu.externaltools.gnu-tools-for-stm32.7-2018-q2-update.win32_1.5.0.202011040924/tools/bin/../lib/gcc/arm-none-eabi/7.3.1/../../../../arm-none-eabi/lib/thumb/v7-m\libc_nano.a(lib_a-mbtowc_r.o)
                0x0000000008009708                __ascii_mbtowc
 .text.memchr   0x000000000800972c       0x1c c:/st/stm32cubeide_1.4.0/stm32cubeide/plugins/com.st.stm32cube.ide.mcu.externaltools.gnu-tools-for-stm32.7-2018-q2-update.win32_1.5.0.202011040924/tools/bin/../lib/gcc/arm-none-eabi/7.3.1/../../../../arm-none-eabi/lib/thumb/v7-m\libc_nano.a(lib_a-memchr-stub.o)
                0x000000000800972c                memchr
 .text._free_r  0x0000000008009748       0x98 c:/st/stm32cubeide_1.4.0/stm32cubeide/plugins/com.st.stm32cube.ide.mcu.externaltools.gnu-tools-for-stm32.7-2018-q2-update.win32_1.5.0.202011040924/tools/bin/../lib/gcc/arm-none-eabi/7.3.1/../../../../arm-none-eabi/lib/thumb/v7-m\libc_nano.a(lib_a-nano-freer.o)
                0x0000000008009748                _free_r
 .text._malloc_r
                0x00000000080097e0       0xb4 c:/st/stm32cubeide_1.4.0/stm32cubeide/plugins/com.st.stm32cube.ide.mcu.externaltools.gnu-tools-for-stm32.7-2018-q2-update.win32_1.5.0.202011040924/tools/bin/../lib/gcc/arm-none-eabi/7.3.1/../../../../arm-none-eabi/lib/thumb/v7-m\libc_nano.a(lib_a-nano-mallocr.o)
                0x00000000080097e0                _malloc_r
 .text._realloc_r
                0x0000000008009894       0x4c c:/st/stm32cubeide_1.4.0/stm32cubeide/plugins/com.st.stm32cube.ide.mcu.externaltools.gnu-tools-for-stm32.7-2018-q2-update.win32_1.5.0.202011040924/tools/bin/../lib/gcc/arm-none-eabi/7.3.1/../../../../arm-none-eabi/lib/thumb/v7-m\libc_nano.a(lib_a-nano-reallocr.o)
                0x0000000008009894                _realloc_r
 .text._sbrk_r  0x00000000080098e0       0x20 c:/st/stm32cubeide_1.4.0/stm32cubeide/plugins/com.st.stm32cube.ide.mcu.externaltools.gnu-tools-for-stm32.7-2018-q2-update.win32_1.5.0.202011040924/tools/bin/../lib/gcc/arm-none-eabi/7.3.1/../../../../arm-none-eabi/lib/thumb/v7-m\libc_nano.a(lib_a-sbrkr.o)
                0x00000000080098e0                _sbrk_r
 .text.__ascii_wctomb
                0x0000000008009900       0x1a c:/st/stm32cubeide_1.4.0/stm32cubeide/plugins/com.st.stm32cube.ide.mcu.externaltools.gnu-tools-for-stm32.7-2018-q2-update.win32_1.5.0.202011040924/tools/bin/../lib/gcc/arm-none-eabi/7.3.1/../../../../arm-none-eabi/lib/thumb/v7-m\libc_nano.a(lib_a-wctomb_r.o)
                0x0000000008009900                __ascii_wctomb
 .text.__malloc_lock
                0x000000000800991a        0x2 c:/st/stm32cubeide_1.4.0/stm32cubeide/plugins/com.st.stm32cube.ide.mcu.externaltools.gnu-tools-for-stm32.7-2018-q2-update.win32_1.5.0.202011040924/tools/bin/../lib/gcc/arm-none-eabi/7.3.1/../../../../arm-none-eabi/lib/thumb/v7-m\libc_nano.a(lib_a-mlock.o)
                0x000000000800991a                __malloc_lock
 .text.__malloc_unlock
                0x000000000800991c        0x2 c:/st/stm32cubeide_1.4.0/stm32cubeide/plugins/com.st.stm32cube.ide.mcu.externaltools.gnu-tools-for-stm32.7-2018-q2-update.win32_1.5.0.202011040924/tools/bin/../lib/gcc/arm-none-eabi/7.3.1/../../../../arm-none-eabi/lib/thumb/v7-m\libc_nano.a(lib_a-mlock.o)
                0x000000000800991c                __malloc_unlock
 .text._malloc_usable_size_r
                0x000000000800991e       0x10 c:/st/stm32cubeide_1.4.0/stm32cubeide/plugins/com.st.stm32cube.ide.mcu.externaltools.gnu-tools-for-stm32.7-2018-q2-update.win32_1.5.0.202011040924/tools/bin/../lib/gcc/arm-none-eabi/7.3.1/../../../../arm-none-eabi/lib/thumb/v7-m\libc_nano.a(lib_a-nano-msizer.o)
                0x000000000800991e                _malloc_usable_size_r
 *(.glue_7)
 .glue_7        0x000000000800992e        0x0 linker stubs
 *(.glue_7t)
 .glue_7t       0x000000000800992e        0x0 linker stubs
 *(.eh_frame)
 *fill*         0x000000000800992e        0x2 
 .eh_frame      0x0000000008009930        0x0 c:/st/stm32cubeide_1.4.0/stm32cubeide/plugins/com.st.stm32cube.ide.mcu.externaltools.gnu-tools-for-stm32.7-2018-q2-update.win32_1.5.0.202011040924/tools/bin/../lib/gcc/arm-none-eabi/7.3.1/thumb/v7-m/crtbegin.o
 *(.init)
 .init          0x0000000008009930        0x4 c:/st/stm32cubeide_1.4.0/stm32cubeide/plugins/com.st.stm32cube.ide.mcu.externaltools.gnu-tools-for-stm32.7-2018-q2-update.win32_1.5.0.202011040924/tools/bin/../lib/gcc/arm-none-eabi/7.3.1/thumb/v7-m/crti.o
                0x0000000008009930                _init
 .init          0x0000000008009934        0x8 c:/st/stm32cubeide_1.4.0/stm32cubeide/plugins/com.st.stm32cube.ide.mcu.externaltools.gnu-tools-for-stm32.7-2018-q2-update.win32_1.5.0.202011040924/tools/bin/../lib/gcc/arm-none-eabi/7.3.1/thumb/v7-m/crtn.o
 *(.fini)
 .fini          0x000000000800993c        0x4 c:/st/stm32cubeide_1.4.0/stm32cubeide/plugins/com.st.stm32cube.ide.mcu.externaltools.gnu-tools-for-stm32.7-2018-q2-update.win32_1.5.0.202011040924/tools/bin/../lib/gcc/arm-none-eabi/7.3.1/thumb/v7-m/crti.o
                0x000000000800993c                _fini
 .fini          0x0000000008009940        0x8 c:/st/stm32cubeide_1.4.0/stm32cubeide/plugins/com.st.stm32cube.ide.mcu.externaltools.gnu-tools-for-stm32.7-2018-q2-update.win32_1.5.0.202011040924/tools/bin/../lib/gcc/arm-none-eabi/7.3.1/thumb/v7-m/crtn.o
                0x0000000008009948                . = ALIGN (0x4)
                0x0000000008009948                _etext = .

.vfp11_veneer   0x0000000008009948        0x0
 .vfp11_veneer  0x0000000008009948        0x0 linker stubs

.v4_bx          0x0000000008009948        0x0
 .v4_bx         0x0000000008009948        0x0 linker stubs

.iplt           0x0000000008009948        0x0
 .iplt          0x0000000008009948        0x0 c:/st/stm32cubeide_1.4.0/stm32cubeide/plugins/com.st.stm32cube.ide.mcu.externaltools.gnu-tools-for-stm32.7-2018-q2-update.win32_1.5.0.202011040924/tools/bin/../lib/gcc/arm-none-eabi/7.3.1/thumb/v7-m/crtbegin.o

.rodata         0x0000000008009948      0xe90
                0x0000000008009948                . = ALIGN (0x4)
 *(.rodata)
 .rodata        0x0000000008009948       0x36 Core/Src/display.o
 *fill*         0x000000000800997e        0x2 
 .rodata        0x0000000008009980       0x50 Core/Src/main.o
 .rodata        0x00000000080099d0        0xf Core/Src/test.o
 *fill*         0x00000000080099df        0x1 
 .rodata        0x00000000080099e0       0x3b Drivers/STM32F1xx_HAL_Driver/Src/stm32f1xx_hal_cortex.o
 *fill*         0x0000000008009a1b        0x1 
 .rodata        0x0000000008009a1c       0x39 Drivers/STM32F1xx_HAL_Driver/Src/stm32f1xx_hal_gpio.o
 *fill*         0x0000000008009a55        0x3 
 .rodata        0x0000000008009a58       0x38 Drivers/STM32F1xx_HAL_Driver/Src/stm32f1xx_ll_gpio.o
 .rodata        0x0000000008009a90       0x37 Drivers/STM32F1xx_HAL_Driver/Src/stm32f1xx_ll_spi.o
 *fill*         0x0000000008009ac7        0x1 
 .rodata        0x0000000008009ac8       0x37 Drivers/STM32F1xx_HAL_Driver/Src/stm32f1xx_ll_tim.o
 *fill*         0x0000000008009aff        0x1 
 .rodata        0x0000000008009b00        0xa FATFS/App/fatfs.o
 *fill*         0x0000000008009b0a        0x2 
 .rodata        0x0000000008009b0c       0x44 Middlewares/Third_Party/FatFs/src/ff.o
 .rodata        0x0000000008009b50        0xc c:/st/stm32cubeide_1.4.0/stm32cubeide/plugins/com.st.stm32cube.ide.mcu.externaltools.gnu-tools-for-stm32.7-2018-q2-update.win32_1.5.0.202011040924/tools/bin/../lib/gcc/arm-none-eabi/7.3.1/../../../../arm-none-eabi/lib/thumb/v7-m\libc_nano.a(lib_a-nano-vfscanf_i.o)
 *(.rodata*)
 .rodata.OFFSET_TAB_CCMRx
                0x0000000008009b5c        0x7 Core/Src/tim.o
 *fill*         0x0000000008009b63        0x1 
 .rodata.SHIFT_TAB_OCxx
                0x0000000008009b64        0x7 Core/Src/tim.o
 *fill*         0x0000000008009b6b        0x1 
 .rodata.SHIFT_TAB_ICxx
                0x0000000008009b6c        0x7 Core/Src/tim.o
 *fill*         0x0000000008009b73        0x1 
 .rodata.SHIFT_TAB_CCxP
                0x0000000008009b74        0x7 Core/Src/tim.o
 *fill*         0x0000000008009b7b        0x1 
 .rodata.Font5x7
                0x0000000008009b7c      0x1e0 Drivers/ST7735/st7735.o
 .rodata.Font7x11
                0x0000000008009d5c      0x840 Drivers/ST7735/st7735.o
 .rodata.ExCvt  0x000000000800a59c       0x80 Middlewares/Third_Party/FatFs/src/ff.o
 .rodata._svfprintf_r.str1.1
                0x000000000800a61c       0x11 c:/st/stm32cubeide_1.4.0/stm32cubeide/plugins/com.st.stm32cube.ide.mcu.externaltools.gnu-tools-for-stm32.7-2018-q2-update.win32_1.5.0.202011040924/tools/bin/../lib/gcc/arm-none-eabi/7.3.1/../../../../arm-none-eabi/lib/thumb/v7-m\libc_nano.a(lib_a-nano-svfprintf.o)
 .rodata.__ssvfscanf_r.str1.1
                0x000000000800a62d        0x4 c:/st/stm32cubeide_1.4.0/stm32cubeide/plugins/com.st.stm32cube.ide.mcu.externaltools.gnu-tools-for-stm32.7-2018-q2-update.win32_1.5.0.202011040924/tools/bin/../lib/gcc/arm-none-eabi/7.3.1/../../../../arm-none-eabi/lib/thumb/v7-m\libc_nano.a(lib_a-nano-svfscanf.o)
 .rodata._printf_i.str1.1
                0x000000000800a62d       0x22 c:/st/stm32cubeide_1.4.0/stm32cubeide/plugins/com.st.stm32cube.ide.mcu.externaltools.gnu-tools-for-stm32.7-2018-q2-update.win32_1.5.0.202011040924/tools/bin/../lib/gcc/arm-none-eabi/7.3.1/../../../../arm-none-eabi/lib/thumb/v7-m\libc_nano.a(lib_a-nano-vfprintf_i.o)
 .rodata._scanf_i.str1.1
                0x000000000800a64f       0x12 c:/st/stm32cubeide_1.4.0/stm32cubeide/plugins/com.st.stm32cube.ide.mcu.externaltools.gnu-tools-for-stm32.7-2018-q2-update.win32_1.5.0.202011040924/tools/bin/../lib/gcc/arm-none-eabi/7.3.1/../../../../arm-none-eabi/lib/thumb/v7-m\libc_nano.a(lib_a-nano-vfscanf_i.o)
 .rodata.str1.1
                0x000000000800a661        0x9 c:/st/stm32cubeide_1.4.0/stm32cubeide/plugins/com.st.stm32cube.ide.mcu.externaltools.gnu-tools-for-stm32.7-2018-q2-update.win32_1.5.0.202011040924/tools/bin/../lib/gcc/arm-none-eabi/7.3.1/../../../../arm-none-eabi/lib/thumb/v7-m\libc_nano.a(lib_a-nano-vfscanf_i.o)
 *fill*         0x000000000800a66a        0x2 
 .rodata.__sf_fake_stderr
                0x000000000800a66c       0x20 c:/st/stm32cubeide_1.4.0/stm32cubeide/plugins/com.st.stm32cube.ide.mcu.externaltools.gnu-tools-for-stm32.7-2018-q2-update.win32_1.5.0.202011040924/tools/bin/../lib/gcc/arm-none-eabi/7.3.1/../../../../arm-none-eabi/lib/thumb/v7-m\libc_nano.a(lib_a-findfp.o)
                0x000000000800a66c                __sf_fake_stderr
 .rodata.__sf_fake_stdin
                0x000000000800a68c       0x20 c:/st/stm32cubeide_1.4.0/stm32cubeide/plugins/com.st.stm32cube.ide.mcu.externaltools.gnu-tools-for-stm32.7-2018-q2-update.win32_1.5.0.202011040924/tools/bin/../lib/gcc/arm-none-eabi/7.3.1/../../../../arm-none-eabi/lib/thumb/v7-m\libc_nano.a(lib_a-findfp.o)
                0x000000000800a68c                __sf_fake_stdin
 .rodata.__sf_fake_stdout
                0x000000000800a6ac       0x20 c:/st/stm32cubeide_1.4.0/stm32cubeide/plugins/com.st.stm32cube.ide.mcu.externaltools.gnu-tools-for-stm32.7-2018-q2-update.win32_1.5.0.202011040924/tools/bin/../lib/gcc/arm-none-eabi/7.3.1/../../../../arm-none-eabi/lib/thumb/v7-m\libc_nano.a(lib_a-findfp.o)
                0x000000000800a6ac                __sf_fake_stdout
 .rodata._setlocale_r.str1.1
                0x000000000800a6cc        0x8 c:/st/stm32cubeide_1.4.0/stm32cubeide/plugins/com.st.stm32cube.ide.mcu.externaltools.gnu-tools-for-stm32.7-2018-q2-update.win32_1.5.0.202011040924/tools/bin/../lib/gcc/arm-none-eabi/7.3.1/../../../../arm-none-eabi/lib/thumb/v7-m\libc_nano.a(lib_a-locale.o)
                                          0x9 (size before relaxing)
 .rodata.str1.1
                0x000000000800a6d4        0x2 c:/st/stm32cubeide_1.4.0/stm32cubeide/plugins/com.st.stm32cube.ide.mcu.externaltools.gnu-tools-for-stm32.7-2018-q2-update.win32_1.5.0.202011040924/tools/bin/../lib/gcc/arm-none-eabi/7.3.1/../../../../arm-none-eabi/lib/thumb/v7-m\libc_nano.a(lib_a-locale.o)
 .rodata._ctype_
                0x000000000800a6d6      0x101 c:/st/stm32cubeide_1.4.0/stm32cubeide/plugins/com.st.stm32cube.ide.mcu.externaltools.gnu-tools-for-stm32.7-2018-q2-update.win32_1.5.0.202011040924/tools/bin/../lib/gcc/arm-none-eabi/7.3.1/../../../../arm-none-eabi/lib/thumb/v7-m\libc_nano.a(lib_a-ctype_.o)
                0x000000000800a6d6                _ctype_
                0x000000000800a7d8                . = ALIGN (0x4)
 *fill*         0x000000000800a7d7        0x1 

.rel.dyn        0x000000000800a7d8        0x0
 .rel.iplt      0x000000000800a7d8        0x0 c:/st/stm32cubeide_1.4.0/stm32cubeide/plugins/com.st.stm32cube.ide.mcu.externaltools.gnu-tools-for-stm32.7-2018-q2-update.win32_1.5.0.202011040924/tools/bin/../lib/gcc/arm-none-eabi/7.3.1/thumb/v7-m/crtbegin.o

.ARM.extab      0x000000000800a7d8        0x0
                0x000000000800a7d8                . = ALIGN (0x4)
 *(.ARM.extab* .gnu.linkonce.armextab.*)
                0x000000000800a7d8                . = ALIGN (0x4)

.ARM            0x000000000800a7d8        0x0
                0x000000000800a7d8                . = ALIGN (0x4)
                0x000000000800a7d8                __exidx_start = .
 *(.ARM.exidx*)
                0x000000000800a7d8                __exidx_end = .
                0x000000000800a7d8                . = ALIGN (0x4)

.preinit_array  0x000000000800a7d8        0x0
                0x000000000800a7d8                . = ALIGN (0x4)
                0x000000000800a7d8                PROVIDE (__preinit_array_start = .)
 *(.preinit_array*)
                0x000000000800a7d8                PROVIDE (__preinit_array_end = .)
                0x000000000800a7d8                . = ALIGN (0x4)

.init_array     0x000000000800a7d8        0x4
                0x000000000800a7d8                . = ALIGN (0x4)
                0x000000000800a7d8                PROVIDE (__init_array_start = .)
 *(SORT_BY_NAME(.init_array.*))
 *(.init_array*)
 .init_array    0x000000000800a7d8        0x4 c:/st/stm32cubeide_1.4.0/stm32cubeide/plugins/com.st.stm32cube.ide.mcu.externaltools.gnu-tools-for-stm32.7-2018-q2-update.win32_1.5.0.202011040924/tools/bin/../lib/gcc/arm-none-eabi/7.3.1/thumb/v7-m/crtbegin.o
                0x000000000800a7dc                PROVIDE (__init_array_end = .)
                0x000000000800a7dc                . = ALIGN (0x4)

.fini_array     0x000000000800a7dc        0x4
                0x000000000800a7dc                . = ALIGN (0x4)
                [!provide]                        PROVIDE (__fini_array_start = .)
 *(SORT_BY_NAME(.fini_array.*))
 *(.fini_array*)
 .fini_array    0x000000000800a7dc        0x4 c:/st/stm32cubeide_1.4.0/stm32cubeide/plugins/com.st.stm32cube.ide.mcu.externaltools.gnu-tools-for-stm32.7-2018-q2-update.win32_1.5.0.202011040924/tools/bin/../lib/gcc/arm-none-eabi/7.3.1/thumb/v7-m/crtbegin.o
                [!provide]                        PROVIDE (__fini_array_end = .)
                0x000000000800a7e0                . = ALIGN (0x4)
                0x000000000800a7e0                _sidata = LOADADDR (.data)

.data           0x0000000020000000      0x200 load address 0x000000000800a7e0
                0x0000000020000000                . = ALIGN (0x4)
                0x0000000020000000                _sdata = .
 *(.data)
 *(.data*)
 .data.t_10ms   0x0000000020000000        0x2 Core/Src/stm32f1xx_it.o
                0x0000000020000000                t_10ms
 .data.t_100ms  0x0000000020000002        0x2 Core/Src/stm32f1xx_it.o
                0x0000000020000002                t_100ms
 .data.t_sec    0x0000000020000004        0x2 Core/Src/stm32f1xx_it.o
                0x0000000020000004                t_sec
 .data.t_min    0x0000000020000006        0x2 Core/Src/stm32f1xx_it.o
                0x0000000020000006                t_min
 .data.t_sound  0x0000000020000008        0x2 Core/Src/stm32f1xx_it.o
                0x0000000020000008                t_sound
 *fill*         0x000000002000000a        0x2 
 .data.SystemCoreClock
                0x000000002000000c        0x4 Core/Src/system_stm32f1xx.o
                0x000000002000000c                SystemCoreClock
 .data.uwTickPrio
                0x0000000020000010        0x4 Drivers/STM32F1xx_HAL_Driver/Src/stm32f1xx_hal.o
                0x0000000020000010                uwTickPrio
 .data.uwTickFreq
                0x0000000020000014        0x1 Drivers/STM32F1xx_HAL_Driver/Src/stm32f1xx_hal.o
                0x0000000020000014                uwTickFreq
 *fill*         0x0000000020000015        0x3 
 .data.USER_Driver
                0x0000000020000018       0x14 FATFS/Target/user_diskio.o
                0x0000000020000018                USER_Driver
 .data.Stat     0x000000002000002c        0x1 FATFS/Target/user_diskio_spi.o
 *fill*         0x000000002000002d        0x3 
 .data._impure_ptr
                0x0000000020000030        0x4 c:/st/stm32cubeide_1.4.0/stm32cubeide/plugins/com.st.stm32cube.ide.mcu.externaltools.gnu-tools-for-stm32.7-2018-q2-update.win32_1.5.0.202011040924/tools/bin/../lib/gcc/arm-none-eabi/7.3.1/../../../../arm-none-eabi/lib/thumb/v7-m\libc_nano.a(lib_a-impure.o)
                0x0000000020000030                _impure_ptr
 .data.impure_data
                0x0000000020000034       0x60 c:/st/stm32cubeide_1.4.0/stm32cubeide/plugins/com.st.stm32cube.ide.mcu.externaltools.gnu-tools-for-stm32.7-2018-q2-update.win32_1.5.0.202011040924/tools/bin/../lib/gcc/arm-none-eabi/7.3.1/../../../../arm-none-eabi/lib/thumb/v7-m\libc_nano.a(lib_a-impure.o)
 .data.__global_locale
                0x0000000020000094      0x16c c:/st/stm32cubeide_1.4.0/stm32cubeide/plugins/com.st.stm32cube.ide.mcu.externaltools.gnu-tools-for-stm32.7-2018-q2-update.win32_1.5.0.202011040924/tools/bin/../lib/gcc/arm-none-eabi/7.3.1/../../../../arm-none-eabi/lib/thumb/v7-m\libc_nano.a(lib_a-locale.o)
                0x0000000020000094                __global_locale
 *(.RamFunc)
 *(.RamFunc*)
                0x0000000020000200                . = ALIGN (0x4)
                0x0000000020000200                _edata = .

.igot.plt       0x0000000020000200        0x0 load address 0x000000000800a9e0
 .igot.plt      0x0000000020000200        0x0 c:/st/stm32cubeide_1.4.0/stm32cubeide/plugins/com.st.stm32cube.ide.mcu.externaltools.gnu-tools-for-stm32.7-2018-q2-update.win32_1.5.0.202011040924/tools/bin/../lib/gcc/arm-none-eabi/7.3.1/thumb/v7-m/crtbegin.o
                0x0000000020000200                . = ALIGN (0x4)

.bss            0x0000000020000200      0x688 load address 0x000000000800a9e0
                0x0000000020000200                _sbss = .
                0x0000000020000200                __bss_start__ = _sbss
 *(.bss)
 .bss           0x0000000020000200       0x1c c:/st/stm32cubeide_1.4.0/stm32cubeide/plugins/com.st.stm32cube.ide.mcu.externaltools.gnu-tools-for-stm32.7-2018-q2-update.win32_1.5.0.202011040924/tools/bin/../lib/gcc/arm-none-eabi/7.3.1/thumb/v7-m/crtbegin.o
 *(.bss*)
 .bss.countTick.8353
                0x000000002000021c        0x1 Core/Src/display.o
 .bss.indx_WaitChar.8357
                0x000000002000021d        0x1 Core/Src/display.o
 *fill*         0x000000002000021e        0x2 
 .bss.count_tic
                0x0000000020000220        0x4 Core/Src/main.o
                0x0000000020000220                count_tic
 .bss.Pulse     0x0000000020000224        0x4 Core/Src/main.o
                0x0000000020000224                Pulse
 .bss.N_periods
                0x0000000020000228        0x4 Core/Src/main.o
                0x0000000020000228                N_periods
 .bss.but_latch.8355
                0x000000002000022c        0x1 Core/Src/menu.o
 .bss.but_press.8356
                0x000000002000022d        0x1 Core/Src/menu.o
 .bss.key.8357  0x000000002000022e        0x1 Core/Src/menu.o
 *fill*         0x000000002000022f        0x1 
 .bss.__sbrk_heap_end
                0x0000000020000230        0x4 Core/Src/sysmem.o
 .bss.CardType  0x0000000020000234        0x1 FATFS/Target/user_diskio_spi.o
 *fill*         0x0000000020000235        0x3 
 .bss.FatFs     0x0000000020000238        0x4 Middlewares/Third_Party/FatFs/src/ff.o
 .bss.Fsid      0x000000002000023c        0x2 Middlewares/Third_Party/FatFs/src/ff.o
 *fill*         0x000000002000023e        0x2 
 .bss.Files     0x0000000020000240       0x18 Middlewares/Third_Party/FatFs/src/ff.o
 .bss.disk      0x0000000020000258        0xc Middlewares/Third_Party/FatFs/src/ff_gen_drv.o
                0x0000000020000258                disk
 .bss.__malloc_free_list
                0x0000000020000264        0x4 c:/st/stm32cubeide_1.4.0/stm32cubeide/plugins/com.st.stm32cube.ide.mcu.externaltools.gnu-tools-for-stm32.7-2018-q2-update.win32_1.5.0.202011040924/tools/bin/../lib/gcc/arm-none-eabi/7.3.1/../../../../arm-none-eabi/lib/thumb/v7-m\libc_nano.a(lib_a-nano-mallocr.o)
                0x0000000020000264                __malloc_free_list
 .bss.__malloc_sbrk_start
                0x0000000020000268        0x4 c:/st/stm32cubeide_1.4.0/stm32cubeide/plugins/com.st.stm32cube.ide.mcu.externaltools.gnu-tools-for-stm32.7-2018-q2-update.win32_1.5.0.202011040924/tools/bin/../lib/gcc/arm-none-eabi/7.3.1/../../../../arm-none-eabi/lib/thumb/v7-m\libc_nano.a(lib_a-nano-mallocr.o)
                0x0000000020000268                __malloc_sbrk_start
 *(COMMON)
 COMMON         0x000000002000026c      0x1a8 Core/Src/main.o
                0x000000002000026c                Env
                0x0000000020000410                FLAG
 COMMON         0x0000000020000414        0x4 Drivers/STM32F1xx_HAL_Driver/Src/stm32f1xx_hal.o
                0x0000000020000414                uwTick
 COMMON         0x0000000020000418      0x464 FATFS/App/fatfs.o
                0x0000000020000418                USERPath
                0x000000002000041c                retUSER
                0x0000000020000420                USERFile
                0x000000002000064c                USERFatFS
 COMMON         0x000000002000087c        0x8 FATFS/Target/user_diskio_spi.o
                0x000000002000087c                spiTimerTickStart
                0x0000000020000880                spiTimerTickDelay
 COMMON         0x0000000020000884        0x4 c:/st/stm32cubeide_1.4.0/stm32cubeide/plugins/com.st.stm32cube.ide.mcu.externaltools.gnu-tools-for-stm32.7-2018-q2-update.win32_1.5.0.202011040924/tools/bin/../lib/gcc/arm-none-eabi/7.3.1/../../../../arm-none-eabi/lib/thumb/v7-m\libc_nano.a(lib_a-reent.o)
                0x0000000020000884                errno
                0x0000000020000888                . = ALIGN (0x4)
                0x0000000020000888                _ebss = .
                0x0000000020000888                __bss_end__ = _ebss

._user_heap_stack
                0x0000000020000888      0x600 load address 0x000000000800a9e0
                0x0000000020000888                . = ALIGN (0x8)
                [!provide]                        PROVIDE (end = .)
                0x0000000020000888                PROVIDE (_end = .)
                0x0000000020000a88                . = (. + _Min_Heap_Size)
 *fill*         0x0000000020000888      0x200 
                0x0000000020000e88                . = (. + _Min_Stack_Size)
 *fill*         0x0000000020000a88      0x400 
                0x0000000020000e88                . = ALIGN (0x8)

/DISCARD/
 libc.a(*)
 libm.a(*)
 libgcc.a(*)

.ARM.attributes
                0x0000000000000000       0x29
 *(.ARM.attributes)
 .ARM.attributes
                0x0000000000000000       0x1d c:/st/stm32cubeide_1.4.0/stm32cubeide/plugins/com.st.stm32cube.ide.mcu.externaltools.gnu-tools-for-stm32.7-2018-q2-update.win32_1.5.0.202011040924/tools/bin/../lib/gcc/arm-none-eabi/7.3.1/thumb/v7-m/crti.o
 .ARM.attributes
                0x000000000000001d       0x2d c:/st/stm32cubeide_1.4.0/stm32cubeide/plugins/com.st.stm32cube.ide.mcu.externaltools.gnu-tools-for-stm32.7-2018-q2-update.win32_1.5.0.202011040924/tools/bin/../lib/gcc/arm-none-eabi/7.3.1/thumb/v7-m/crtbegin.o
 .ARM.attributes
                0x000000000000004a       0x33 Core/Src/crc.o
 .ARM.attributes
                0x000000000000007d       0x33 Core/Src/display.o
 .ARM.attributes
                0x00000000000000b0       0x33 Core/Src/gpio.o
 .ARM.attributes
                0x00000000000000e3       0x33 Core/Src/main.o
 .ARM.attributes
                0x0000000000000116       0x33 Core/Src/menu.o
 .ARM.attributes
                0x0000000000000149       0x33 Core/Src/spi.o
 .ARM.attributes
                0x000000000000017c       0x33 Core/Src/stm32f1xx_hal_msp.o
 .ARM.attributes
                0x00000000000001af       0x33 Core/Src/stm32f1xx_it.o
 .ARM.attributes
                0x00000000000001e2       0x33 Core/Src/sysmem.o
 .ARM.attributes
                0x0000000000000215       0x33 Core/Src/system_stm32f1xx.o
 .ARM.attributes
                0x0000000000000248       0x33 Core/Src/test.o
 .ARM.attributes
                0x000000000000027b       0x33 Core/Src/tim.o
 .ARM.attributes
                0x00000000000002ae       0x21 Core/Startup/startup_stm32f103c8tx.o
 .ARM.attributes
                0x00000000000002cf       0x33 Drivers/ST7735/st7735.o
 .ARM.attributes
                0x0000000000000302       0x33 Drivers/STM32F1xx_HAL_Driver/Src/stm32f1xx_hal.o
 .ARM.attributes
                0x0000000000000335       0x33 Drivers/STM32F1xx_HAL_Driver/Src/stm32f1xx_hal_cortex.o
 .ARM.attributes
                0x0000000000000368       0x33 Drivers/STM32F1xx_HAL_Driver/Src/stm32f1xx_hal_gpio.o
 .ARM.attributes
                0x000000000000039b       0x33 Drivers/STM32F1xx_HAL_Driver/Src/stm32f1xx_ll_gpio.o
 .ARM.attributes
                0x00000000000003ce       0x33 Drivers/STM32F1xx_HAL_Driver/Src/stm32f1xx_ll_spi.o
 .ARM.attributes
                0x0000000000000401       0x33 Drivers/STM32F1xx_HAL_Driver/Src/stm32f1xx_ll_tim.o
 .ARM.attributes
                0x0000000000000434       0x33 Drivers/STM32F1xx_HAL_Driver/Src/stm32f1xx_ll_utils.o
 .ARM.attributes
                0x0000000000000467       0x33 FATFS/App/fatfs.o
 .ARM.attributes
                0x000000000000049a       0x33 FATFS/Target/user_diskio.o
 .ARM.attributes
                0x00000000000004cd       0x33 FATFS/Target/user_diskio_spi.o
 .ARM.attributes
                0x0000000000000500       0x33 Middlewares/Third_Party/FatFs/src/diskio.o
 .ARM.attributes
                0x0000000000000533       0x33 Middlewares/Third_Party/FatFs/src/ff.o
 .ARM.attributes
                0x0000000000000566       0x33 Middlewares/Third_Party/FatFs/src/ff_gen_drv.o
 .ARM.attributes
                0x0000000000000599       0x2d c:/st/stm32cubeide_1.4.0/stm32cubeide/plugins/com.st.stm32cube.ide.mcu.externaltools.gnu-tools-for-stm32.7-2018-q2-update.win32_1.5.0.202011040924/tools/bin/../lib/gcc/arm-none-eabi/7.3.1/../../../../arm-none-eabi/lib/thumb/v7-m\libc_nano.a(lib_a-errno.o)
 .ARM.attributes
                0x00000000000005c6       0x2d c:/st/stm32cubeide_1.4.0/stm32cubeide/plugins/com.st.stm32cube.ide.mcu.externaltools.gnu-tools-for-stm32.7-2018-q2-update.win32_1.5.0.202011040924/tools/bin/../lib/gcc/arm-none-eabi/7.3.1/../../../../arm-none-eabi/lib/thumb/v7-m\libc_nano.a(lib_a-impure.o)
 .ARM.attributes
                0x00000000000005f3       0x2d c:/st/stm32cubeide_1.4.0/stm32cubeide/plugins/com.st.stm32cube.ide.mcu.externaltools.gnu-tools-for-stm32.7-2018-q2-update.win32_1.5.0.202011040924/tools/bin/../lib/gcc/arm-none-eabi/7.3.1/../../../../arm-none-eabi/lib/thumb/v7-m\libc_nano.a(lib_a-init.o)
 .ARM.attributes
                0x0000000000000620       0x2d c:/st/stm32cubeide_1.4.0/stm32cubeide/plugins/com.st.stm32cube.ide.mcu.externaltools.gnu-tools-for-stm32.7-2018-q2-update.win32_1.5.0.202011040924/tools/bin/../lib/gcc/arm-none-eabi/7.3.1/../../../../arm-none-eabi/lib/thumb/v7-m\libc_nano.a(lib_a-memcpy-stub.o)
 .ARM.attributes
                0x000000000000064d       0x2d c:/st/stm32cubeide_1.4.0/stm32cubeide/plugins/com.st.stm32cube.ide.mcu.externaltools.gnu-tools-for-stm32.7-2018-q2-update.win32_1.5.0.202011040924/tools/bin/../lib/gcc/arm-none-eabi/7.3.1/../../../../arm-none-eabi/lib/thumb/v7-m\libc_nano.a(lib_a-memmove.o)
 .ARM.attributes
                0x000000000000067a       0x2d c:/st/stm32cubeide_1.4.0/stm32cubeide/plugins/com.st.stm32cube.ide.mcu.externaltools.gnu-tools-for-stm32.7-2018-q2-update.win32_1.5.0.202011040924/tools/bin/../lib/gcc/arm-none-eabi/7.3.1/../../../../arm-none-eabi/lib/thumb/v7-m\libc_nano.a(lib_a-memset.o)
 .ARM.attributes
                0x00000000000006a7       0x2d c:/st/stm32cubeide_1.4.0/stm32cubeide/plugins/com.st.stm32cube.ide.mcu.externaltools.gnu-tools-for-stm32.7-2018-q2-update.win32_1.5.0.202011040924/tools/bin/../lib/gcc/arm-none-eabi/7.3.1/../../../../arm-none-eabi/lib/thumb/v7-m\libc_nano.a(lib_a-sprintf.o)
 .ARM.attributes
                0x00000000000006d4       0x2d c:/st/stm32cubeide_1.4.0/stm32cubeide/plugins/com.st.stm32cube.ide.mcu.externaltools.gnu-tools-for-stm32.7-2018-q2-update.win32_1.5.0.202011040924/tools/bin/../lib/gcc/arm-none-eabi/7.3.1/../../../../arm-none-eabi/lib/thumb/v7-m\libc_nano.a(lib_a-sscanf.o)
 .ARM.attributes
                0x0000000000000701       0x2d c:/st/stm32cubeide_1.4.0/stm32cubeide/plugins/com.st.stm32cube.ide.mcu.externaltools.gnu-tools-for-stm32.7-2018-q2-update.win32_1.5.0.202011040924/tools/bin/../lib/gcc/arm-none-eabi/7.3.1/../../../../arm-none-eabi/lib/thumb/v7-m\libc_nano.a(lib_a-stdio.o)
 .ARM.attributes
                0x000000000000072e       0x2d c:/st/stm32cubeide_1.4.0/stm32cubeide/plugins/com.st.stm32cube.ide.mcu.externaltools.gnu-tools-for-stm32.7-2018-q2-update.win32_1.5.0.202011040924/tools/bin/../lib/gcc/arm-none-eabi/7.3.1/../../../../arm-none-eabi/lib/thumb/v7-m\libc_nano.a(lib_a-strchr.o)
 .ARM.attributes
                0x000000000000075b       0x17 c:/st/stm32cubeide_1.4.0/stm32cubeide/plugins/com.st.stm32cube.ide.mcu.externaltools.gnu-tools-for-stm32.7-2018-q2-update.win32_1.5.0.202011040924/tools/bin/../lib/gcc/arm-none-eabi/7.3.1/../../../../arm-none-eabi/lib/thumb/v7-m\libc_nano.a(lib_a-strlen.o)
 .ARM.attributes
                0x0000000000000772       0x2d c:/st/stm32cubeide_1.4.0/stm32cubeide/plugins/com.st.stm32cube.ide.mcu.externaltools.gnu-tools-for-stm32.7-2018-q2-update.win32_1.5.0.202011040924/tools/bin/../lib/gcc/arm-none-eabi/7.3.1/../../../../arm-none-eabi/lib/thumb/v7-m\libc_nano.a(lib_a-strncpy.o)
 .ARM.attributes
                0x000000000000079f       0x2d c:/st/stm32cubeide_1.4.0/stm32cubeide/plugins/com.st.stm32cube.ide.mcu.externaltools.gnu-tools-for-stm32.7-2018-q2-update.win32_1.5.0.202011040924/tools/bin/../lib/gcc/arm-none-eabi/7.3.1/../../../../arm-none-eabi/lib/thumb/v7-m\libc_nano.a(lib_a-nano-svfprintf.o)
 .ARM.attributes
                0x00000000000007cc       0x2d c:/st/stm32cubeide_1.4.0/stm32cubeide/plugins/com.st.stm32cube.ide.mcu.externaltools.gnu-tools-for-stm32.7-2018-q2-update.win32_1.5.0.202011040924/tools/bin/../lib/gcc/arm-none-eabi/7.3.1/../../../../arm-none-eabi/lib/thumb/v7-m\libc_nano.a(lib_a-nano-svfscanf.o)
 .ARM.attributes
                0x00000000000007f9       0x2d c:/st/stm32cubeide_1.4.0/stm32cubeide/plugins/com.st.stm32cube.ide.mcu.externaltools.gnu-tools-for-stm32.7-2018-q2-update.win32_1.5.0.202011040924/tools/bin/../lib/gcc/arm-none-eabi/7.3.1/../../../../arm-none-eabi/lib/thumb/v7-m\libc_nano.a(lib_a-nano-vfprintf_i.o)
 .ARM.attributes
                0x0000000000000826       0x2d c:/st/stm32cubeide_1.4.0/stm32cubeide/plugins/com.st.stm32cube.ide.mcu.externaltools.gnu-tools-for-stm32.7-2018-q2-update.win32_1.5.0.202011040924/tools/bin/../lib/gcc/arm-none-eabi/7.3.1/../../../../arm-none-eabi/lib/thumb/v7-m\libc_nano.a(lib_a-nano-vfscanf_i.o)
 .ARM.attributes
                0x0000000000000853       0x2d c:/st/stm32cubeide_1.4.0/stm32cubeide/plugins/com.st.stm32cube.ide.mcu.externaltools.gnu-tools-for-stm32.7-2018-q2-update.win32_1.5.0.202011040924/tools/bin/../lib/gcc/arm-none-eabi/7.3.1/../../../../arm-none-eabi/lib/thumb/v7-m\libc_nano.a(lib_a-reent.o)
 .ARM.attributes
                0x0000000000000880       0x2d c:/st/stm32cubeide_1.4.0/stm32cubeide/plugins/com.st.stm32cube.ide.mcu.externaltools.gnu-tools-for-stm32.7-2018-q2-update.win32_1.5.0.202011040924/tools/bin/../lib/gcc/arm-none-eabi/7.3.1/../../../../arm-none-eabi/lib/thumb/v7-m\libc_nano.a(lib_a-sccl.o)
 .ARM.attributes
                0x00000000000008ad       0x2d c:/st/stm32cubeide_1.4.0/stm32cubeide/plugins/com.st.stm32cube.ide.mcu.externaltools.gnu-tools-for-stm32.7-2018-q2-update.win32_1.5.0.202011040924/tools/bin/../lib/gcc/arm-none-eabi/7.3.1/../../../../arm-none-eabi/lib/thumb/v7-m\libc_nano.a(lib_a-strtol.o)
 .ARM.attributes
                0x00000000000008da       0x2d c:/st/stm32cubeide_1.4.0/stm32cubeide/plugins/com.st.stm32cube.ide.mcu.externaltools.gnu-tools-for-stm32.7-2018-q2-update.win32_1.5.0.202011040924/tools/bin/../lib/gcc/arm-none-eabi/7.3.1/../../../../arm-none-eabi/lib/thumb/v7-m\libc_nano.a(lib_a-strtoul.o)
 .ARM.attributes
                0x0000000000000907       0x2d c:/st/stm32cubeide_1.4.0/stm32cubeide/plugins/com.st.stm32cube.ide.mcu.externaltools.gnu-tools-for-stm32.7-2018-q2-update.win32_1.5.0.202011040924/tools/bin/../lib/gcc/arm-none-eabi/7.3.1/../../../../arm-none-eabi/lib/thumb/v7-m\libc_nano.a(lib_a-ungetc.o)
 .ARM.attributes
                0x0000000000000934       0x2d c:/st/stm32cubeide_1.4.0/stm32cubeide/plugins/com.st.stm32cube.ide.mcu.externaltools.gnu-tools-for-stm32.7-2018-q2-update.win32_1.5.0.202011040924/tools/bin/../lib/gcc/arm-none-eabi/7.3.1/../../../../arm-none-eabi/lib/thumb/v7-m\libc_nano.a(lib_a-findfp.o)
 .ARM.attributes
                0x0000000000000961       0x2d c:/st/stm32cubeide_1.4.0/stm32cubeide/plugins/com.st.stm32cube.ide.mcu.externaltools.gnu-tools-for-stm32.7-2018-q2-update.win32_1.5.0.202011040924/tools/bin/../lib/gcc/arm-none-eabi/7.3.1/../../../../arm-none-eabi/lib/thumb/v7-m\libc_nano.a(lib_a-locale.o)
 .ARM.attributes
                0x000000000000098e       0x2d c:/st/stm32cubeide_1.4.0/stm32cubeide/plugins/com.st.stm32cube.ide.mcu.externaltools.gnu-tools-for-stm32.7-2018-q2-update.win32_1.5.0.202011040924/tools/bin/../lib/gcc/arm-none-eabi/7.3.1/../../../../arm-none-eabi/lib/thumb/v7-m\libc_nano.a(lib_a-mbtowc_r.o)
 .ARM.attributes
                0x00000000000009bb       0x2d c:/st/stm32cubeide_1.4.0/stm32cubeide/plugins/com.st.stm32cube.ide.mcu.externaltools.gnu-tools-for-stm32.7-2018-q2-update.win32_1.5.0.202011040924/tools/bin/../lib/gcc/arm-none-eabi/7.3.1/../../../../arm-none-eabi/lib/thumb/v7-m\libc_nano.a(lib_a-memchr-stub.o)
 .ARM.attributes
                0x00000000000009e8       0x2d c:/st/stm32cubeide_1.4.0/stm32cubeide/plugins/com.st.stm32cube.ide.mcu.externaltools.gnu-tools-for-stm32.7-2018-q2-update.win32_1.5.0.202011040924/tools/bin/../lib/gcc/arm-none-eabi/7.3.1/../../../../arm-none-eabi/lib/thumb/v7-m\libc_nano.a(lib_a-nano-freer.o)
 .ARM.attributes
                0x0000000000000a15       0x2d c:/st/stm32cubeide_1.4.0/stm32cubeide/plugins/com.st.stm32cube.ide.mcu.externaltools.gnu-tools-for-stm32.7-2018-q2-update.win32_1.5.0.202011040924/tools/bin/../lib/gcc/arm-none-eabi/7.3.1/../../../../arm-none-eabi/lib/thumb/v7-m\libc_nano.a(lib_a-nano-mallocr.o)
 .ARM.attributes
                0x0000000000000a42       0x2d c:/st/stm32cubeide_1.4.0/stm32cubeide/plugins/com.st.stm32cube.ide.mcu.externaltools.gnu-tools-for-stm32.7-2018-q2-update.win32_1.5.0.202011040924/tools/bin/../lib/gcc/arm-none-eabi/7.3.1/../../../../arm-none-eabi/lib/thumb/v7-m\libc_nano.a(lib_a-nano-reallocr.o)
 .ARM.attributes
                0x0000000000000a6f       0x2d c:/st/stm32cubeide_1.4.0/stm32cubeide/plugins/com.st.stm32cube.ide.mcu.externaltools.gnu-tools-for-stm32.7-2018-q2-update.win32_1.5.0.202011040924/tools/bin/../lib/gcc/arm-none-eabi/7.3.1/../../../../arm-none-eabi/lib/thumb/v7-m\libc_nano.a(lib_a-sbrkr.o)
 .ARM.attributes
                0x0000000000000a9c       0x2d c:/st/stm32cubeide_1.4.0/stm32cubeide/plugins/com.st.stm32cube.ide.mcu.externaltools.gnu-tools-for-stm32.7-2018-q2-update.win32_1.5.0.202011040924/tools/bin/../lib/gcc/arm-none-eabi/7.3.1/../../../../arm-none-eabi/lib/thumb/v7-m\libc_nano.a(lib_a-wctomb_r.o)
 .ARM.attributes
                0x0000000000000ac9       0x2d c:/st/stm32cubeide_1.4.0/stm32cubeide/plugins/com.st.stm32cube.ide.mcu.externaltools.gnu-tools-for-stm32.7-2018-q2-update.win32_1.5.0.202011040924/tools/bin/../lib/gcc/arm-none-eabi/7.3.1/../../../../arm-none-eabi/lib/thumb/v7-m\libc_nano.a(lib_a-ctype_.o)
 .ARM.attributes
                0x0000000000000af6       0x2d c:/st/stm32cubeide_1.4.0/stm32cubeide/plugins/com.st.stm32cube.ide.mcu.externaltools.gnu-tools-for-stm32.7-2018-q2-update.win32_1.5.0.202011040924/tools/bin/../lib/gcc/arm-none-eabi/7.3.1/../../../../arm-none-eabi/lib/thumb/v7-m\libc_nano.a(lib_a-mlock.o)
 .ARM.attributes
                0x0000000000000b23       0x2d c:/st/stm32cubeide_1.4.0/stm32cubeide/plugins/com.st.stm32cube.ide.mcu.externaltools.gnu-tools-for-stm32.7-2018-q2-update.win32_1.5.0.202011040924/tools/bin/../lib/gcc/arm-none-eabi/7.3.1/../../../../arm-none-eabi/lib/thumb/v7-m\libc_nano.a(lib_a-nano-msizer.o)
 .ARM.attributes
                0x0000000000000b50       0x1d c:/st/stm32cubeide_1.4.0/stm32cubeide/plugins/com.st.stm32cube.ide.mcu.externaltools.gnu-tools-for-stm32.7-2018-q2-update.win32_1.5.0.202011040924/tools/bin/../lib/gcc/arm-none-eabi/7.3.1/thumb/v7-m/crtn.o
OUTPUT(FW_CableTest.elf elf32-littlearm)

.debug_info     0x0000000000000000    0x17c03
 .debug_info    0x0000000000000000      0xb6d Core/Src/crc.o
 .debug_info    0x0000000000000b6d      0xee8 Core/Src/display.o
 .debug_info    0x0000000000001a55      0xd53 Core/Src/gpio.o
 .debug_info    0x00000000000027a8     0x1688 Core/Src/main.o
 .debug_info    0x0000000000003e30      0xff6 Core/Src/menu.o
 .debug_info    0x0000000000004e26      0xe7b Core/Src/spi.o
 .debug_info    0x0000000000005ca1      0xbf9 Core/Src/stm32f1xx_hal_msp.o
 .debug_info    0x000000000000689a      0xe71 Core/Src/stm32f1xx_it.o
 .debug_info    0x000000000000770b      0x985 Core/Src/sysmem.o
 .debug_info    0x0000000000008090      0x29a Core/Src/system_stm32f1xx.o
 .debug_info    0x000000000000832a     0x12c0 Core/Src/test.o
 .debug_info    0x00000000000095ea     0x197d Core/Src/tim.o
 .debug_info    0x000000000000af67       0x22 Core/Startup/startup_stm32f103c8tx.o
 .debug_info    0x000000000000af89     0x19c0 Drivers/ST7735/st7735.o
 .debug_info    0x000000000000c949      0x714 Drivers/STM32F1xx_HAL_Driver/Src/stm32f1xx_hal.o
 .debug_info    0x000000000000d05d      0xb51 Drivers/STM32F1xx_HAL_Driver/Src/stm32f1xx_hal_cortex.o
 .debug_info    0x000000000000dbae      0x69b Drivers/STM32F1xx_HAL_Driver/Src/stm32f1xx_hal_gpio.o
 .debug_info    0x000000000000e249      0x6c9 Drivers/STM32F1xx_HAL_Driver/Src/stm32f1xx_ll_gpio.o
 .debug_info    0x000000000000e912      0x4e8 Drivers/STM32F1xx_HAL_Driver/Src/stm32f1xx_ll_spi.o
 .debug_info    0x000000000000edfa      0xe53 Drivers/STM32F1xx_HAL_Driver/Src/stm32f1xx_ll_tim.o
 .debug_info    0x000000000000fc4d      0x7ea Drivers/STM32F1xx_HAL_Driver/Src/stm32f1xx_ll_utils.o
 .debug_info    0x0000000000010437     0x13af FATFS/App/fatfs.o
 .debug_info    0x00000000000117e6      0xd2f FATFS/Target/user_diskio.o
 .debug_info    0x0000000000012515     0x1152 FATFS/Target/user_diskio_spi.o
 .debug_info    0x0000000000013667      0xddd Middlewares/Third_Party/FatFs/src/diskio.o
 .debug_info    0x0000000000014444     0x2a4a Middlewares/Third_Party/FatFs/src/ff.o
 .debug_info    0x0000000000016e8e      0xd75 Middlewares/Third_Party/FatFs/src/ff_gen_drv.o

.debug_abbrev   0x0000000000000000     0x3a31
 .debug_abbrev  0x0000000000000000      0x1ee Core/Src/crc.o
 .debug_abbrev  0x00000000000001ee      0x22f Core/Src/display.o
 .debug_abbrev  0x000000000000041d      0x238 Core/Src/gpio.o
 .debug_abbrev  0x0000000000000655      0x32e Core/Src/main.o
 .debug_abbrev  0x0000000000000983      0x271 Core/Src/menu.o
 .debug_abbrev  0x0000000000000bf4      0x256 Core/Src/spi.o
 .debug_abbrev  0x0000000000000e4a      0x1ce Core/Src/stm32f1xx_hal_msp.o
 .debug_abbrev  0x0000000000001018      0x280 Core/Src/stm32f1xx_it.o
 .debug_abbrev  0x0000000000001298      0x19b Core/Src/sysmem.o
 .debug_abbrev  0x0000000000001433      0x134 Core/Src/system_stm32f1xx.o
 .debug_abbrev  0x0000000000001567      0x2c7 Core/Src/test.o
 .debug_abbrev  0x000000000000182e      0x26e Core/Src/tim.o
 .debug_abbrev  0x0000000000001a9c       0x12 Core/Startup/startup_stm32f103c8tx.o
 .debug_abbrev  0x0000000000001aae      0x2de Drivers/ST7735/st7735.o
 .debug_abbrev  0x0000000000001d8c      0x1c7 Drivers/STM32F1xx_HAL_Driver/Src/stm32f1xx_hal.o
 .debug_abbrev  0x0000000000001f53      0x2bb Drivers/STM32F1xx_HAL_Driver/Src/stm32f1xx_hal_cortex.o
 .debug_abbrev  0x000000000000220e      0x1c0 Drivers/STM32F1xx_HAL_Driver/Src/stm32f1xx_hal_gpio.o
 .debug_abbrev  0x00000000000023ce      0x210 Drivers/STM32F1xx_HAL_Driver/Src/stm32f1xx_ll_gpio.o
 .debug_abbrev  0x00000000000025de      0x195 Drivers/STM32F1xx_HAL_Driver/Src/stm32f1xx_ll_spi.o
 .debug_abbrev  0x0000000000002773      0x1c9 Drivers/STM32F1xx_HAL_Driver/Src/stm32f1xx_ll_tim.o
 .debug_abbrev  0x000000000000293c      0x213 Drivers/STM32F1xx_HAL_Driver/Src/stm32f1xx_ll_utils.o
 .debug_abbrev  0x0000000000002b4f      0x27f FATFS/App/fatfs.o
 .debug_abbrev  0x0000000000002dce      0x1fa FATFS/Target/user_diskio.o
 .debug_abbrev  0x0000000000002fc8      0x321 FATFS/Target/user_diskio_spi.o
 .debug_abbrev  0x00000000000032e9      0x212 Middlewares/Third_Party/FatFs/src/diskio.o
 .debug_abbrev  0x00000000000034fb      0x2f7 Middlewares/Third_Party/FatFs/src/ff.o
 .debug_abbrev  0x00000000000037f2      0x23f Middlewares/Third_Party/FatFs/src/ff_gen_drv.o

.debug_aranges  0x0000000000000000      0xf00
 .debug_aranges
                0x0000000000000000       0x28 Core/Src/crc.o
 .debug_aranges