Archive member included to satisfy reference by file (symbol)

c:/st/stm32cubeide_1.4.0/stm32cubeide/plugins/com.st.stm32cube.ide.mcu.externaltools.gnu-tools-for-stm32.7-2018-q2-update.win32_1.5.0.202011040924/tools/bin/../lib/gcc/arm-none-eabi/7.3.1/../../../../arm-none-eabi/lib/thumb/v7-m\libc_nano.a(lib_a-errno.o)
                              Core/Src/syscalls.o (__errno)
c:/st/stm32cubeide_1.4.0/stm32cubeide/plugins/com.st.stm32cube.ide.mcu.externaltools.gnu-tools-for-stm32.7-2018-q2-update.win32_1.5.0.202011040924/tools/bin/../lib/gcc/arm-none-eabi/7.3.1/../../../../arm-none-eabi/lib/thumb/v7-m\libc_nano.a(lib_a-exit.o)
                              c:/st/stm32cubeide_1.4.0/stm32cubeide/plugins/com.st.stm32cube.ide.mcu.externaltools.gnu-tools-for-stm32.7-2018-q2-update.win32_1.5.0.202011040924/tools/bin/../lib/gcc/arm-none-eabi/7.3.1/../../../../arm-none-eabi/lib/thumb/v7-m/crt0.o (exit)
c:/st/stm32cubeide_1.4.0/stm32cubeide/plugins/com.st.stm32cube.ide.mcu.externaltools.gnu-tools-for-stm32.7-2018-q2-update.win32_1.5.0.202011040924/tools/bin/../lib/gcc/arm-none-eabi/7.3.1/../../../../arm-none-eabi/lib/thumb/v7-m\libc_nano.a(lib_a-impure.o)
                              c:/st/stm32cubeide_1.4.0/stm32cubeide/plugins/com.st.stm32cube.ide.mcu.externaltools.gnu-tools-for-stm32.7-2018-q2-update.win32_1.5.0.202011040924/tools/bin/../lib/gcc/arm-none-eabi/7.3.1/../../../../arm-none-eabi/lib/thumb/v7-m\libc_nano.a(lib_a-exit.o) (_global_impure_ptr)
c:/st/stm32cubeide_1.4.0/stm32cubeide/plugins/com.st.stm32cube.ide.mcu.externaltools.gnu-tools-for-stm32.7-2018-q2-update.win32_1.5.0.202011040924/tools/bin/../lib/gcc/arm-none-eabi/7.3.1/../../../../arm-none-eabi/lib/thumb/v7-m\libc_nano.a(lib_a-init.o)
                              c:/st/stm32cubeide_1.4.0/stm32cubeide/plugins/com.st.stm32cube.ide.mcu.externaltools.gnu-tools-for-stm32.7-2018-q2-update.win32_1.5.0.202011040924/tools/bin/../lib/gcc/arm-none-eabi/7.3.1/../../../../arm-none-eabi/lib/thumb/v7-m/crt0.o (__libc_init_array)
c:/st/stm32cubeide_1.4.0/stm32cubeide/plugins/com.st.stm32cube.ide.mcu.externaltools.gnu-tools-for-stm32.7-2018-q2-update.win32_1.5.0.202011040924/tools/bin/../lib/gcc/arm-none-eabi/7.3.1/../../../../arm-none-eabi/lib/thumb/v7-m\libc_nano.a(lib_a-memmove.o)
                              FATFS/App/fatfs.o (memmove)
c:/st/stm32cubeide_1.4.0/stm32cubeide/plugins/com.st.stm32cube.ide.mcu.externaltools.gnu-tools-for-stm32.7-2018-q2-update.win32_1.5.0.202011040924/tools/bin/../lib/gcc/arm-none-eabi/7.3.1/../../../../arm-none-eabi/lib/thumb/v7-m\libc_nano.a(lib_a-memset.o)
                              c:/st/stm32cubeide_1.4.0/stm32cubeide/plugins/com.st.stm32cube.ide.mcu.externaltools.gnu-tools-for-stm32.7-2018-q2-update.win32_1.5.0.202011040924/tools/bin/../lib/gcc/arm-none-eabi/7.3.1/../../../../arm-none-eabi/lib/thumb/v7-m/crt0.o (memset)
c:/st/stm32cubeide_1.4.0/stm32cubeide/plugins/com.st.stm32cube.ide.mcu.externaltools.gnu-tools-for-stm32.7-2018-q2-update.win32_1.5.0.202011040924/tools/bin/../lib/gcc/arm-none-eabi/7.3.1/../../../../arm-none-eabi/lib/thumb/v7-m\libc_nano.a(lib_a-sprintf.o)
                              Core/Src/display.o (sprintf)
c:/st/stm32cubeide_1.4.0/stm32cubeide/plugins/com.st.stm32cube.ide.mcu.externaltools.gnu-tools-for-stm32.7-2018-q2-update.win32_1.5.0.202011040924/tools/bin/../lib/gcc/arm-none-eabi/7.3.1/../../../../arm-none-eabi/lib/thumb/v7-m\libc_nano.a(lib_a-sscanf.o)
                              FATFS/App/fatfs.o (sscanf)
c:/st/stm32cubeide_1.4.0/stm32cubeide/plugins/com.st.stm32cube.ide.mcu.externaltools.gnu-tools-for-stm32.7-2018-q2-update.win32_1.5.0.202011040924/tools/bin/../lib/gcc/arm-none-eabi/7.3.1/../../../../arm-none-eabi/lib/thumb/v7-m\libc_nano.a(lib_a-stdio.o)
                              c:/st/stm32cubeide_1.4.0/stm32cubeide/plugins/com.st.stm32cube.ide.mcu.externaltools.gnu-tools-for-stm32.7-2018-q2-update.win32_1.5.0.202011040924/tools/bin/../lib/gcc/arm-none-eabi/7.3.1/../../../../arm-none-eabi/lib/thumb/v7-m\libc_nano.a(lib_a-sscanf.o) (__seofread)
c:/st/stm32cubeide_1.4.0/stm32cubeide/plugins/com.st.stm32cube.ide.mcu.externaltools.gnu-tools-for-stm32.7-2018-q2-update.win32_1.5.0.202011040924/tools/bin/../lib/gcc/arm-none-eabi/7.3.1/../../../../arm-none-eabi/lib/thumb/v7-m\libc_nano.a(lib_a-strcat.o)
                              Core/Src/display.o (strcat)
c:/st/stm32cubeide_1.4.0/stm32cubeide/plugins/com.st.stm32cube.ide.mcu.externaltools.gnu-tools-for-stm32.7-2018-q2-update.win32_1.5.0.202011040924/tools/bin/../lib/gcc/arm-none-eabi/7.3.1/../../../../arm-none-eabi/lib/thumb/v7-m\libc_nano.a(lib_a-strchr.o)
                              FATFS/App/fatfs.o (strchr)
c:/st/stm32cubeide_1.4.0/stm32cubeide/plugins/com.st.stm32cube.ide.mcu.externaltools.gnu-tools-for-stm32.7-2018-q2-update.win32_1.5.0.202011040924/tools/bin/../lib/gcc/arm-none-eabi/7.3.1/../../../../arm-none-eabi/lib/thumb/v7-m\libc_nano.a(lib_a-strcpy.o)
                              Core/Src/display.o (strcpy)
[...]
Memory Configuration

Name             Origin             Length             Attributes
RAM              0x0000000020000000 0x0000000000005000 xrw
FLASH            0x0000000008000000 0x0000000000010000 xr
*default*        0x0000000000000000 0xffffffffffffffff

Linker script and memory map

LOAD c:/st/stm32cubeide_1.4.0/stm32cubeide/plugins/com.st.stm32cube.ide.mcu.externaltools.gnu-tools-for-stm32.7-2018-q2-update.win32_1.5.0.202011040924/tools/bin/../lib/gcc/arm-none-eabi/7.3.1/thumb/v7-m/crti.o
LOAD c:/st/stm32cubeide_1.4.0/stm32cubeide/plugins/com.st.stm32cube.ide.mcu.externaltools.gnu-tools-for-stm32.7-2018-q2-update.win32_1.5.0.202011040924/tools/bin/../lib/gcc/arm-none-eabi/7.3.1/thumb/v7-m/crtbegin.o
LOAD c:/st/stm32cubeide_1.4.0/stm32cubeide/plugins/com.st.stm32cube.ide.mcu.externaltools.gnu-tools-for-stm32.7-2018-q2-update.win32_1.5.0.202011040924/tools/bin/../lib/gcc/arm-none-eabi/7.3.1/../../../../arm-none-eabi/lib/thumb/v7-m/crt0.o
LOAD Core/Src/crc.o
LOAD Core/Src/display.o
LOAD Core/Src/gpio.o
LOAD Core/Src/main.o
LOAD Core/Src/menu.o
LOAD Core/Src/spi.o
LOAD Core/Src/stm32f1xx_hal_msp.o
LOAD Core/Src/stm32f1xx_it.o
LOAD Core/Src/syscalls.o
LOAD Core/Src/sysmem.o
LOAD Core/Src/system_stm32f1xx.o
LOAD Core/Src/test.o
LOAD Core/Src/tim.o
LOAD Core/Startup/startup_stm32f103c8tx.o
LOAD Drivers/ST7735/st7735.o
LOAD Drivers/STM32F1xx_HAL_Driver/Src/stm32f1xx_hal.o
LOAD Drivers/STM32F1xx_HAL_Driver/Src/stm32f1xx_hal_cortex.o
LOAD Drivers/STM32F1xx_HAL_Driver/Src/stm32f1xx_hal_dma.o
LOAD Drivers/STM32F1xx_HAL_Driver/Src/stm32f1xx_hal_exti.o
LOAD Drivers/STM32F1xx_HAL_Driver/Src/stm32f1xx_hal_flash.o
LOAD Drivers/STM32F1xx_HAL_Driver/Src/stm32f1xx_hal_flash_ex.o
LOAD Drivers/STM32F1xx_HAL_Driver/Src/stm32f1xx_hal_gpio.o
LOAD Drivers/STM32F1xx_HAL_Driver/Src/stm32f1xx_hal_gpio_ex.o
LOAD Drivers/STM32F1xx_HAL_Driver/Src/stm32f1xx_hal_pwr.o
LOAD Drivers/STM32F1xx_HAL_Driver/Src/stm32f1xx_hal_rcc.o
LOAD Drivers/STM32F1xx_HAL_Driver/Src/stm32f1xx_hal_rcc_ex.o
LOAD Drivers/STM32F1xx_HAL_Driver/Src/stm32f1xx_hal_tim.o
LOAD Drivers/STM32F1xx_HAL_Driver/Src/stm32f1xx_hal_tim_ex.o
LOAD Drivers/STM32F1xx_HAL_Driver/Src/stm32f1xx_ll_crc.o
LOAD Drivers/STM32F1xx_HAL_Driver/Src/stm32f1xx_ll_dma.o
LOAD Drivers/STM32F1xx_HAL_Driver/Src/stm32f1xx_ll_exti.o
LOAD Drivers/STM32F1xx_HAL_Driver/Src/stm32f1xx_ll_gpio.o
LOAD Drivers/STM32F1xx_HAL_Driver/Src/stm32f1xx_ll_rcc.o
LOAD Drivers/STM32F1xx_HAL_Driver/Src/stm32f1xx_ll_spi.o
LOAD Drivers/STM32F1xx_HAL_Driver/Src/stm32f1xx_ll_tim.o
LOAD Drivers/STM32F1xx_HAL_Driver/Src/stm32f1xx_ll_utils.o
LOAD FATFS/App/fatfs.o
LOAD FATFS/Target/user_diskio.o
LOAD FATFS/Target/user_diskio_spi.o
LOAD Middlewares/Third_Party/FatFs/src/diskio.o
LOAD Middlewares/Third_Party/FatFs/src/ff.o
LOAD Middlewares/Third_Party/FatFs/src/ff_gen_drv.o
LOAD Middlewares/Third_Party/FatFs/src/option/syscall.o
START GROUP
LOAD c:/st/stm32cubeide_1.4.0/stm32cubeide/plugins/com.st.stm32cube.ide.mcu.externaltools.gnu-tools-for-stm32.7-2018-q2-update.win32_1.5.0.202011040924/tools/bin/../lib/gcc/arm-none-eabi/7.3.1/../../../../arm-none-eabi/lib/thumb/v7-m\libc_nano.a
LOAD c:/st/stm32cubeide_1.4.0/stm32cubeide/plugins/com.st.stm32cube.ide.mcu.externaltools.gnu-tools-for-stm32.7-2018-q2-update.win32_1.5.0.202011040924/tools/bin/../lib/gcc/arm-none-eabi/7.3.1/../../../../arm-none-eabi/lib/thumb/v7-m\libm.a
END GROUP
START GROUP
LOAD c:/st/stm32cubeide_1.4.0/stm32cubeide/plugins/com.st.stm32cube.ide.mcu.externaltools.gnu-tools-for-stm32.7-2018-q2-update.win32_1.5.0.202011040924/tools/bin/../lib/gcc/arm-none-eabi/7.3.1/thumb/v7-m\libgcc.a
LOAD c:/st/stm32cubeide_1.4.0/stm32cubeide/plugins/com.st.stm32cube.ide.mcu.externaltools.gnu-tools-for-stm32.7-2018-q2-update.win32_1.5.0.202011040924/tools/bin/../lib/gcc/arm-none-eabi/7.3.1/../../../../arm-none-eabi/lib/thumb/v7-m\libc_nano.a
END GROUP
START GROUP
LOAD c:/st/stm32cubeide_1.4.0/stm32cubeide/plugins/com.st.stm32cube.ide.mcu.externaltools.gnu-tools-for-stm32.7-2018-q2-update.win32_1.5.0.202011040924/tools/bin/../lib/gcc/arm-none-eabi/7.3.1/thumb/v7-m\libgcc.a
LOAD c:/st/stm32cubeide_1.4.0/stm32cubeide/plugins/com.st.stm32cube.ide.mcu.externaltools.gnu-tools-for-stm32.7-2018-q2-update.win32_1.5.0.202011040924/tools/bin/../lib/gcc/arm-none-eabi/7.3.1/../../../../arm-none-eabi/lib/thumb/v7-m\libc_nano.a
LOAD c:/st/stm32cubeide_1.4.0/stm32cubeide/plugins/com.st.stm32cube.ide.mcu.externaltools.gnu-tools-for-stm32.7-2018-q2-update.win32_1.5.0.202011040924/tools/bin/../lib/gcc/arm-none-eabi/7.3.1/../../../../arm-none-eabi/lib/thumb/v7-m\libnosys.a
END GROUP
START GROUP
LOAD c:/st/stm32cubeide_1.4.0/stm32cubeide/plugins/com.st.stm32cube.ide.mcu.externaltools.gnu-tools-for-stm32.7-2018-q2-update.win32_1.5.0.202011040924/tools/bin/../lib/gcc/arm-none-eabi/7.3.1/thumb/v7-m\libgcc.a
LOAD c:/st/stm32cubeide_1.4.0/stm32cubeide/plugins/com.st.stm32cube.ide.mcu.externaltools.gnu-tools-for-stm32.7-2018-q2-update.win32_1.5.0.202011040924/tools/bin/../lib/gcc/arm-none-eabi/7.3.1/../../../../arm-none-eabi/lib/thumb/v7-m\libc_nano.a
LOAD c:/st/stm32cubeide_1.4.0/stm32cubeide/plugins/com.st.stm32cube.ide.mcu.externaltools.gnu-tools-for-stm32.7-2018-q2-update.win32_1.5.0.202011040924/tools/bin/../lib/gcc/arm-none-eabi/7.3.1/../../../../arm-none-eabi/lib/thumb/v7-m\libnosys.a
END GROUP
LOAD c:/st/stm32cubeide_1.4.0/stm32cubeide/plugins/com.st.stm32cube.ide.mcu.externaltools.gnu-tools-for-stm32.7-2018-q2-update.win32_1.5.0.202011040924/tools/bin/../lib/gcc/arm-none-eabi/7.3.1/thumb/v7-m/crtend.o
LOAD c:/st/stm32cubeide_1.4.0/stm32cubeide/plugins/com.st.stm32cube.ide.mcu.externaltools.gnu-tools-for-stm32.7-2018-q2-update.win32_1.5.0.202011040924/tools/bin/../lib/gcc/arm-none-eabi/7.3.1/thumb/v7-m/crtn.o
                0x0000000020005000                _estack = (ORIGIN (RAM) + LENGTH (RAM))
                0x0000000000000200                _Min_Heap_Size = 0x200
                0x0000000000000400                _Min_Stack_Size = 0x400

.isr_vector     0x0000000008000000      0x10c
                0x0000000008000000                . = ALIGN (0x4)
 *(.isr_vector)
 .isr_vector    0x0000000008000000      0x10c Core/Startup/startup_stm32f103c8tx.o
                0x0000000008000000                g_pfnVectors
                0x000000000800010c                . = ALIGN (0x4)

.text           0x000000000800010c     0x895c
                0x000000000800010c                . = ALIGN (0x4)
 *(.text)
 .text          0x000000000800010c       0x40 c:/st/stm32cubeide_1.4.0/stm32cubeide/plugins/com.st.stm32cube.ide.mcu.externaltools.gnu-tools-for-stm32.7-2018-q2-update.win32_1.5.0.202011040924/tools/bin/../lib/gcc/arm-none-eabi/7.3.1/thumb/v7-m/crtbegin.o
 .text          0x000000000800014c       0x10 c:/st/stm32cubeide_1.4.0/stm32cubeide/plugins/com.st.stm32cube.ide.mcu.externaltools.gnu-tools-for-stm32.7-2018-q2-update.win32_1.5.0.202011040924/tools/bin/../lib/gcc/arm-none-eabi/7.3.1/../../../../arm-none-eabi/lib/thumb/v7-m\libc_nano.a(lib_a-strlen.o)
                0x000000000800014c                strlen
 *(.text*)
 .text.LL_AHB1_GRP1_EnableClock
                0x000000000800015c       0x30 Core/Src/crc.o
 .text.MX_CRC_Init
                0x000000000800018c        0xe Core/Src/crc.o
                0x000000000800018c                MX_CRC_Init
 *fill*         0x000000000800019a        0x2 
 .text.Display  0x000000000800019c       0x90 Core/Src/display.o
                0x000000000800019c                Display
 .text.DisplayMenu
                0x000000000800022c       0xb6 Core/Src/display.o
                0x000000000800022c                DisplayMenu
 *fill*         0x00000000080002e2        0x2 
 .text.DisplayChekSchem
                0x00000000080002e4      0x1d0 Core/Src/display.o
                0x00000000080002e4                DisplayChekSchem
 .text.DisplayTest
                0x00000000080004b4       0x4c Core/Src/display.o
                0x00000000080004b4                DisplayTest
 .text.DisplayResult
                0x0000000008000500       0x50 Core/Src/display.o
                0x0000000008000500                DisplayResult
 .text.LL_APB2_GRP1_EnableClock
                0x0000000008000550       0x30 Core/Src/gpio.o
 .text.LL_GPIO_SetOutputPin
                0x0000000008000580       0x1e Core/Src/gpio.o
 .text.LL_GPIO_ResetOutputPin
                0x000000000800059e       0x1e Core/Src/gpio.o
 .text.MX_GPIO_Init
                0x00000000080005bc      0x130 Core/Src/gpio.o
                0x00000000080005bc                MX_GPIO_Init
 .text.GPIO_WriteBit
                0x00000000080006ec       0x2e Core/Src/gpio.o
                0x00000000080006ec                GPIO_WriteBit
 *fill*         0x000000000800071a        0x2 
 .text.LL_RCC_HSE_Enable
                0x000000000800071c       0x1c Core/Src/main.o
 .text.LL_RCC_HSE_IsReady
                0x0000000008000738       0x24 Core/Src/main.o
 .text.LL_RCC_SetSysClkSource
                0x000000000800075c       0x28 Core/Src/main.o
 .text.LL_RCC_GetSysClkSource
                0x0000000008000784       0x18 Core/Src/main.o
 .text.LL_RCC_SetAHBPrescaler
                0x000000000800079c       0x28 Core/Src/main.o
 .text.LL_RCC_SetAPB1Prescaler
                0x00000000080007c4       0x28 Core/Src/main.o
 .text.LL_RCC_SetAPB2Prescaler
                0x00000000080007ec       0x28 Core/Src/main.o
 .text.LL_RCC_PLL_Enable
                0x0000000008000814       0x1c Core/Src/main.o
 .text.LL_RCC_PLL_IsReady
                0x0000000008000830       0x24 Core/Src/main.o
 .text.LL_RCC_PLL_ConfigDomain_SYS
                0x0000000008000854       0x30 Core/Src/main.o
 .text.LL_FLASH_SetLatency
                0x0000000008000884       0x28 Core/Src/main.o
 .text.LL_FLASH_GetLatency
                0x00000000080008ac       0x18 Core/Src/main.o
 .text.LL_SPI_Enable
                0x00000000080008c4       0x1e Core/Src/main.o
 .text.LL_TIM_EnableCounter
                0x00000000080008e2       0x1e Core/Src/main.o
 .text.LL_TIM_SetCounter
                0x0000000008000900       0x1a Core/Src/main.o
 .text.LL_TIM_EnableAllOutputs
                0x000000000800091a       0x1e Core/Src/main.o
 .text.LL_GPIO_SetPinMode
                0x0000000008000938       0x64 Core/Src/main.o
 .text.LL_GPIO_SetPinPull
                0x000000000800099c       0x44 Core/Src/main.o
 .text.LL_GPIO_AF_RemapPartial_TIM3
                0x00000000080009e0       0x28 Core/Src/main.o
 .text.main     0x0000000008000a08      0x2f4 Core/Src/main.o
                0x0000000008000a08                main
 .text.SystemClock_Config
                0x0000000008000cfc       0x88 Core/Src/main.o
                0x0000000008000cfc                SystemClock_Config
 .text.Error_Handler
                0x0000000008000d84        0x8 Core/Src/main.o
                0x0000000008000d84                Error_Handler
 .text.assert_failed
                0x0000000008000d8c       0x14 Core/Src/main.o
                0x0000000008000d8c                assert_failed
 .text.LL_TIM_GetCounter
                0x0000000008000da0       0x16 Core/Src/menu.o
 .text.LL_GPIO_IsInputPinSet
                0x0000000008000db6       0x2c Core/Src/menu.o
 *fill*         0x0000000008000de2        0x2 
 .text.Menu     0x0000000008000de4      0x184 Core/Src/menu.o
                0x0000000008000de4                Menu
 .text.ChekSchem
                0x0000000008000f68       0xac Core/Src/menu.o
                0x0000000008000f68                ChekSchem
 .text.Result   0x0000000008001014       0x70 Core/Src/menu.o
                0x0000000008001014                Result
 .text.ReadKeyPad
                0x0000000008001084      0x134 Core/Src/menu.o
                0x0000000008001084                ReadKeyPad
 .text.StepUP   0x00000000080011b8       0x3c Core/Src/menu.o
                0x00000000080011b8                StepUP
 .text.StepDOWN
                0x00000000080011f4       0x3c Core/Src/menu.o
                0x00000000080011f4                StepDOWN
 .text.Keyboard_handler
                0x0000000008001230       0x84 Core/Src/menu.o
                0x0000000008001230                Keyboard_handler
 .text.Encoder_handler
                0x00000000080012b4       0x2a Core/Src/menu.o
                0x00000000080012b4                Encoder_handler
 *fill*         0x00000000080012de        0x2 
 .text.LL_APB2_GRP1_EnableClock
                0x00000000080012e0       0x30 Core/Src/spi.o
 .text.LL_SPI_IsActiveFlag_RXNE
                0x0000000008001310       0x24 Core/Src/spi.o
 .text.LL_SPI_IsActiveFlag_TXE
                0x0000000008001334       0x24 Core/Src/spi.o
 .text.LL_SPI_ReceiveData8
                0x0000000008001358       0x18 Core/Src/spi.o
 .text.LL_SPI_TransmitData8
                0x0000000008001370       0x22 Core/Src/spi.o
 *fill*         0x0000000008001392        0x2 
 .text.MX_SPI1_Init
                0x0000000008001394       0xa8 Core/Src/spi.o
                0x0000000008001394                MX_SPI1_Init
 .text.LL_SPI_TransmitReceive
                0x000000000800143c       0x42 Core/Src/spi.o
                0x000000000800143c                LL_SPI_TransmitReceive
 *fill*         0x000000000800147e        0x2 
 .text.HAL_MspInit
                0x0000000008001480       0x64 Core/Src/stm32f1xx_hal_msp.o
                0x0000000008001480                HAL_MspInit
 .text.NMI_Handler
                0x00000000080014e4        0x6 Core/Src/stm32f1xx_it.o
                0x00000000080014e4                NMI_Handler
 .text.HardFault_Handler
                0x00000000080014ea        0x6 Core/Src/stm32f1xx_it.o
                0x00000000080014ea                HardFault_Handler
 .text.MemManage_Handler
                0x00000000080014f0        0x6 Core/Src/stm32f1xx_it.o
                0x00000000080014f0                MemManage_Handler
 .text.BusFault_Handler
                0x00000000080014f6        0x6 Core/Src/stm32f1xx_it.o
                0x00000000080014f6                BusFault_Handler
 .text.UsageFault_Handler
                0x00000000080014fc        0x6 Core/Src/stm32f1xx_it.o
                0x00000000080014fc                UsageFault_Handler
 .text.SVC_Handler
                0x0000000008001502        0xc Core/Src/stm32f1xx_it.o
                0x0000000008001502                SVC_Handler
 .text.DebugMon_Handler
                0x000000000800150e        0xc Core/Src/stm32f1xx_it.o
                0x000000000800150e                DebugMon_Handler
 .text.PendSV_Handler
                0x000000000800151a        0xc Core/Src/stm32f1xx_it.o
                0x000000000800151a                PendSV_Handler
 .text.SysTick_Handler
                0x0000000008001526       0x10 Core/Src/stm32f1xx_it.o
                0x0000000008001526                SysTick_Handler
 *fill*         0x0000000008001536        0x2 
 .text.timer_1ms
                0x0000000008001538       0x3c Core/Src/stm32f1xx_it.o
                0x0000000008001538                timer_1ms
 .text.Flags_1ms
                0x0000000008001574       0x40 Core/Src/stm32f1xx_it.o
                0x0000000008001574                Flags_1ms
 .text.Flags_10msec
                0x00000000080015b4       0x5c Core/Src/stm32f1xx_it.o
                0x00000000080015b4                Flags_10msec
 .text.Flags_100ms
                0x0000000008001610       0x44 Core/Src/stm32f1xx_it.o
                0x0000000008001610                Flags_100ms
 .text.Flags_1s
                0x0000000008001654       0x5c Core/Src/stm32f1xx_it.o
                0x0000000008001654                Flags_1s
 .text._sbrk    0x00000000080016b0       0x6c Core/Src/sysmem.o
                0x00000000080016b0                _sbrk
 .text.SystemInit
                0x000000000800171c        0xc Core/Src/system_stm32f1xx.o
                0x000000000800171c                SystemInit
 .text.LL_TIM_EnableCounter
                0x0000000008001728       0x1e Core/Src/test.o
 .text.LL_TIM_DisableCounter
                0x0000000008001746       0x1e Core/Src/test.o
 .text.LL_TIM_CC_EnableChannel
                0x0000000008001764       0x20 Core/Src/test.o
 .text.Test     0x0000000008001784      0x158 Core/Src/test.o
                0x0000000008001784                Test
 .text.MuxSetIN_Addr
                0x00000000080018dc       0x64 Core/Src/test.o
                0x00000000080018dc                MuxSetIN_Addr
 .text.MuxSetOUT_Addr
                0x0000000008001940       0x64 Core/Src/test.o
                0x0000000008001940                MuxSetOUT_Addr
 .text.LL_APB1_GRP1_EnableClock
                0x00000000080019a4       0x30 Core/Src/tim.o
 .text.LL_APB2_GRP1_EnableClock
                0x00000000080019d4       0x30 Core/Src/tim.o
 .text.LL_TIM_DisableARRPreload
                0x0000000008001a04       0x1e Core/Src/tim.o
 *fill*         0x0000000008001a22        0x2 
 .text.LL_TIM_OC_DisableFast
                0x0000000008001a24       0x88 Core/Src/tim.o
 .text.LL_TIM_IC_SetActiveInput
                0x0000000008001aac       0x98 Core/Src/tim.o
 .text.LL_TIM_IC_SetPrescaler
                0x0000000008001b44       0x98 Core/Src/tim.o
 .text.LL_TIM_IC_SetFilter
                0x0000000008001bdc       0x98 Core/Src/tim.o
 .text.LL_TIM_IC_SetPolarity
                0x0000000008001c74       0x84 Core/Src/tim.o
 .text.LL_TIM_SetEncoderMode
                0x0000000008001cf8       0x24 Core/Src/tim.o
 .text.LL_TIM_SetTriggerOutput
                0x0000000008001d1c       0x24 Core/Src/tim.o
 .text.LL_TIM_DisableMasterSlaveMode
                0x0000000008001d40       0x1e Core/Src/tim.o
 *fill*         0x0000000008001d5e        0x2 
 .text.MX_TIM1_Init
                0x0000000008001d60       0xec Core/Src/tim.o
                0x0000000008001d60                MX_TIM1_Init
 .text.MX_TIM2_Init
                0x0000000008001e4c       0xbc Core/Src/tim.o
                0x0000000008001e4c                MX_TIM2_Init
 .text.MX_TIM3_Init
                0x0000000008001f08       0xec Core/Src/tim.o
                0x0000000008001f08                MX_TIM3_Init
 .text.Reset_Handler
                0x0000000008001ff4       0x48 Core/Startup/startup_stm32f103c8tx.o
                0x0000000008001ff4                Reset_Handler
 .text.Default_Handler
                0x000000000800203c        0x2 Core/Startup/startup_stm32f103c8tx.o
                0x000000000800203c                RTC_Alarm_IRQHandler
                0x000000000800203c                EXTI2_IRQHandler
                0x000000000800203c                TIM1_CC_IRQHandler
                0x000000000800203c                PVD_IRQHandler
                0x000000000800203c                EXTI3_IRQHandler
                0x000000000800203c                EXTI0_IRQHandler
                0x000000000800203c                I2C2_EV_IRQHandler
                0x000000000800203c                ADC1_2_IRQHandler
                0x000000000800203c                SPI1_IRQHandler
                0x000000000800203c                TAMPER_IRQHandler
                0x000000000800203c                DMA1_Channel4_IRQHandler
                0x000000000800203c                USART3_IRQHandler
                0x000000000800203c                RTC_IRQHandler
                0x000000000800203c                DMA1_Channel7_IRQHandler
                0x000000000800203c                CAN1_RX1_IRQHandler
                0x000000000800203c                TIM4_IRQHandler
                0x000000000800203c                I2C1_EV_IRQHandler
                0x000000000800203c                DMA1_Channel6_IRQHandler
                0x000000000800203c                TIM3_IRQHandler
                0x000000000800203c                RCC_IRQHandler
                0x000000000800203c                TIM1_TRG_COM_IRQHandler
                0x000000000800203c                DMA1_Channel1_IRQHandler
                0x000000000800203c                Default_Handler
                0x000000000800203c                EXTI15_10_IRQHandler
                0x000000000800203c                EXTI9_5_IRQHandler
                0x000000000800203c                SPI2_IRQHandler
                0x000000000800203c                DMA1_Channel5_IRQHandler
                0x000000000800203c                EXTI4_IRQHandler
                0x000000000800203c                USB_LP_CAN1_RX0_IRQHandler
                0x000000000800203c                USB_HP_CAN1_TX_IRQHandler
                0x000000000800203c                DMA1_Channel3_IRQHandler
                0x000000000800203c                TIM1_UP_IRQHandler
                0x000000000800203c                WWDG_IRQHandler
                0x000000000800203c                TIM2_IRQHandler
                0x000000000800203c                TIM1_BRK_IRQHandler
                0x000000000800203c                EXTI1_IRQHandler
                0x000000000800203c                USART2_IRQHandler
                0x000000000800203c                I2C2_ER_IRQHandler
                0x000000000800203c                DMA1_Channel2_IRQHandler
                0x000000000800203c                CAN1_SCE_IRQHandler
                0x000000000800203c                FLASH_IRQHandler
                0x000000000800203c                USART1_IRQHandler
                0x000000000800203c                I2C1_ER_IRQHandler
                0x000000000800203c                USBWakeUp_IRQHandler
 *fill*         0x000000000800203e        0x2 
 .text.ST7735_write
                0x0000000008002040       0x38 Drivers/ST7735/st7735.o
                0x0000000008002040                ST7735_write
 .text.ST7735_SendData
                0x0000000008002078       0x28 Drivers/ST7735/st7735.o
                0x0000000008002078                ST7735_SendData
 .text.ST7735_SendCmd
                0x00000000080020a0       0x28 Drivers/ST7735/st7735.o
                0x00000000080020a0                ST7735_SendCmd
 .text.HAL_ST7735_Init
                0x00000000080020c8      0x284 Drivers/ST7735/st7735.o
                0x00000000080020c8                HAL_ST7735_Init
 .text.ST7735_AddrSet
                0x000000000800234c       0x90 Drivers/ST7735/st7735.o
                0x000000000800234c                ST7735_AddrSet
 .text.ST7735_Clear
                0x00000000080023dc       0x5c Drivers/ST7735/st7735.o
                0x00000000080023dc                ST7735_Clear
 .text.ST7735_DrawHLine
                0x0000000008002438       0x84 Drivers/ST7735/st7735.o
                0x0000000008002438                ST7735_DrawHLine
 .text.ST7735_DrawVLine
                0x00000000080024bc       0x84 Drivers/ST7735/st7735.o
                0x00000000080024bc                ST7735_DrawVLine
 .text.ST7735_DrawChar7x11
                0x0000000008002540      0x128 Drivers/ST7735/st7735.o
                0x0000000008002540                ST7735_DrawChar7x11
 .text.ST7735_DrawString7x11
                0x0000000008002668       0x58 Drivers/ST7735/st7735.o
                0x0000000008002668                ST7735_DrawString7x11
 .text.ST7735_DrawNString7x11
                0x00000000080026c0       0x6c Drivers/ST7735/st7735.o
                0x00000000080026c0                ST7735_DrawNString7x11
 .text.ST7735_DrawRectangle
                0x000000000800272c       0x7e Drivers/ST7735/st7735.o
                0x000000000800272c                ST7735_DrawRectangle
 *fill*         0x00000000080027aa        0x2 
 .text.ST7735_ListBox_Draw
                0x00000000080027ac      0x164 Drivers/ST7735/st7735.o
                0x00000000080027ac                ST7735_ListBox_Draw
 .text.ST7735_ListBox_StructInit
                0x0000000008002910       0x56 Drivers/ST7735/st7735.o
                0x0000000008002910                ST7735_ListBox_StructInit
 *fill*         0x0000000008002966        0x2 
 .text.HAL_Init
                0x0000000008002968       0x2c Drivers/STM32F1xx_HAL_Driver/Src/stm32f1xx_hal.o
                0x0000000008002968                HAL_Init
 .text.HAL_InitTick
                0x0000000008002994       0x60 Drivers/STM32F1xx_HAL_Driver/Src/stm32f1xx_hal.o
                0x0000000008002994                HAL_InitTick
 .text.HAL_IncTick
                0x00000000080029f4       0x24 Drivers/STM32F1xx_HAL_Driver/Src/stm32f1xx_hal.o
                0x00000000080029f4                HAL_IncTick
 .text.HAL_GetTick
                0x0000000008002a18       0x14 Drivers/STM32F1xx_HAL_Driver/Src/stm32f1xx_hal.o
                0x0000000008002a18                HAL_GetTick
 .text.HAL_Delay
                0x0000000008002a2c       0x44 Drivers/STM32F1xx_HAL_Driver/Src/stm32f1xx_hal.o
                0x0000000008002a2c                HAL_Delay
 .text.__NVIC_SetPriorityGrouping
                0x0000000008002a70       0x48 Drivers/STM32F1xx_HAL_Driver/Src/stm32f1xx_hal_cortex.o
 .text.__NVIC_GetPriorityGrouping
                0x0000000008002ab8       0x1c Drivers/STM32F1xx_HAL_Driver/Src/stm32f1xx_hal_cortex.o
 .text.__NVIC_SetPriority
                0x0000000008002ad4       0x54 Drivers/STM32F1xx_HAL_Driver/Src/stm32f1xx_hal_cortex.o
 .text.NVIC_EncodePriority
                0x0000000008002b28       0x64 Drivers/STM32F1xx_HAL_Driver/Src/stm32f1xx_hal_cortex.o
 .text.SysTick_Config
                0x0000000008002b8c       0x44 Drivers/STM32F1xx_HAL_Driver/Src/stm32f1xx_hal_cortex.o
 .text.HAL_NVIC_SetPriorityGrouping
                0x0000000008002bd0       0x40 Drivers/STM32F1xx_HAL_Driver/Src/stm32f1xx_hal_cortex.o
                0x0000000008002bd0                HAL_NVIC_SetPriorityGrouping
 .text.HAL_NVIC_SetPriority
                0x0000000008002c10       0x58 Drivers/STM32F1xx_HAL_Driver/Src/stm32f1xx_hal_cortex.o
                0x0000000008002c10                HAL_NVIC_SetPriority
 .text.HAL_SYSTICK_Config
                0x0000000008002c68       0x18 Drivers/STM32F1xx_HAL_Driver/Src/stm32f1xx_hal_cortex.o
                0x0000000008002c68                HAL_SYSTICK_Config
 .text.HAL_GPIO_WritePin
                0x0000000008002c80       0x64 Drivers/STM32F1xx_HAL_Driver/Src/stm32f1xx_hal_gpio.o
                0x0000000008002c80                HAL_GPIO_WritePin
 .text.LL_GPIO_SetPinMode
                0x0000000008002ce4       0x64 Drivers/STM32F1xx_HAL_Driver/Src/stm32f1xx_ll_gpio.o
 .text.LL_GPIO_SetPinSpeed
                0x0000000008002d48       0x64 Drivers/STM32F1xx_HAL_Driver/Src/stm32f1xx_ll_gpio.o
 .text.LL_GPIO_SetPinOutputType
                0x0000000008002dac       0x64 Drivers/STM32F1xx_HAL_Driver/Src/stm32f1xx_ll_gpio.o
 .text.LL_GPIO_SetPinPull
                0x0000000008002e10       0x44 Drivers/STM32F1xx_HAL_Driver/Src/stm32f1xx_ll_gpio.o
 .text.LL_GPIO_Init
                0x0000000008002e54      0x1b0 Drivers/STM32F1xx_HAL_Driver/Src/stm32f1xx_ll_gpio.o
                0x0000000008002e54                LL_GPIO_Init
 .text.LL_SPI_IsEnabled
                0x0000000008003004       0x24 Drivers/STM32F1xx_HAL_Driver/Src/stm32f1xx_ll_spi.o
 .text.LL_SPI_SetCRCPolynomial
                0x0000000008003028       0x1e Drivers/STM32F1xx_HAL_Driver/Src/stm32f1xx_ll_spi.o
 *fill*         0x0000000008003046        0x2 
 .text.LL_SPI_Init
                0x0000000008003048      0x1fc Drivers/STM32F1xx_HAL_Driver/Src/stm32f1xx_ll_spi.o
                0x0000000008003048                LL_SPI_Init
 .text.LL_TIM_SetPrescaler
                0x0000000008003244       0x1a Drivers/STM32F1xx_HAL_Driver/Src/stm32f1xx_ll_tim.o
 .text.LL_TIM_SetAutoReload
                0x000000000800325e       0x1a Drivers/STM32F1xx_HAL_Driver/Src/stm32f1xx_ll_tim.o
 .text.LL_TIM_SetRepetitionCounter
                0x0000000008003278       0x1a Drivers/STM32F1xx_HAL_Driver/Src/stm32f1xx_ll_tim.o
 .text.LL_TIM_OC_SetCompareCH1
                0x0000000008003292       0x1a Drivers/STM32F1xx_HAL_Driver/Src/stm32f1xx_ll_tim.o
 .text.LL_TIM_OC_SetCompareCH2
                0x00000000080032ac       0x1a Drivers/STM32F1xx_HAL_Driver/Src/stm32f1xx_ll_tim.o
 .text.LL_TIM_OC_SetCompareCH3
                0x00000000080032c6       0x1a Drivers/STM32F1xx_HAL_Driver/Src/stm32f1xx_ll_tim.o
 .text.LL_TIM_OC_SetCompareCH4
                0x00000000080032e0       0x1a Drivers/STM32F1xx_HAL_Driver/Src/stm32f1xx_ll_tim.o
 .text.LL_TIM_GenerateEvent_UPDATE
                0x00000000080032fa       0x1e Drivers/STM32F1xx_HAL_Driver/Src/stm32f1xx_ll_tim.o
 .text.LL_TIM_Init
                0x0000000008003318      0x140 Drivers/STM32F1xx_HAL_Driver/Src/stm32f1xx_ll_tim.o
                0x0000000008003318                LL_TIM_Init
 .text.LL_TIM_OC_Init
                0x0000000008003458       0x70 Drivers/STM32F1xx_HAL_Driver/Src/stm32f1xx_ll_tim.o
                0x0000000008003458                LL_TIM_OC_Init
 .text.OC1Config
                0x00000000080034c8      0x1ec Drivers/STM32F1xx_HAL_Driver/Src/stm32f1xx_ll_tim.o
 .text.OC2Config
                0x00000000080036b4      0x1f4 Drivers/STM32F1xx_HAL_Driver/Src/stm32f1xx_ll_tim.o
 .text.OC3Config
                0x00000000080038a8      0x1f4 Drivers/STM32F1xx_HAL_Driver/Src/stm32f1xx_ll_tim.o
 .text.OC4Config
                0x0000000008003a9c      0x1c4 Drivers/STM32F1xx_HAL_Driver/Src/stm32f1xx_ll_tim.o
 .text.LL_SetSystemCoreClock
                0x0000000008003c60       0x1c Drivers/STM32F1xx_HAL_Driver/Src/stm32f1xx_ll_utils.o
                0x0000000008003c60                LL_SetSystemCoreClock
 .text.MX_FATFS_Init
                0x0000000008003c7c       0x24 FATFS/App/fatfs.o
                0x0000000008003c7c                MX_FATFS_Init
 .text.get_fattime
                0x0000000008003ca0        0xe FATFS/App/fatfs.o
                0x0000000008003ca0                get_fattime
 *fill*         0x0000000008003cae        0x2 
 .text.FS_GetFileList
                0x0000000008003cb0      0x158 FATFS/App/fatfs.o
                0x0000000008003cb0                FS_GetFileList
 .text.FS_ReadFile
                0x0000000008003e08      0x478 FATFS/App/fatfs.o
                0x0000000008003e08                FS_ReadFile
 .text.USER_initialize
                0x0000000008004280       0x1c FATFS/Target/user_diskio.o
                0x0000000008004280                USER_initialize
 .text.USER_status
                0x000000000800429c       0x1c FATFS/Target/user_diskio.o
                0x000000000800429c                USER_status
 .text.USER_read
                0x00000000080042b8       0x26 FATFS/Target/user_diskio.o
                0x00000000080042b8                USER_read
 .text.USER_write
                0x00000000080042de       0x26 FATFS/Target/user_diskio.o
                0x00000000080042de                USER_write
 .text.USER_ioctl
                0x0000000008004304       0x26 FATFS/Target/user_diskio.o
                0x0000000008004304                USER_ioctl
 .text.LL_SPI_SetBaudRatePrescaler
                0x000000000800432a       0x24 FATFS/Target/user_diskio_spi.o
 .text.LL_GPIO_SetOutputPin
                0x000000000800434e       0x1e FATFS/Target/user_diskio_spi.o
 .text.LL_GPIO_ResetOutputPin
                0x000000000800436c       0x1e FATFS/Target/user_diskio_spi.o
 *fill*         0x000000000800438a        0x2 
 .text.SPI_Timer_On
                0x000000000800438c       0x28 FATFS/Target/user_diskio_spi.o
                0x000000000800438c                SPI_Timer_On
 .text.SPI_Timer_Status
                0x00000000080043b4       0x2c FATFS/Target/user_diskio_spi.o
                0x00000000080043b4                SPI_Timer_Status
 .text.xchg_spi
                0x00000000080043e0       0x28 FATFS/Target/user_diskio_spi.o
 .text.rcvr_spi_multi
                0x0000000008004408       0x36 FATFS/Target/user_diskio_spi.o
 .text.xmit_spi_multi
                0x000000000800443e       0x34 FATFS/Target/user_diskio_spi.o
 .text.wait_ready
                0x0000000008004472       0x46 FATFS/Target/user_diskio_spi.o
 .text.despiselect
                0x00000000080044b8       0x1c FATFS/Target/user_diskio_spi.o
 .text.spiselect
                0x00000000080044d4       0x34 FATFS/Target/user_diskio_spi.o
 .text.rcvr_datablock
                0x0000000008004508       0x52 FATFS/Target/user_diskio_spi.o
 .text.xmit_datablock
                0x000000000800455a       0x64 FATFS/Target/user_diskio_spi.o
 .text.send_cmd
                0x00000000080045be       0xde FATFS/Target/user_diskio_spi.o
 .text.USER_SPI_initialize
                0x000000000800469c      0x1c0 FATFS/Target/user_diskio_spi.o
                0x000000000800469c                USER_SPI_initialize
 .text.USER_SPI_status
                0x000000000800485c       0x28 FATFS/Target/user_diskio_spi.o
                0x000000000800485c                USER_SPI_status
 .text.USER_SPI_read
                0x0000000008004884       0xcc FATFS/Target/user_diskio_spi.o
                0x0000000008004884                USER_SPI_read
 .text.USER_SPI_write
                0x0000000008004950       0xf8 FATFS/Target/user_diskio_spi.o
                0x0000000008004950                USER_SPI_write
 .text.USER_SPI_ioctl
                0x0000000008004a48      0x2e0 FATFS/Target/user_diskio_spi.o
                0x0000000008004a48                USER_SPI_ioctl
 .text.disk_status
                0x0000000008004d28       0x34 Middlewares/Third_Party/FatFs/src/diskio.o
                0x0000000008004d28                disk_status
 .text.disk_initialize
                0x0000000008004d5c       0x4c Middlewares/Third_Party/FatFs/src/diskio.o
                0x0000000008004d5c                disk_initialize
 .text.disk_read
                0x0000000008004da8       0x40 Middlewares/Third_Party/FatFs/src/diskio.o
                0x0000000008004da8                disk_read
 .text.disk_write
                0x0000000008004de8       0x40 Middlewares/Third_Party/FatFs/src/diskio.o
                0x0000000008004de8                disk_write
 .text.disk_ioctl
                0x0000000008004e28       0x3c Middlewares/Third_Party/FatFs/src/diskio.o
                0x0000000008004e28                disk_ioctl
 .text.mem_cpy  0x0000000008004e64       0x3a Middlewares/Third_Party/FatFs/src/ff.o
 .text.mem_set  0x0000000008004e9e       0x32 Middlewares/Third_Party/FatFs/src/ff.o
 .text.mem_cmp  0x0000000008004ed0       0x4c Middlewares/Third_Party/FatFs/src/ff.o
 .text.chk_chr  0x0000000008004f1c       0x34 Middlewares/Third_Party/FatFs/src/ff.o
 .text.chk_lock
                0x0000000008004f50       0xd8 Middlewares/Third_Party/FatFs/src/ff.o
 .text.enq_lock
                0x0000000008005028       0x48 Middlewares/Third_Party/FatFs/src/ff.o
 .text.inc_lock
                0x0000000008005070      0x16c Middlewares/Third_Party/FatFs/src/ff.o
 .text.dec_lock
                0x00000000080051dc       0x88 Middlewares/Third_Party/FatFs/src/ff.o
 .text.clear_lock
                0x0000000008005264       0x50 Middlewares/Third_Party/FatFs/src/ff.o
 .text.sync_window
                0x00000000080052b4       0x92 Middlewares/Third_Party/FatFs/src/ff.o
 .text.move_window
                0x0000000008005346       0x5c Middlewares/Third_Party/FatFs/src/ff.o
 .text.sync_fs  0x00000000080053a2      0x15a Middlewares/Third_Party/FatFs/src/ff.o
 .text.clust2sect
                0x00000000080054fc       0x42 Middlewares/Third_Party/FatFs/src/ff.o
                0x00000000080054fc                clust2sect
 .text.get_fat  0x000000000800553e      0x16e Middlewares/Third_Party/FatFs/src/ff.o
                0x000000000800553e                get_fat
 .text.put_fat  0x00000000080056ac      0x216 Middlewares/Third_Party/FatFs/src/ff.o
                0x00000000080056ac                put_fat
 .text.remove_chain
                0x00000000080058c2       0xb4 Middlewares/Third_Party/FatFs/src/ff.o
 .text.create_chain
                0x0000000008005976      0x13a Middlewares/Third_Party/FatFs/src/ff.o
 .text.clmt_clust
                0x0000000008005ab0       0x68 Middlewares/Third_Party/FatFs/src/ff.o
 .text.dir_sdi  0x0000000008005b18      0x128 Middlewares/Third_Party/FatFs/src/ff.o
 .text.dir_next
                0x0000000008005c40      0x1ee Middlewares/Third_Party/FatFs/src/ff.o
 .text.dir_alloc
                0x0000000008005e2e       0x94 Middlewares/Third_Party/FatFs/src/ff.o
 .text.ld_clust
                0x0000000008005ec2       0x5a Middlewares/Third_Party/FatFs/src/ff.o
 .text.st_clust
                0x0000000008005f1c       0x4c Middlewares/Third_Party/FatFs/src/ff.o
 .text.dir_find
                0x0000000008005f68       0x9e Middlewares/Third_Party/FatFs/src/ff.o
 .text.dir_read
                0x0000000008006006       0xbe Middlewares/Third_Party/FatFs/src/ff.o
 .text.dir_register
                0x00000000080060c4       0x72 Middlewares/Third_Party/FatFs/src/ff.o
 .text.get_fileinfo
                0x0000000008006136       0xe0 Middlewares/Third_Party/FatFs/src/ff.o
 *fill*         0x0000000008006216        0x2 
 .text.create_name
                0x0000000008006218      0x180 Middlewares/Third_Party/FatFs/src/ff.o
 .text.follow_path
                0x0000000008006398       0xdc Middlewares/Third_Party/FatFs/src/ff.o
 .text.get_ldnumber
                0x0000000008006474       0x86 Middlewares/Third_Party/FatFs/src/ff.o
 *fill*         0x00000000080064fa        0x2 
 .text.check_fs
                0x00000000080064fc       0xd4 Middlewares/Third_Party/FatFs/src/ff.o
 .text.find_volume
                0x00000000080065d0      0x594 Middlewares/Third_Party/FatFs/src/ff.o
 .text.validate
                0x0000000008006b64       0x66 Middlewares/Third_Party/FatFs/src/ff.o
 *fill*         0x0000000008006bca        0x2 
 .text.f_mount  0x0000000008006bcc       0x90 Middlewares/Third_Party/FatFs/src/ff.o
                0x0000000008006bcc                f_mount
 .text.f_open   0x0000000008006c5c      0x416 Middlewares/Third_Party/FatFs/src/ff.o
                0x0000000008006c5c                f_open
 .text.f_read   0x0000000008007072      0x2d6 Middlewares/Third_Party/FatFs/src/ff.o
                0x0000000008007072                f_read
 .text.f_sync   0x0000000008007348      0x174 Middlewares/Third_Party/FatFs/src/ff.o
                0x0000000008007348                f_sync
 .text.f_close  0x00000000080074bc       0x50 Middlewares/Third_Party/FatFs/src/ff.o
                0x00000000080074bc                f_close
 .text.f_opendir
                0x000000000800750c      0x104 Middlewares/Third_Party/FatFs/src/ff.o
                0x000000000800750c                f_opendir
 .text.f_closedir
                0x0000000008007610       0x4a Middlewares/Third_Party/FatFs/src/ff.o
                0x0000000008007610                f_closedir
 .text.f_readdir
                0x000000000800765a       0x8c Middlewares/Third_Party/FatFs/src/ff.o
                0x000000000800765a                f_readdir
 *fill*         0x00000000080076e6        0x2 
 .text.FATFS_LinkDriverEx
                0x00000000080076e8       0x94 Middlewares/Third_Party/FatFs/src/ff_gen_drv.o
                0x00000000080076e8                FATFS_LinkDriverEx
 .text.FATFS_LinkDriver
                0x000000000800777c       0x1e Middlewares/Third_Party/FatFs/src/ff_gen_drv.o
                0x000000000800777c                FATFS_LinkDriver
 *fill*         0x000000000800779a        0x2 
 .text.__errno  0x000000000800779c        0xc c:/st/stm32cubeide_1.4.0/stm32cubeide/plugins/com.st.stm32cube.ide.mcu.externaltools.gnu-tools-for-stm32.7-2018-q2-update.win32_1.5.0.202011040924/tools/bin/../lib/gcc/arm-none-eabi/7.3.1/../../../../arm-none-eabi/lib/thumb/v7-m\libc_nano.a(lib_a-errno.o)
                0x000000000800779c                __errno
 .text.__libc_init_array
                0x00000000080077a8       0x48 c:/st/stm32cubeide_1.4.0/stm32cubeide/plugins/com.st.stm32cube.ide.mcu.externaltools.gnu-tools-for-stm32.7-2018-q2-update.win32_1.5.0.202011040924/tools/bin/../lib/gcc/arm-none-eabi/7.3.1/../../../../arm-none-eabi/lib/thumb/v7-m\libc_nano.a(lib_a-init.o)
                0x00000000080077a8                __libc_init_array
 .text.memmove  0x00000000080077f0       0x32 c:/st/stm32cubeide_1.4.0/stm32cubeide/plugins/com.st.stm32cube.ide.mcu.externaltools.gnu-tools-for-stm32.7-2018-q2-update.win32_1.5.0.202011040924/tools/bin/../lib/gcc/arm-none-eabi/7.3.1/../../../../arm-none-eabi/lib/thumb/v7-m\libc_nano.a(lib_a-memmove.o)
                0x00000000080077f0                memmove
 .text.memset   0x0000000008007822       0x10 c:/st/stm32cubeide_1.4.0/stm32cubeide/plugins/com.st.stm32cube.ide.mcu.externaltools.gnu-tools-for-stm32.7-2018-q2-update.win32_1.5.0.202011040924/tools/bin/../lib/gcc/arm-none-eabi/7.3.1/../../../../arm-none-eabi/lib/thumb/v7-m\libc_nano.a(lib_a-memset.o)
                0x0000000008007822                memset
 *fill*         0x0000000008007832        0x2 
 .text.sprintf  0x0000000008007834       0x40 c:/st/stm32cubeide_1.4.0/stm32cubeide/plugins/com.st.stm32cube.ide.mcu.externaltools.gnu-tools-for-stm32.7-2018-q2-update.win32_1.5.0.202011040924/tools/bin/../lib/gcc/arm-none-eabi/7.3.1/../../../../arm-none-eabi/lib/thumb/v7-m\libc_nano.a(lib_a-sprintf.o)
                0x0000000008007834                siprintf
                0x0000000008007834                sprintf
 .text.sscanf   0x0000000008007874       0x54 c:/st/stm32cubeide_1.4.0/stm32cubeide/plugins/com.st.stm32cube.ide.mcu.externaltools.gnu-tools-for-stm32.7-2018-q2-update.win32_1.5.0.202011040924/tools/bin/../lib/gcc/arm-none-eabi/7.3.1/../../../../arm-none-eabi/lib/thumb/v7-m\libc_nano.a(lib_a-sscanf.o)
                0x0000000008007874                siscanf
                0x0000000008007874                sscanf
 .text.__seofread
                0x00000000080078c8        0x4 c:/st/stm32cubeide_1.4.0/stm32cubeide/plugins/com.st.stm32cube.ide.mcu.externaltools.gnu-tools-for-stm32.7-2018-q2-update.win32_1.5.0.202011040924/tools/bin/../lib/gcc/arm-none-eabi/7.3.1/../../../../arm-none-eabi/lib/thumb/v7-m\libc_nano.a(lib_a-stdio.o)
                0x00000000080078c8                __seofread
 .text.strcat   0x00000000080078cc       0x1e c:/st/stm32cubeide_1.4.0/stm32cubeide/plugins/com.st.stm32cube.ide.mcu.externaltools.gnu-tools-for-stm32.7-2018-q2-update.win32_1.5.0.202011040924/tools/bin/../lib/gcc/arm-none-eabi/7.3.1/../../../../arm-none-eabi/lib/thumb/v7-m\libc_nano.a(lib_a-strcat.o)
                0x00000000080078cc                strcat
 .text.strchr   0x00000000080078ea       0x1a c:/st/stm32cubeide_1.4.0/stm32cubeide/plugins/com.st.stm32cube.ide.mcu.externaltools.gnu-tools-for-stm32.7-2018-q2-update.win32_1.5.0.202011040924/tools/bin/../lib/gcc/arm-none-eabi/7.3.1/../../../../arm-none-eabi/lib/thumb/v7-m\libc_nano.a(lib_a-strchr.o)
                0x00000000080078ea                strchr
 .text.strncpy  0x0000000008007904       0x2a c:/st/stm32cubeide_1.4.0/stm32cubeide/plugins/com.st.stm32cube.ide.mcu.externaltools.gnu-tools-for-stm32.7-2018-q2-update.win32_1.5.0.202011040924/tools/bin/../lib/gcc/arm-none-eabi/7.3.1/../../../../arm-none-eabi/lib/thumb/v7-m\libc_nano.a(lib_a-strncpy.o)
                0x0000000008007904                strncpy
 .text.__ssputs_r
                0x000000000800792e       0xb4 c:/st/stm32cubeide_1.4.0/stm32cubeide/plugins/com.st.stm32cube.ide.mcu.externaltools.gnu-tools-for-stm32.7-2018-q2-update.win32_1.5.0.202011040924/tools/bin/../lib/gcc/arm-none-eabi/7.3.1/../../../../arm-none-eabi/lib/thumb/v7-m\libc_nano.a(lib_a-nano-svfprintf.o)
                0x000000000800792e                __ssputs_r
 *fill*         0x00000000080079e2        0x2 
 .text._svfprintf_r
                0x00000000080079e4      0x1f0 c:/st/stm32cubeide_1.4.0/stm32cubeide/plugins/com.st.stm32cube.ide.mcu.externaltools.gnu-tools-for-stm32.7-2018-q2-update.win32_1.5.0.202011040924/tools/bin/../lib/gcc/arm-none-eabi/7.3.1/../../../../arm-none-eabi/lib/thumb/v7-m\libc_nano.a(lib_a-nano-svfprintf.o)
                0x00000000080079e4                _svfiprintf_r
                0x00000000080079e4                _svfprintf_r
 .text._sungetc_r
                0x0000000008007bd4       0x7a c:/st/stm32cubeide_1.4.0/stm32cubeide/plugins/com.st.stm32cube.ide.mcu.externaltools.gnu-tools-for-stm32.7-2018-q2-update.win32_1.5.0.202011040924/tools/bin/../lib/gcc/arm-none-eabi/7.3.1/../../../../arm-none-eabi/lib/thumb/v7-m\libc_nano.a(lib_a-nano-svfscanf.o)
                0x0000000008007bd4                _sungetc_r
 .text.__ssrefill_r
                0x0000000008007c4e       0x3a c:/st/stm32cubeide_1.4.0/stm32cubeide/plugins/com.st.stm32cube.ide.mcu.externaltools.gnu-tools-for-stm32.7-2018-q2-update.win32_1.5.0.202011040924/tools/bin/../lib/gcc/arm-none-eabi/7.3.1/../../../../arm-none-eabi/lib/thumb/v7-m\libc_nano.a(lib_a-nano-svfscanf.o)
                0x0000000008007c4e                __ssrefill_r
 .text.__ssvfscanf_r
                0x0000000008007c88      0x2a0 c:/st/stm32cubeide_1.4.0/stm32cubeide/plugins/com.st.stm32cube.ide.mcu.externaltools.gnu-tools-for-stm32.7-2018-q2-update.win32_1.5.0.202011040924/tools/bin/../lib/gcc/arm-none-eabi/7.3.1/../../../../arm-none-eabi/lib/thumb/v7-m\libc_nano.a(lib_a-nano-svfscanf.o)
                0x0000000008007c88                __ssvfiscanf_r
                0x0000000008007c88                __ssvfscanf_r
 .text._printf_common
                0x0000000008007f28       0xec c:/st/stm32cubeide_1.4.0/stm32cubeide/plugins/com.st.stm32cube.ide.mcu.externaltools.gnu-tools-for-stm32.7-2018-q2-update.win32_1.5.0.202011040924/tools/bin/../lib/gcc/arm-none-eabi/7.3.1/../../../../arm-none-eabi/lib/thumb/v7-m\libc_nano.a(lib_a-nano-vfprintf_i.o)
                0x0000000008007f28                _printf_common
 .text._printf_i
                0x0000000008008014      0x224 c:/st/stm32cubeide_1.4.0/stm32cubeide/plugins/com.st.stm32cube.ide.mcu.externaltools.gnu-tools-for-stm32.7-2018-q2-update.win32_1.5.0.202011040924/tools/bin/../lib/gcc/arm-none-eabi/7.3.1/../../../../arm-none-eabi/lib/thumb/v7-m\libc_nano.a(lib_a-nano-vfprintf_i.o)
                0x0000000008008014                _printf_i
 .text._scanf_chars
                0x0000000008008238       0xc4 c:/st/stm32cubeide_1.4.0/stm32cubeide/plugins/com.st.stm32cube.ide.mcu.externaltools.gnu-tools-for-stm32.7-2018-q2-update.win32_1.5.0.202011040924/tools/bin/../lib/gcc/arm-none-eabi/7.3.1/../../../../arm-none-eabi/lib/thumb/v7-m\libc_nano.a(lib_a-nano-vfscanf_i.o)
                0x0000000008008238                _scanf_chars
 .text._scanf_i
                0x00000000080082fc      0x1ec c:/st/stm32cubeide_1.4.0/stm32cubeide/plugins/com.st.stm32cube.ide.mcu.externaltools.gnu-tools-for-stm32.7-2018-q2-update.win32_1.5.0.202011040924/tools/bin/../lib/gcc/arm-none-eabi/7.3.1/../../../../arm-none-eabi/lib/thumb/v7-m\libc_nano.a(lib_a-nano-vfscanf_i.o)
                0x00000000080082fc                _scanf_i
 .text.__sccl   0x00000000080084e8       0x62 c:/st/stm32cubeide_1.4.0/stm32cubeide/plugins/com.st.stm32cube.ide.mcu.externaltools.gnu-tools-for-stm32.7-2018-q2-update.win32_1.5.0.202011040924/tools/bin/../lib/gcc/arm-none-eabi/7.3.1/../../../../arm-none-eabi/lib/thumb/v7-m\libc_nano.a(lib_a-sccl.o)
                0x00000000080084e8                __sccl
 .text._strtol_l.isra.0
                0x000000000800854a       0xf6 c:/st/stm32cubeide_1.4.0/stm32cubeide/plugins/com.st.stm32cube.ide.mcu.externaltools.gnu-tools-for-stm32.7-2018-q2-update.win32_1.5.0.202011040924/tools/bin/../lib/gcc/arm-none-eabi/7.3.1/../../../../arm-none-eabi/lib/thumb/v7-m\libc_nano.a(lib_a-strtol.o)
 .text._strtol_r
                0x0000000008008640       0x24 c:/st/stm32cubeide_1.4.0/stm32cubeide/plugins/com.st.stm32cube.ide.mcu.externaltools.gnu-tools-for-stm32.7-2018-q2-update.win32_1.5.0.202011040924/tools/bin/../lib/gcc/arm-none-eabi/7.3.1/../../../../arm-none-eabi/lib/thumb/v7-m\libc_nano.a(lib_a-strtol.o)
                0x0000000008008640                _strtol_r
 .text._strtoul_l.isra.0
                0x0000000008008664       0xf4 c:/st/stm32cubeide_1.4.0/stm32cubeide/plugins/com.st.stm32cube.ide.mcu.externaltools.gnu-tools-for-stm32.7-2018-q2-update.win32_1.5.0.202011040924/tools/bin/../lib/gcc/arm-none-eabi/7.3.1/../../../../arm-none-eabi/lib/thumb/v7-m\libc_nano.a(lib_a-strtoul.o)
 .text._strtoul_r
                0x0000000008008758       0x24 c:/st/stm32cubeide_1.4.0/stm32cubeide/plugins/com.st.stm32cube.ide.mcu.externaltools.gnu-tools-for-stm32.7-2018-q2-update.win32_1.5.0.202011040924/tools/bin/../lib/gcc/arm-none-eabi/7.3.1/../../../../arm-none-eabi/lib/thumb/v7-m\libc_nano.a(lib_a-strtoul.o)
                0x0000000008008758                _strtoul_r
 .text.__submore
                0x000000000800877c       0x70 c:/st/stm32cubeide_1.4.0/stm32cubeide/plugins/com.st.stm32cube.ide.mcu.externaltools.gnu-tools-for-stm32.7-2018-q2-update.win32_1.5.0.202011040924/tools/bin/../lib/gcc/arm-none-eabi/7.3.1/../../../../arm-none-eabi/lib/thumb/v7-m\libc_nano.a(lib_a-ungetc.o)
                0x000000000800877c                __submore
 .text.__locale_ctype_ptr_l
                0x00000000080087ec        0x6 c:/st/stm32cubeide_1.4.0/stm32cubeide/plugins/com.st.stm32cube.ide.mcu.externaltools.gnu-tools-for-stm32.7-2018-q2-update.win32_1.5.0.202011040924/tools/bin/../lib/gcc/arm-none-eabi/7.3.1/../../../../arm-none-eabi/lib/thumb/v7-m\libc_nano.a(lib_a-locale.o)
                0x00000000080087ec                __locale_ctype_ptr_l
 *fill*         0x00000000080087f2        0x2 
 .text.__locale_ctype_ptr
                0x00000000080087f4       0x1c c:/st/stm32cubeide_1.4.0/stm32cubeide/plugins/com.st.stm32cube.ide.mcu.externaltools.gnu-tools-for-stm32.7-2018-q2-update.win32_1.5.0.202011040924/tools/bin/../lib/gcc/arm-none-eabi/7.3.1/../../../../arm-none-eabi/lib/thumb/v7-m\libc_nano.a(lib_a-locale.o)
                0x00000000080087f4                __locale_ctype_ptr
 .text.__ascii_mbtowc
                0x0000000008008810       0x24 c:/st/stm32cubeide_1.4.0/stm32cubeide/plugins/com.st.stm32cube.ide.mcu.externaltools.gnu-tools-for-stm32.7-2018-q2-update.win32_1.5.0.202011040924/tools/bin/../lib/gcc/arm-none-eabi/7.3.1/../../../../arm-none-eabi/lib/thumb/v7-m\libc_nano.a(lib_a-mbtowc_r.o)
                0x0000000008008810                __ascii_mbtowc
 .text.memchr   0x0000000008008834       0x1c c:/st/stm32cubeide_1.4.0/stm32cubeide/plugins/com.st.stm32cube.ide.mcu.externaltools.gnu-tools-for-stm32.7-2018-q2-update.win32_1.5.0.202011040924/tools/bin/../lib/gcc/arm-none-eabi/7.3.1/../../../../arm-none-eabi/lib/thumb/v7-m\libc_nano.a(lib_a-memchr-stub.o)
                0x0000000008008834                memchr
 .text.memcpy   0x0000000008008850       0x16 c:/st/stm32cubeide_1.4.0/stm32cubeide/plugins/com.st.stm32cube.ide.mcu.externaltools.gnu-tools-for-stm32.7-2018-q2-update.win32_1.5.0.202011040924/tools/bin/../lib/gcc/arm-none-eabi/7.3.1/../../../../arm-none-eabi/lib/thumb/v7-m\libc_nano.a(lib_a-memcpy-stub.o)
                0x0000000008008850                memcpy
 *fill*         0x0000000008008866        0x2 
 .text._free_r  0x0000000008008868       0x98 c:/st/stm32cubeide_1.4.0/stm32cubeide/plugins/com.st.stm32cube.ide.mcu.externaltools.gnu-tools-for-stm32.7-2018-q2-update.win32_1.5.0.202011040924/tools/bin/../lib/gcc/arm-none-eabi/7.3.1/../../../../arm-none-eabi/lib/thumb/v7-m\libc_nano.a(lib_a-nano-freer.o)
                0x0000000008008868                _free_r
 .text._malloc_r
                0x0000000008008900       0xb4 c:/st/stm32cubeide_1.4.0/stm32cubeide/plugins/com.st.stm32cube.ide.mcu.externaltools.gnu-tools-for-stm32.7-2018-q2-update.win32_1.5.0.202011040924/tools/bin/../lib/gcc/arm-none-eabi/7.3.1/../../../../arm-none-eabi/lib/thumb/v7-m\libc_nano.a(lib_a-nano-mallocr.o)
                0x0000000008008900                _malloc_r
 .text._realloc_r
                0x00000000080089b4       0x4c c:/st/stm32cubeide_1.4.0/stm32cubeide/plugins/com.st.stm32cube.ide.mcu.externaltools.gnu-tools-for-stm32.7-2018-q2-update.win32_1.5.0.202011040924/tools/bin/../lib/gcc/arm-none-eabi/7.3.1/../../../../arm-none-eabi/lib/thumb/v7-m\libc_nano.a(lib_a-nano-reallocr.o)
                0x00000000080089b4                _realloc_r
 .text._sbrk_r  0x0000000008008a00       0x20 c:/st/stm32cubeide_1.4.0/stm32cubeide/plugins/com.st.stm32cube.ide.mcu.externaltools.gnu-tools-for-stm32.7-2018-q2-update.win32_1.5.0.202011040924/tools/bin/../lib/gcc/arm-none-eabi/7.3.1/../../../../arm-none-eabi/lib/thumb/v7-m\libc_nano.a(lib_a-sbrkr.o)
                0x0000000008008a00                _sbrk_r
 .text.__ascii_wctomb
                0x0000000008008a20       0x1a c:/st/stm32cubeide_1.4.0/stm32cubeide/plugins/com.st.stm32cube.ide.mcu.externaltools.gnu-tools-for-stm32.7-2018-q2-update.win32_1.5.0.202011040924/tools/bin/../lib/gcc/arm-none-eabi/7.3.1/../../../../arm-none-eabi/lib/thumb/v7-m\libc_nano.a(lib_a-wctomb_r.o)
                0x0000000008008a20                __ascii_wctomb
 .text.__malloc_lock
                0x0000000008008a3a        0x2 c:/st/stm32cubeide_1.4.0/stm32cubeide/plugins/com.st.stm32cube.ide.mcu.externaltools.gnu-tools-for-stm32.7-2018-q2-update.win32_1.5.0.202011040924/tools/bin/../lib/gcc/arm-none-eabi/7.3.1/../../../../arm-none-eabi/lib/thumb/v7-m\libc_nano.a(lib_a-mlock.o)
                0x0000000008008a3a                __malloc_lock
 .text.__malloc_unlock
                0x0000000008008a3c        0x2 c:/st/stm32cubeide_1.4.0/stm32cubeide/plugins/com.st.stm32cube.ide.mcu.externaltools.gnu-tools-for-stm32.7-2018-q2-update.win32_1.5.0.202011040924/tools/bin/../lib/gcc/arm-none-eabi/7.3.1/../../../../arm-none-eabi/lib/thumb/v7-m\libc_nano.a(lib_a-mlock.o)
                0x0000000008008a3c                __malloc_unlock
 .text._malloc_usable_size_r
                0x0000000008008a3e       0x10 c:/st/stm32cubeide_1.4.0/stm32cubeide/plugins/com.st.stm32cube.ide.mcu.externaltools.gnu-tools-for-stm32.7-2018-q2-update.win32_1.5.0.202011040924/tools/bin/../lib/gcc/arm-none-eabi/7.3.1/../../../../arm-none-eabi/lib/thumb/v7-m\libc_nano.a(lib_a-nano-msizer.o)
                0x0000000008008a3e                _malloc_usable_size_r
 *(.glue_7)
 .glue_7        0x0000000008008a4e        0x0 linker stubs
 *(.glue_7t)
 .glue_7t       0x0000000008008a4e        0x0 linker stubs
 *(.eh_frame)
 *fill*         0x0000000008008a4e        0x2 
 .eh_frame      0x0000000008008a50        0x0 c:/st/stm32cubeide_1.4.0/stm32cubeide/plugins/com.st.stm32cube.ide.mcu.externaltools.gnu-tools-for-stm32.7-2018-q2-update.win32_1.5.0.202011040924/tools/bin/../lib/gcc/arm-none-eabi/7.3.1/thumb/v7-m/crtbegin.o
 *(.init)
 .init          0x0000000008008a50        0x4 c:/st/stm32cubeide_1.4.0/stm32cubeide/plugins/com.st.stm32cube.ide.mcu.externaltools.gnu-tools-for-stm32.7-2018-q2-update.win32_1.5.0.202011040924/tools/bin/../lib/gcc/arm-none-eabi/7.3.1/thumb/v7-m/crti.o
                0x0000000008008a50                _init
 .init          0x0000000008008a54        0x8 c:/st/stm32cubeide_1.4.0/stm32cubeide/plugins/com.st.stm32cube.ide.mcu.externaltools.gnu-tools-for-stm32.7-2018-q2-update.win32_1.5.0.202011040924/tools/bin/../lib/gcc/arm-none-eabi/7.3.1/thumb/v7-m/crtn.o
 *(.fini)
 .fini          0x0000000008008a5c        0x4 c:/st/stm32cubeide_1.4.0/stm32cubeide/plugins/com.st.stm32cube.ide.mcu.externaltools.gnu-tools-for-stm32.7-2018-q2-update.win32_1.5.0.202011040924/tools/bin/../lib/gcc/arm-none-eabi/7.3.1/thumb/v7-m/crti.o
                0x0000000008008a5c                _fini
 .fini          0x0000000008008a60        0x8 c:/st/stm32cubeide_1.4.0/stm32cubeide/plugins/com.st.stm32cube.ide.mcu.externaltools.gnu-tools-for-stm32.7-2018-q2-update.win32_1.5.0.202011040924/tools/bin/../lib/gcc/arm-none-eabi/7.3.1/thumb/v7-m/crtn.o
                0x0000000008008a68                . = ALIGN (0x4)
                0x0000000008008a68                _etext = .

.vfp11_veneer   0x0000000008008a68        0x0
 .vfp11_veneer  0x0000000008008a68        0x0 linker stubs

.v4_bx          0x0000000008008a68        0x0
 .v4_bx         0x0000000008008a68        0x0 linker stubs

.iplt           0x0000000008008a68        0x0
 .iplt          0x0000000008008a68        0x0 c:/st/stm32cubeide_1.4.0/stm32cubeide/plugins/com.st.stm32cube.ide.mcu.externaltools.gnu-tools-for-stm32.7-2018-q2-update.win32_1.5.0.202011040924/tools/bin/../lib/gcc/arm-none-eabi/7.3.1/thumb/v7-m/crtbegin.o

.rodata         0x0000000008008a68      0xc88
                0x0000000008008a68                . = ALIGN (0x4)
 *(.rodata)
 .rodata        0x0000000008008a68       0x1c Core/Src/display.o
 .rodata        0x0000000008008a84       0x54 Core/Src/main.o
 .rodata        0x0000000008008ad8       0x3b Drivers/STM32F1xx_HAL_Driver/Src/stm32f1xx_hal_cortex.o
 *fill*         0x0000000008008b13        0x1 
 .rodata        0x0000000008008b14       0x39 Drivers/STM32F1xx_HAL_Driver/Src/stm32f1xx_hal_gpio.o
 *fill*         0x0000000008008b4d        0x3 
 .rodata        0x0000000008008b50       0x38 Drivers/STM32F1xx_HAL_Driver/Src/stm32f1xx_ll_gpio.o
 .rodata        0x0000000008008b88       0x37 Drivers/STM32F1xx_HAL_Driver/Src/stm32f1xx_ll_spi.o
 *fill*         0x0000000008008bbf        0x1 
 .rodata        0x0000000008008bc0       0x37 Drivers/STM32F1xx_HAL_Driver/Src/stm32f1xx_ll_tim.o
 *fill*         0x0000000008008bf7        0x1 
 .rodata        0x0000000008008bf8        0xa FATFS/App/fatfs.o
 *fill*         0x0000000008008c02        0x2 
 .rodata        0x0000000008008c04       0x44 Middlewares/Third_Party/FatFs/src/ff.o
 .rodata        0x0000000008008c48        0xc c:/st/stm32cubeide_1.4.0/stm32cubeide/plugins/com.st.stm32cube.ide.mcu.externaltools.gnu-tools-for-stm32.7-2018-q2-update.win32_1.5.0.202011040924/tools/bin/../lib/gcc/arm-none-eabi/7.3.1/../../../../arm-none-eabi/lib/thumb/v7-m\libc_nano.a(lib_a-nano-vfscanf_i.o)
 *(.rodata*)
 .rodata.OFFSET_TAB_CCMRx
                0x0000000008008c54        0x7 Core/Src/tim.o
 *fill*         0x0000000008008c5b        0x1 
 .rodata.SHIFT_TAB_OCxx
                0x0000000008008c5c        0x7 Core/Src/tim.o
 *fill*         0x0000000008008c63        0x1 
 .rodata.SHIFT_TAB_ICxx
                0x0000000008008c64        0x7 Core/Src/tim.o
 *fill*         0x0000000008008c6b        0x1 
 .rodata.SHIFT_TAB_CCxP
                0x0000000008008c6c        0x7 Core/Src/tim.o
 *fill*         0x0000000008008c73        0x1 
 .rodata.Font7x11
                0x0000000008008c74      0x840 Drivers/ST7735/st7735.o
 .rodata.ExCvt  0x00000000080094b4       0x80 Middlewares/Third_Party/FatFs/src/ff.o
 .rodata._svfprintf_r.str1.1
                0x0000000008009534       0x11 c:/st/stm32cubeide_1.4.0/stm32cubeide/plugins/com.st.stm32cube.ide.mcu.externaltools.gnu-tools-for-stm32.7-2018-q2-update.win32_1.5.0.202011040924/tools/bin/../lib/gcc/arm-none-eabi/7.3.1/../../../../arm-none-eabi/lib/thumb/v7-m\libc_nano.a(lib_a-nano-svfprintf.o)
 .rodata.__ssvfscanf_r.str1.1
                0x0000000008009545        0x4 c:/st/stm32cubeide_1.4.0/stm32cubeide/plugins/com.st.stm32cube.ide.mcu.externaltools.gnu-tools-for-stm32.7-2018-q2-update.win32_1.5.0.202011040924/tools/bin/../lib/gcc/arm-none-eabi/7.3.1/../../../../arm-none-eabi/lib/thumb/v7-m\libc_nano.a(lib_a-nano-svfscanf.o)
 .rodata._printf_i.str1.1
                0x0000000008009545       0x22 c:/st/stm32cubeide_1.4.0/stm32cubeide/plugins/com.st.stm32cube.ide.mcu.externaltools.gnu-tools-for-stm32.7-2018-q2-update.win32_1.5.0.202011040924/tools/bin/../lib/gcc/arm-none-eabi/7.3.1/../../../../arm-none-eabi/lib/thumb/v7-m\libc_nano.a(lib_a-nano-vfprintf_i.o)
 .rodata._scanf_i.str1.1
                0x0000000008009567       0x12 c:/st/stm32cubeide_1.4.0/stm32cubeide/plugins/com.st.stm32cube.ide.mcu.externaltools.gnu-tools-for-stm32.7-2018-q2-update.win32_1.5.0.202011040924/tools/bin/../lib/gcc/arm-none-eabi/7.3.1/../../../../arm-none-eabi/lib/thumb/v7-m\libc_nano.a(lib_a-nano-vfscanf_i.o)
 .rodata.str1.1
                0x0000000008009579        0x9 c:/st/stm32cubeide_1.4.0/stm32cubeide/plugins/com.st.stm32cube.ide.mcu.externaltools.gnu-tools-for-stm32.7-2018-q2-update.win32_1.5.0.202011040924/tools/bin/../lib/gcc/arm-none-eabi/7.3.1/../../../../arm-none-eabi/lib/thumb/v7-m\libc_nano.a(lib_a-nano-vfscanf_i.o)
 *fill*         0x0000000008009582        0x2 
 .rodata.__sf_fake_stderr
                0x0000000008009584       0x20 c:/st/stm32cubeide_1.4.0/stm32cubeide/plugins/com.st.stm32cube.ide.mcu.externaltools.gnu-tools-for-stm32.7-2018-q2-update.win32_1.5.0.202011040924/tools/bin/../lib/gcc/arm-none-eabi/7.3.1/../../../../arm-none-eabi/lib/thumb/v7-m\libc_nano.a(lib_a-findfp.o)
                0x0000000008009584                __sf_fake_stderr
 .rodata.__sf_fake_stdin
                0x00000000080095a4       0x20 c:/st/stm32cubeide_1.4.0/stm32cubeide/plugins/com.st.stm32cube.ide.mcu.externaltools.gnu-tools-for-stm32.7-2018-q2-update.win32_1.5.0.202011040924/tools/bin/../lib/gcc/arm-none-eabi/7.3.1/../../../../arm-none-eabi/lib/thumb/v7-m\libc_nano.a(lib_a-findfp.o)
                0x00000000080095a4                __sf_fake_stdin
 .rodata.__sf_fake_stdout
                0x00000000080095c4       0x20 c:/st/stm32cubeide_1.4.0/stm32cubeide/plugins/com.st.stm32cube.ide.mcu.externaltools.gnu-tools-for-stm32.7-2018-q2-update.win32_1.5.0.202011040924/tools/bin/../lib/gcc/arm-none-eabi/7.3.1/../../../../arm-none-eabi/lib/thumb/v7-m\libc_nano.a(lib_a-findfp.o)
                0x00000000080095c4                __sf_fake_stdout
 .rodata._setlocale_r.str1.1
                0x00000000080095e4        0x8 c:/st/stm32cubeide_1.4.0/stm32cubeide/plugins/com.st.stm32cube.ide.mcu.externaltools.gnu-tools-for-stm32.7-2018-q2-update.win32_1.5.0.202011040924/tools/bin/../lib/gcc/arm-none-eabi/7.3.1/../../../../arm-none-eabi/lib/thumb/v7-m\libc_nano.a(lib_a-locale.o)
                                          0x9 (size before relaxing)
 .rodata.str1.1
                0x00000000080095ec        0x2 c:/st/stm32cubeide_1.4.0/stm32cubeide/plugins/com.st.stm32cube.ide.mcu.externaltools.gnu-tools-for-stm32.7-2018-q2-update.win32_1.5.0.202011040924/tools/bin/../lib/gcc/arm-none-eabi/7.3.1/../../../../arm-none-eabi/lib/thumb/v7-m\libc_nano.a(lib_a-locale.o)
 .rodata._ctype_
                0x00000000080095ee      0x101 c:/st/stm32cubeide_1.4.0/stm32cubeide/plugins/com.st.stm32cube.ide.mcu.externaltools.gnu-tools-for-stm32.7-2018-q2-update.win32_1.5.0.202011040924/tools/bin/../lib/gcc/arm-none-eabi/7.3.1/../../../../arm-none-eabi/lib/thumb/v7-m\libc_nano.a(lib_a-ctype_.o)
                0x00000000080095ee                _ctype_
                0x00000000080096f0                . = ALIGN (0x4)
 *fill*         0x00000000080096ef        0x1 

.rel.dyn        0x00000000080096f0        0x0
 .rel.iplt      0x00000000080096f0        0x0 c:/st/stm32cubeide_1.4.0/stm32cubeide/plugins/com.st.stm32cube.ide.mcu.externaltools.gnu-tools-for-stm32.7-2018-q2-update.win32_1.5.0.202011040924/tools/bin/../lib/gcc/arm-none-eabi/7.3.1/thumb/v7-m/crtbegin.o

.ARM.extab      0x00000000080096f0        0x0
                0x00000000080096f0                . = ALIGN (0x4)
 *(.ARM.extab* .gnu.linkonce.armextab.*)
                0x00000000080096f0                . = ALIGN (0x4)

.ARM            0x00000000080096f0        0x0
                0x00000000080096f0                . = ALIGN (0x4)
                0x00000000080096f0                __exidx_start = .
 *(.ARM.exidx*)
                0x00000000080096f0                __exidx_end = .
                0x00000000080096f0                . = ALIGN (0x4)

.preinit_array  0x00000000080096f0        0x0
                0x00000000080096f0                . = ALIGN (0x4)
                0x00000000080096f0                PROVIDE (__preinit_array_start = .)
 *(.preinit_array*)
                0x00000000080096f0                PROVIDE (__preinit_array_end = .)
                0x00000000080096f0                . = ALIGN (0x4)

.init_array     0x00000000080096f0        0x4
                0x00000000080096f0                . = ALIGN (0x4)
                0x00000000080096f0                PROVIDE (__init_array_start = .)
 *(SORT_BY_NAME(.init_array.*))
 *(.init_array*)
 .init_array    0x00000000080096f0        0x4 c:/st/stm32cubeide_1.4.0/stm32cubeide/plugins/com.st.stm32cube.ide.mcu.externaltools.gnu-tools-for-stm32.7-2018-q2-update.win32_1.5.0.202011040924/tools/bin/../lib/gcc/arm-none-eabi/7.3.1/thumb/v7-m/crtbegin.o
                0x00000000080096f4                PROVIDE (__init_array_end = .)
                0x00000000080096f4                . = ALIGN (0x4)

.fini_array     0x00000000080096f4        0x4
                0x00000000080096f4                . = ALIGN (0x4)
                [!provide]                        PROVIDE (__fini_array_start = .)
 *(SORT_BY_NAME(.fini_array.*))
 *(.fini_array*)
 .fini_array    0x00000000080096f4        0x4 c:/st/stm32cubeide_1.4.0/stm32cubeide/plugins/com.st.stm32cube.ide.mcu.externaltools.gnu-tools-for-stm32.7-2018-q2-update.win32_1.5.0.202011040924/tools/bin/../lib/gcc/arm-none-eabi/7.3.1/thumb/v7-m/crtbegin.o
                [!provide]                        PROVIDE (__fini_array_end = .)
                0x00000000080096f8                . = ALIGN (0x4)
                0x00000000080096f8                _sidata = LOADADDR (.data)

.data           0x0000000020000000      0x1fc load address 0x00000000080096f8
                0x0000000020000000                . = ALIGN (0x4)
                0x0000000020000000                _sdata = .
 *(.data)
 *(.data*)
 .data.t_10ms   0x0000000020000000        0x2 Core/Src/stm32f1xx_it.o
                0x0000000020000000                t_10ms
 .data.t_100ms  0x0000000020000002        0x2 Core/Src/stm32f1xx_it.o
                0x0000000020000002                t_100ms
 .data.t_sec    0x0000000020000004        0x2 Core/Src/stm32f1xx_it.o
                0x0000000020000004                t_sec
 .data.t_min    0x0000000020000006        0x2 Core/Src/stm32f1xx_it.o
                0x0000000020000006                t_min
 .data.SystemCoreClock
                0x0000000020000008        0x4 Core/Src/system_stm32f1xx.o
                0x0000000020000008                SystemCoreClock
 .data.uwTickPrio
                0x000000002000000c        0x4 Drivers/STM32F1xx_HAL_Driver/Src/stm32f1xx_hal.o
                0x000000002000000c                uwTickPrio
 .data.uwTickFreq
                0x0000000020000010        0x1 Drivers/STM32F1xx_HAL_Driver/Src/stm32f1xx_hal.o
                0x0000000020000010                uwTickFreq
 *fill*         0x0000000020000011        0x3 
 .data.USER_Driver
                0x0000000020000014       0x14 FATFS/Target/user_diskio.o
                0x0000000020000014                USER_Driver
 .data.Stat     0x0000000020000028        0x1 FATFS/Target/user_diskio_spi.o
 *fill*         0x0000000020000029        0x3 
 .data._impure_ptr
                0x000000002000002c        0x4 c:/st/stm32cubeide_1.4.0/stm32cubeide/plugins/com.st.stm32cube.ide.mcu.externaltools.gnu-tools-for-stm32.7-2018-q2-update.win32_1.5.0.202011040924/tools/bin/../lib/gcc/arm-none-eabi/7.3.1/../../../../arm-none-eabi/lib/thumb/v7-m\libc_nano.a(lib_a-impure.o)
                0x000000002000002c                _impure_ptr
 .data.impure_data
                0x0000000020000030       0x60 c:/st/stm32cubeide_1.4.0/stm32cubeide/plugins/com.st.stm32cube.ide.mcu.externaltools.gnu-tools-for-stm32.7-2018-q2-update.win32_1.5.0.202011040924/tools/bin/../lib/gcc/arm-none-eabi/7.3.1/../../../../arm-none-eabi/lib/thumb/v7-m\libc_nano.a(lib_a-impure.o)
 .data.__global_locale
                0x0000000020000090      0x16c c:/st/stm32cubeide_1.4.0/stm32cubeide/plugins/com.st.stm32cube.ide.mcu.externaltools.gnu-tools-for-stm32.7-2018-q2-update.win32_1.5.0.202011040924/tools/bin/../lib/gcc/arm-none-eabi/7.3.1/../../../../arm-none-eabi/lib/thumb/v7-m\libc_nano.a(lib_a-locale.o)
                0x0000000020000090                __global_locale
 *(.RamFunc)
 *(.RamFunc*)
                0x00000000200001fc                . = ALIGN (0x4)
                0x00000000200001fc                _edata = .

.igot.plt       0x00000000200001fc        0x0 load address 0x00000000080098f4
 .igot.plt      0x00000000200001fc        0x0 c:/st/stm32cubeide_1.4.0/stm32cubeide/plugins/com.st.stm32cube.ide.mcu.externaltools.gnu-tools-for-stm32.7-2018-q2-update.win32_1.5.0.202011040924/tools/bin/../lib/gcc/arm-none-eabi/7.3.1/thumb/v7-m/crtbegin.o
                0x00000000200001fc                . = ALIGN (0x4)

.bss            0x00000000200001fc      0x67c load address 0x00000000080098f4
                0x00000000200001fc                _sbss = .
                0x00000000200001fc                __bss_start__ = _sbss
 *(.bss)
 .bss           0x00000000200001fc       0x1c c:/st/stm32cubeide_1.4.0/stm32cubeide/plugins/com.st.stm32cube.ide.mcu.externaltools.gnu-tools-for-stm32.7-2018-q2-update.win32_1.5.0.202011040924/tools/bin/../lib/gcc/arm-none-eabi/7.3.1/thumb/v7-m/crtbegin.o
 *(.bss*)
 .bss.but_latch.8350
                0x0000000020000218        0x1 Core/Src/menu.o
 .bss.but_press.8351
                0x0000000020000219        0x1 Core/Src/menu.o
 .bss.key.8352  0x000000002000021a        0x1 Core/Src/menu.o
 *fill*         0x000000002000021b        0x1 
 .bss.LastEncCount.8348
                0x000000002000021c        0x2 Core/Src/menu.o
 *fill*         0x000000002000021e        0x2 
 .bss.__sbrk_heap_end
                0x0000000020000220        0x4 Core/Src/sysmem.o
 .bss.CardType  0x0000000020000224        0x1 FATFS/Target/user_diskio_spi.o
 *fill*         0x0000000020000225        0x3 
 .bss.FatFs     0x0000000020000228        0x4 Middlewares/Third_Party/FatFs/src/ff.o
 .bss.Fsid      0x000000002000022c        0x2 Middlewares/Third_Party/FatFs/src/ff.o
 *fill*         0x000000002000022e        0x2 
 .bss.Files     0x0000000020000230       0x18 Middlewares/Third_Party/FatFs/src/ff.o
 .bss.disk      0x0000000020000248        0xc Middlewares/Third_Party/FatFs/src/ff_gen_drv.o
                0x0000000020000248                disk
 .bss.__malloc_free_list
                0x0000000020000254        0x4 c:/st/stm32cubeide_1.4.0/stm32cubeide/plugins/com.st.stm32cube.ide.mcu.externaltools.gnu-tools-for-stm32.7-2018-q2-update.win32_1.5.0.202011040924/tools/bin/../lib/gcc/arm-none-eabi/7.3.1/../../../../arm-none-eabi/lib/thumb/v7-m\libc_nano.a(lib_a-nano-mallocr.o)
                0x0000000020000254                __malloc_free_list
 .bss.__malloc_sbrk_start
                0x0000000020000258        0x4 c:/st/stm32cubeide_1.4.0/stm32cubeide/plugins/com.st.stm32cube.ide.mcu.externaltools.gnu-tools-for-stm32.7-2018-q2-update.win32_1.5.0.202011040924/tools/bin/../lib/gcc/arm-none-eabi/7.3.1/../../../../arm-none-eabi/lib/thumb/v7-m\libc_nano.a(lib_a-nano-mallocr.o)
                0x0000000020000258                __malloc_sbrk_start
 *(COMMON)
 COMMON         0x000000002000025c      0x1a8 Core/Src/main.o
                0x000000002000025c                Env
                0x0000000020000400                FLAG
 COMMON         0x0000000020000404        0x4 Drivers/STM32F1xx_HAL_Driver/Src/stm32f1xx_hal.o
                0x0000000020000404                uwTick
 COMMON         0x0000000020000408      0x464 FATFS/App/fatfs.o
                0x0000000020000408                USERPath
                0x000000002000040c                retUSER
                0x0000000020000410                USERFile
                0x000000002000063c                USERFatFS
 COMMON         0x000000002000086c        0x8 FATFS/Target/user_diskio_spi.o
                0x000000002000086c                spiTimerTickStart
                0x0000000020000870                spiTimerTickDelay
 COMMON         0x0000000020000874        0x4 c:/st/stm32cubeide_1.4.0/stm32cubeide/plugins/com.st.stm32cube.ide.mcu.externaltools.gnu-tools-for-stm32.7-2018-q2-update.win32_1.5.0.202011040924/tools/bin/../lib/gcc/arm-none-eabi/7.3.1/../../../../arm-none-eabi/lib/thumb/v7-m\libc_nano.a(lib_a-reent.o)
                0x0000000020000874                errno
                0x0000000020000878                . = ALIGN (0x4)
                0x0000000020000878                _ebss = .
                0x0000000020000878                __bss_end__ = _ebss

._user_heap_stack
                0x0000000020000878      0x600 load address 0x00000000080098f4
                0x0000000020000878                . = ALIGN (0x8)
                [!provide]                        PROVIDE (end = .)
                0x0000000020000878                PROVIDE (_end = .)
                0x0000000020000a78                . = (. + _Min_Heap_Size)
 *fill*         0x0000000020000878      0x200 
                0x0000000020000e78                . = (. + _Min_Stack_Size)
 *fill*         0x0000000020000a78      0x400 
                0x0000000020000e78                . = ALIGN (0x8)

/DISCARD/
 libc.a(*)
 libm.a(*)
 libgcc.a(*)

.ARM.attributes
                0x0000000000000000       0x29
 *(.ARM.attributes)
 .ARM.attributes
                0x0000000000000000       0x1d c:/st/stm32cubeide_1.4.0/stm32cubeide/plugins/com.st.stm32cube.ide.mcu.externaltools.gnu-tools-for-stm32.7-2018-q2-update.win32_1.5.0.202011040924/tools/bin/../lib/gcc/arm-none-eabi/7.3.1/thumb/v7-m/crti.o
 .ARM.attributes
                0x000000000000001d       0x2d c:/st/stm32cubeide_1.4.0/stm32cubeide/plugins/com.st.stm32cube.ide.mcu.externaltools.gnu-tools-for-stm32.7-2018-q2-update.win32_1.5.0.202011040924/tools/bin/../lib/gcc/arm-none-eabi/7.3.1/thumb/v7-m/crtbegin.o
 .ARM.attributes
                0x000000000000004a       0x33 Core/Src/crc.o
 .ARM.attributes
                0x000000000000007d       0x33 Core/Src/display.o
 .ARM.attributes
                0x00000000000000b0       0x33 Core/Src/gpio.o
 .ARM.attributes
                0x00000000000000e3       0x33 Core/Src/main.o
 .ARM.attributes
                0x0000000000000116       0x33 Core/Src/menu.o
 .ARM.attributes
                0x0000000000000149       0x33 Core/Src/spi.o
 .ARM.attributes
                0x000000000000017c       0x33 Core/Src/stm32f1xx_hal_msp.o
 .ARM.attributes
                0x00000000000001af       0x33 Core/Src/stm32f1xx_it.o
 .ARM.attributes
                0x00000000000001e2       0x33 Core/Src/sysmem.o
 .ARM.attributes
                0x0000000000000215       0x33 Core/Src/system_stm32f1xx.o
 .ARM.attributes
                0x0000000000000248       0x33 Core/Src/test.o
 .ARM.attributes
                0x000000000000027b       0x33 Core/Src/tim.o
 .ARM.attributes
                0x00000000000002ae       0x21 Core/Startup/startup_stm32f103c8tx.o
 .ARM.attributes
                0x00000000000002cf       0x33 Drivers/ST7735/st7735.o
 .ARM.attributes
                0x0000000000000302       0x33 Drivers/STM32F1xx_HAL_Driver/Src/stm32f1xx_hal.o
 .ARM.attributes
                0x0000000000000335       0x33 Drivers/STM32F1xx_HAL_Driver/Src/stm32f1xx_hal_cortex.o
 .ARM.attributes
                0x0000000000000368       0x33 Drivers/STM32F1xx_HAL_Driver/Src/stm32f1xx_hal_gpio.o
 .ARM.attributes
                0x000000000000039b       0x33 Drivers/STM32F1xx_HAL_Driver/Src/stm32f1xx_ll_gpio.o
 .ARM.attributes
                0x00000000000003ce       0x33 Drivers/STM32F1xx_HAL_Driver/Src/stm32f1xx_ll_spi.o
 .ARM.attributes
                0x0000000000000401       0x33 Drivers/STM32F1xx_HAL_Driver/Src/stm32f1xx_ll_tim.o
 .ARM.attributes
                0x0000000000000434       0x33 Drivers/STM32F1xx_HAL_Driver/Src/stm32f1xx_ll_utils.o
 .ARM.attributes
                0x0000000000000467       0x33 FATFS/App/fatfs.o
 .ARM.attributes
                0x000000000000049a       0x33 FATFS/Target/user_diskio.o
 .ARM.attributes
                0x00000000000004cd       0x33 FATFS/Target/user_diskio_spi.o
 .ARM.attributes
                0x0000000000000500       0x33 Middlewares/Third_Party/FatFs/src/diskio.o
 .ARM.attributes
                0x0000000000000533       0x33 Middlewares/Third_Party/FatFs/src/ff.o
 .ARM.attributes
                0x0000000000000566       0x33 Middlewares/Third_Party/FatFs/src/ff_gen_drv.o
 .ARM.attributes
                0x0000000000000599       0x2d c:/st/stm32cubeide_1.4.0/stm32cubeide/plugins/com.st.stm32cube.ide.mcu.externaltools.gnu-tools-for-stm32.7-2018-q2-update.win32_1.5.0.202011040924/tools/bin/../lib/gcc/arm-none-eabi/7.3.1/../../../../arm-none-eabi/lib/thumb/v7-m\libc_nano.a(lib_a-errno.o)
 .ARM.attributes
                0x00000000000005c6       0x2d c:/st/stm32cubeide_1.4.0/stm32cubeide/plugins/com.st.stm32cube.ide.mcu.externaltools.gnu-tools-for-stm32.7-2018-q2-update.win32_1.5.0.202011040924/tools/bin/../lib/gcc/arm-none-eabi/7.3.1/../../../../arm-none-eabi/lib/thumb/v7-m\libc_nano.a(lib_a-impure.o)
 .ARM.attributes
                0x00000000000005f3       0x2d c:/st/stm32cubeide_1.4.0/stm32cubeide/plugins/com.st.stm32cube.ide.mcu.externaltools.gnu-tools-for-stm32.7-2018-q2-update.win32_1.5.0.202011040924/tools/bin/../lib/gcc/arm-none-eabi/7.3.1/../../../../arm-none-eabi/lib/thumb/v7-m\libc_nano.a(lib_a-init.o)
 .ARM.attributes
                0x0000000000000620       0x2d c:/st/stm32cubeide_1.4.0/stm32cubeide/plugins/com.st.stm32cube.ide.mcu.externaltools.gnu-tools-for-stm32.7-2018-q2-update.win32_1.5.0.202011040924/tools/bin/../lib/gcc/arm-none-eabi/7.3.1/../../../../arm-none-eabi/lib/thumb/v7-m\libc_nano.a(lib_a-memmove.o)
 .ARM.attributes
                0x000000000000064d       0x2d c:/st/stm32cubeide_1.4.0/stm32cubeide/plugins/com.st.stm32cube.ide.mcu.externaltools.gnu-tools-for-stm32.7-2018-q2-update.win32_1.5.0.202011040924/tools/bin/../lib/gcc/arm-none-eabi/7.3.1/../../../../arm-none-eabi/lib/thumb/v7-m\libc_nano.a(lib_a-memset.o)
 .ARM.attributes
                0x000000000000067a       0x2d c:/st/stm32cubeide_1.4.0/stm32cubeide/plugins/com.st.stm32cube.ide.mcu.externaltools.gnu-tools-for-stm32.7-2018-q2-update.win32_1.5.0.202011040924/tools/bin/../lib/gcc/arm-none-eabi/7.3.1/../../../../arm-none-eabi/lib/thumb/v7-m\libc_nano.a(lib_a-sprintf.o)
 .ARM.attributes
                0x00000000000006a7       0x2d c:/st/stm32cubeide_1.4.0/stm32cubeide/plugins/com.st.stm32cube.ide.mcu.externaltools.gnu-tools-for-stm32.7-2018-q2-update.win32_1.5.0.202011040924/tools/bin/../lib/gcc/arm-none-eabi/7.3.1/../../../../arm-none-eabi/lib/thumb/v7-m\libc_nano.a(lib_a-sscanf.o)
 .ARM.attributes
                0x00000000000006d4       0x2d c:/st/stm32cubeide_1.4.0/stm32cubeide/plugins/com.st.stm32cube.ide.mcu.externaltools.gnu-tools-for-stm32.7-2018-q2-update.win32_1.5.0.202011040924/tools/bin/../lib/gcc/arm-none-eabi/7.3.1/../../../../arm-none-eabi/lib/thumb/v7-m\libc_nano.a(lib_a-stdio.o)
 .ARM.attributes
                0x0000000000000701       0x2d c:/st/stm32cubeide_1.4.0/stm32cubeide/plugins/com.st.stm32cube.ide.mcu.externaltools.gnu-tools-for-stm32.7-2018-q2-update.win32_1.5.0.202011040924/tools/bin/../lib/gcc/arm-none-eabi/7.3.1/../../../../arm-none-eabi/lib/thumb/v7-m\libc_nano.a(lib_a-strcat.o)
 .ARM.attributes
                0x000000000000072e       0x2d c:/st/stm32cubeide_1.4.0/stm32cubeide/plugins/com.st.stm32cube.ide.mcu.externaltools.gnu-tools-for-stm32.7-2018-q2-update.win32_1.5.0.202011040924/tools/bin/../lib/gcc/arm-none-eabi/7.3.1/../../../../arm-none-eabi/lib/thumb/v7-m\libc_nano.a(lib_a-strchr.o)
 .ARM.attributes
                0x000000000000075b       0x17 c:/st/stm32cubeide_1.4.0/stm32cubeide/plugins/com.st.stm32cube.ide.mcu.externaltools.gnu-tools-for-stm32.7-2018-q2-update.win32_1.5.0.202011040924/tools/bin/../lib/gcc/arm-none-eabi/7.3.1/../../../../arm-none-eabi/lib/thumb/v7-m\libc_nano.a(lib_a-strlen.o)
 .ARM.attributes
                0x0000000000000772       0x2d c:/st/stm32cubeide_1.4.0/stm32cubeide/plugins/com.st.stm32cube.ide.mcu.externaltools.gnu-tools-for-stm32.7-2018-q2-update.win32_1.5.0.202011040924/tools/bin/../lib/gcc/arm-none-eabi/7.3.1/../../../../arm-none-eabi/lib/thumb/v7-m\libc_nano.a(lib_a-strncpy.o)
 .ARM.attributes
                0x000000000000079f       0x2d c:/st/stm32cubeide_1.4.0/stm32cubeide/plugins/com.st.stm32cube.ide.mcu.externaltools.gnu-tools-for-stm32.7-2018-q2-update.win32_1.5.0.202011040924/tools/bin/../lib/gcc/arm-none-eabi/7.3.1/../../../../arm-none-eabi/lib/thumb/v7-m\libc_nano.a(lib_a-nano-svfprintf.o)
 .ARM.attributes
                0x00000000000007cc       0x2d c:/st/stm32cubeide_1.4.0/stm32cubeide/plugins/com.st.stm32cube.ide.mcu.externaltools.gnu-tools-for-stm32.7-2018-q2-update.win32_1.5.0.202011040924/tools/bin/../lib/gcc/arm-none-eabi/7.3.1/../../../../arm-none-eabi/lib/thumb/v7-m\libc_nano.a(lib_a-nano-svfscanf.o)
 .ARM.attributes
                0x00000000000007f9       0x2d c:/st/stm32cubeide_1.4.0/stm32cubeide/plugins/com.st.stm32cube.ide.mcu.externaltools.gnu-tools-for-stm32.7-2018-q2-update.win32_1.5.0.202011040924/tools/bin/../lib/gcc/arm-none-eabi/7.3.1/../../../../arm-none-eabi/lib/thumb/v7-m\libc_nano.a(lib_a-nano-vfprintf_i.o)
 .ARM.attributes
                0x0000000000000826       0x2d c:/st/stm32cubeide_1.4.0/stm32cubeide/plugins/com.st.stm32cube.ide.mcu.externaltools.gnu-tools-for-stm32.7-2018-q2-update.win32_1.5.0.202011040924/tools/bin/../lib/gcc/arm-none-eabi/7.3.1/../../../../arm-none-eabi/lib/thumb/v7-m\libc_nano.a(lib_a-nano-vfscanf_i.o)
 .ARM.attributes
                0x0000000000000853       0x2d c:/st/stm32cubeide_1.4.0/stm32cubeide/plugins/com.st.stm32cube.ide.mcu.externaltools.gnu-tools-for-stm32.7-2018-q2-update.win32_1.5.0.202011040924/tools/bin/../lib/gcc/arm-none-eabi/7.3.1/../../../../arm-none-eabi/lib/thumb/v7-m\libc_nano.a(lib_a-reent.o)
 .ARM.attributes
                0x0000000000000880       0x2d c:/st/stm32cubeide_1.4.0/stm32cubeide/plugins/com.st.stm32cube.ide.mcu.externaltools.gnu-tools-for-stm32.7-2018-q2-update.win32_1.5.0.202011040924/tools/bin/../lib/gcc/arm-none-eabi/7.3.1/../../../../arm-none-eabi/lib/thumb/v7-m\libc_nano.a(lib_a-sccl.o)
 .ARM.attributes
                0x00000000000008ad       0x2d c:/st/stm32cubeide_1.4.0/stm32cubeide/plugins/com.st.stm32cube.ide.mcu.externaltools.gnu-tools-for-stm32.7-2018-q2-update.win32_1.5.0.202011040924/tools/bin/../lib/gcc/arm-none-eabi/7.3.1/../../../../arm-none-eabi/lib/thumb/v7-m\libc_nano.a(lib_a-strtol.o)
 .ARM.attributes
                0x00000000000008da       0x2d c:/st/stm32cubeide_1.4.0/stm32cubeide/plugins/com.st.stm32cube.ide.mcu.externaltools.gnu-tools-for-stm32.7-2018-q2-update.win32_1.5.0.202011040924/tools/bin/../lib/gcc/arm-none-eabi/7.3.1/../../../../arm-none-eabi/lib/thumb/v7-m\libc_nano.a(lib_a-strtoul.o)
 .ARM.attributes
                0x0000000000000907       0x2d c:/st/stm32cubeide_1.4.0/stm32cubeide/plugins/com.st.stm32cube.ide.mcu.externaltools.gnu-tools-for-stm32.7-2018-q2-update.win32_1.5.0.202011040924/tools/bin/../lib/gcc/arm-none-eabi/7.3.1/../../../../arm-none-eabi/lib/thumb/v7-m\libc_nano.a(lib_a-ungetc.o)
 .ARM.attributes
                0x0000000000000934       0x2d c:/st/stm32cubeide_1.4.0/stm32cubeide/plugins/com.st.stm32cube.ide.mcu.externaltools.gnu-tools-for-stm32.7-2018-q2-update.win32_1.5.0.202011040924/tools/bin/../lib/gcc/arm-none-eabi/7.3.1/../../../../arm-none-eabi/lib/thumb/v7-m\libc_nano.a(lib_a-findfp.o)
 .ARM.attributes
                0x0000000000000961       0x2d c:/st/stm32cubeide_1.4.0/stm32cubeide/plugins/com.st.stm32cube.ide.mcu.externaltools.gnu-tools-for-stm32.7-2018-q2-update.win32_1.5.0.202011040924/tools/bin/../lib/gcc/arm-none-eabi/7.3.1/../../../../arm-none-eabi/lib/thumb/v7-m\libc_nano.a(lib_a-locale.o)
 .ARM.attributes
                0x000000000000098e       0x2d c:/st/stm32cubeide_1.4.0/stm32cubeide/plugins/com.st.stm32cube.ide.mcu.externaltools.gnu-tools-for-stm32.7-2018-q2-update.win32_1.5.0.202011040924/tools/bin/../lib/gcc/arm-none-eabi/7.3.1/../../../../arm-none-eabi/lib/thumb/v7-m\libc_nano.a(lib_a-mbtowc_r.o)
 .ARM.attributes
                0x00000000000009bb       0x2d c:/st/stm32cubeide_1.4.0/stm32cubeide/plugins/com.st.stm32cube.ide.mcu.externaltools.gnu-tools-for-stm32.7-2018-q2-update.win32_1.5.0.202011040924/tools/bin/../lib/gcc/arm-none-eabi/7.3.1/../../../../arm-none-eabi/lib/thumb/v7-m\libc_nano.a(lib_a-memchr-stub.o)
 .ARM.attributes
                0x00000000000009e8       0x2d c:/st/stm32cubeide_1.4.0/stm32cubeide/plugins/com.st.stm32cube.ide.mcu.externaltools.gnu-tools-for-stm32.7-2018-q2-update.win32_1.5.0.202011040924/tools/bin/../lib/gcc/arm-none-eabi/7.3.1/../../../../arm-none-eabi/lib/thumb/v7-m\libc_nano.a(lib_a-memcpy-stub.o)
 .ARM.attributes
                0x0000000000000a15       0x2d c:/st/stm32cubeide_1.4.0/stm32cubeide/plugins/com.st.stm32cube.ide.mcu.externaltools.gnu-tools-for-stm32.7-2018-q2-update.win32_1.5.0.202011040924/tools/bin/../lib/gcc/arm-none-eabi/7.3.1/../../../../arm-none-eabi/lib/thumb/v7-m\libc_nano.a(lib_a-nano-freer.o)
 .ARM.attributes
                0x0000000000000a42       0x2d c:/st/stm32cubeide_1.4.0/stm32cubeide/plugins/com.st.stm32cube.ide.mcu.externaltools.gnu-tools-for-stm32.7-2018-q2-update.win32_1.5.0.202011040924/tools/bin/../lib/gcc/arm-none-eabi/7.3.1/../../../../arm-none-eabi/lib/thumb/v7-m\libc_nano.a(lib_a-nano-mallocr.o)
 .ARM.attributes
                0x0000000000000a6f       0x2d c:/st/stm32cubeide_1.4.0/stm32cubeide/plugins/com.st.stm32cube.ide.mcu.externaltools.gnu-tools-for-stm32.7-2018-q2-update.win32_1.5.0.202011040924/tools/bin/../lib/gcc/arm-none-eabi/7.3.1/../../../../arm-none-eabi/lib/thumb/v7-m\libc_nano.a(lib_a-nano-reallocr.o)
 .ARM.attributes
                0x0000000000000a9c       0x2d c:/st/stm32cubeide_1.4.0/stm32cubeide/plugins/com.st.stm32cube.ide.mcu.externaltools.gnu-tools-for-stm32.7-2018-q2-update.win32_1.5.0.202011040924/tools/bin/../lib/gcc/arm-none-eabi/7.3.1/../../../../arm-none-eabi/lib/thumb/v7-m\libc_nano.a(lib_a-sbrkr.o)
 .ARM.attributes
                0x0000000000000ac9       0x2d c:/st/stm32cubeide_1.4.0/stm32cubeide/plugins/com.st.stm32cube.ide.mcu.externaltools.gnu-tools-for-stm32.7-2018-q2-update.win32_1.5.0.202011040924/tools/bin/../lib/gcc/arm-none-eabi/7.3.1/../../../../arm-none-eabi/lib/thumb/v7-m\libc_nano.a(lib_a-wctomb_r.o)
 .ARM.attributes
                0x0000000000000af6       0x2d c:/st/stm32cubeide_1.4.0/stm32cubeide/plugins/com.st.stm32cube.ide.mcu.externaltools.gnu-tools-for-stm32.7-2018-q2-update.win32_1.5.0.202011040924/tools/bin/../lib/gcc/arm-none-eabi/7.3.1/../../../../arm-none-eabi/lib/thumb/v7-m\libc_nano.a(lib_a-ctype_.o)
 .ARM.attributes
                0x0000000000000b23       0x2d c:/st/stm32cubeide_1.4.0/stm32cubeide/plugins/com.st.stm32cube.ide.mcu.externaltools.gnu-tools-for-stm32.7-2018-q2-update.win32_1.5.0.202011040924/tools/bin/../lib/gcc/arm-none-eabi/7.3.1/../../../../arm-none-eabi/lib/thumb/v7-m\libc_nano.a(lib_a-mlock.o)
 .ARM.attributes
                0x0000000000000b50       0x2d c:/st/stm32cubeide_1.4.0/stm32cubeide/plugins/com.st.stm32cube.ide.mcu.externaltools.gnu-tools-for-stm32.7-2018-q2-update.win32_1.5.0.202011040924/tools/bin/../lib/gcc/arm-none-eabi/7.3.1/../../../../arm-none-eabi/lib/thumb/v7-m\libc_nano.a(lib_a-nano-msizer.o)
 .ARM.attributes
                0x0000000000000b7d       0x1d c:/st/stm32cubeide_1.4.0/stm32cubeide/plugins/com.st.stm32cube.ide.mcu.externaltools.gnu-tools-for-stm32.7-2018-q2-update.win32_1.5.0.202011040924/tools/bin/../lib/gcc/arm-none-eabi/7.3.1/thumb/v7-m/crtn.o
OUTPUT(FW_CableTest.elf elf32-littlearm)

.debug_info     0x0000000000000000    0x16eab
 .debug_info    0x0000000000000000      0xb4c Core/Src/crc.o
 .debug_info    0x0000000000000b4c      0xf11 Core/Src/display.o
 .debug_info    0x0000000000001a5d      0xcea Core/Src/gpio.o
 .debug_info    0x0000000000002747     0x18c9 Core/Src/main.o
 .debug_info    0x0000000000004010      0xfeb Core/Src/menu.o
 .debug_info    0x0000000000004ffb      0xe5a Core/Src/spi.o
 .debug_info    0x0000000000005e55      0xbd8 Core/Src/stm32f1xx_hal_msp.o
 .debug_info    0x0000000000006a2d      0xbbb Core/Src/stm32f1xx_it.o
 .debug_info    0x00000000000075e8      0x985 Core/Src/sysmem.o
 .debug_info    0x0000000000007f6d      0x29a Core/Src/system_stm32f1xx.o
 .debug_info    0x0000000000008207      0xf65 Core/Src/test.o
 .debug_info    0x000000000000916c     0x11e4 Core/Src/tim.o
 .debug_info    0x000000000000a350       0x22 Core/Startup/startup_stm32f103c8tx.o
 .debug_info    0x000000000000a372     0x1934 Drivers/ST7735/st7735.o
 .debug_info    0x000000000000bca6      0x714 Drivers/STM32F1xx_HAL_Driver/Src/stm32f1xx_hal.o
 .debug_info    0x000000000000c3ba      0xb51 Drivers/STM32F1xx_HAL_Driver/Src/stm32f1xx_hal_cortex.o
 .debug_info    0x000000000000cf0b      0x69b Drivers/STM32F1xx_HAL_Driver/Src/stm32f1xx_hal_gpio.o
 .debug_info    0x000000000000d5a6      0x6c9 Drivers/STM32F1xx_HAL_Driver/Src/stm32f1xx_ll_gpio.o
 .debug_info    0x000000000000dc6f      0x4e8 Drivers/STM32F1xx_HAL_Driver/Src/stm32f1xx_ll_spi.o
 .debug_info    0x000000000000e157      0xe53 Drivers/STM32F1xx_HAL_Driver/Src/stm32f1xx_ll_tim.o
 .debug_info    0x000000000000efaa      0x7ea Drivers/STM32F1xx_HAL_Driver/Src/stm32f1xx_ll_utils.o
 .debug_info    0x000000000000f794     0x139f FATFS/App/fatfs.o
 .debug_info    0x0000000000010b33      0xd0e FATFS/Target/user_diskio.o
 .debug_info    0x0000000000011841     0x1131 FATFS/Target/user_diskio_spi.o
 .debug_info    0x0000000000012972      0xdbc Middlewares/Third_Party/FatFs/src/diskio.o
 .debug_info    0x000000000001372e     0x2a29 Middlewares/Third_Party/FatFs/src/ff.o
 .debug_info    0x0000000000016157      0xd54 Middlewares/Third_Party/FatFs/src/ff_gen_drv.o

.debug_abbrev   0x0000000000000000     0x390a
 .debug_abbrev  0x0000000000000000      0x1ee Core/Src/crc.o
 .debug_abbrev  0x00000000000001ee      0x21e Core/Src/display.o
 .debug_abbrev  0x000000000000040c      0x220 Core/Src/gpio.o
 .debug_abbrev  0x000000000000062c      0x38f Core/Src/main.o
 .debug_abbrev  0x00000000000009bb      0x262 Core/Src/menu.o
 .debug_abbrev  0x0000000000000c1d      0x256 Core/Src/spi.o
 .debug_abbrev  0x0000000000000e73      0x1ce Core/Src/stm32f1xx_hal_msp.o
 .debug_abbrev  0x0000000000001041      0x1ec Core/Src/stm32f1xx_it.o
 .debug_abbrev  0x000000000000122d      0x19b Core/Src/sysmem.o
 .debug_abbrev  0x00000000000013c8      0x134 Core/Src/system_stm32f1xx.o
 .debug_abbrev  0x00000000000014fc      0x271 Core/Src/test.o
 .debug_abbrev  0x000000000000176d      0x208 Core/Src/tim.o
 .debug_abbrev  0x0000000000001975       0x12 Core/Startup/startup_stm32f103c8tx.o
 .debug_abbrev  0x0000000000001987      0x2de Drivers/ST7735/st7735.o
 .debug_abbrev  0x0000000000001c65      0x1c7 Drivers/STM32F1xx_HAL_Driver/Src/stm32f1xx_hal.o
 .debug_abbrev  0x0000000000001e2c      0x2bb Drivers/STM32F1xx_HAL_Driver/Src/stm32f1xx_hal_cortex.o
 .debug_abbrev  0x00000000000020e7      0x1c0 Drivers/STM32F1xx_HAL_Driver/Src/stm32f1xx_hal_gpio.o
 .debug_abbrev  0x00000000000022a7      0x210 Drivers/STM32F1xx_HAL_Driver/Src/stm32f1xx_ll_gpio.o
 .debug_abbrev  0x00000000000024b7      0x195 Drivers/STM32F1xx_HAL_Driver/Src/stm32f1xx_ll_spi.o
 .debug_abbrev  0x000000000000264c      0x1c9 Drivers/STM32F1xx_HAL_Driver/Src/stm32f1xx_ll_tim.o
 .debug_abbrev  0x0000000000002815      0x213 Drivers/STM32F1xx_HAL_Driver/Src/stm32f1xx_ll_utils.o
 .debug_abbrev  0x0000000000002a28      0x27f FATFS/App/fatfs.o
 .debug_abbrev  0x0000000000002ca7      0x1fa FATFS/Target/user_diskio.o
 .debug_abbrev  0x0000000000002ea1      0x321 FATFS/Target/user_diskio_spi.o
 .debug_abbrev  0x00000000000031c2      0x212 Middlewares/Third_Party/FatFs/src/diskio.o
 .debug_abbrev  0x00000000000033d4      0x2f7 Middlewares/Third_Party/FatFs/src/ff.o
 .debug_abbrev  0x00000000000036cb      0x23f Middlewares/Third_Party/FatFs/src/ff_gen_drv.o

.debug_aranges  0x0000000000000000      0xe10
 .debug_aranges
                0x0000000000000000       0x28 Core/Src/crc.o
 .debug_aranges
                0x0000000000000028       0x48 Core/Src/display.o
 .debug_aranges
                0x0000000000000070       0x40 Core/Src/gpio.o
 .debug_aranges
                0x00000000000000b0       0xd0 Core/Src/main.o
 .debug_aranges
                0x0000000000000180       0x70 Core/Src/menu.o
 .debug_aranges
                0x00000000000001f0       0x50 Core/Src/spi.o
 .debug_aranges
                0x0000000000000240       0x20 Core/Src/stm32f1xx_hal_msp.o
 .debug_aranges
                0x0000000000000260       0x88 Core/Src/stm32f1xx_it.o
 .debug_aranges
                0x00000000000002e8       0x20 Core/Src/sysmem.o
 .debug_aranges
                0x0000000000000308       0x28 Core/Src/system_stm32f1xx.o
 .debug_aranges
                0x0000000000000330       0x68 Core/Src/test.o
 .debug_aranges
                0x0000000000000398       0x88 Core/Src/tim.o
 .debug_aranges
                0x0000000000000420       0x28 Core/Startup/startup_stm32f103c8tx.o
 .debug_aranges
                0x0000000000000448      0x120 Drivers/ST7735/st7735.o
 .debug_aranges
                0x0000000000000568       0xe0 Drivers/STM32F1xx_HAL_Driver/Src/stm32f1xx_hal.o
 .debug_aranges
                0x0000000000000648      0x100 Drivers/STM32F1xx_HAL_Driver/Src/stm32f1xx_hal_cortex.o
 .debug_aranges
                0x0000000000000748       0x58 Drivers/STM32F1xx_HAL_Driver/Src/stm32f1xx_hal_gpio.o
 .debug_aranges
                0x00000000000007a0       0x60 Drivers/STM32F1xx_HAL_Driver/Src/stm32f1xx_ll_gpio.o
 .debug_aranges
                0x0000000000000800       0x60 Drivers/STM32F1xx_HAL_Driver/Src/stm32f1xx_ll_spi.o
 .debug_aranges
                0x0000000000000860      0x128 Drivers/STM32F1xx_HAL_Driver/Src/stm32f1xx_ll_tim.o
 .debug_aranges
                0x0000000000000988       0xf0 Drivers/STM32F1xx_HAL_Driver/Src/stm32f1xx_ll_utils.o
 .debug_aranges
                0x0000000000000a78       0x38 FATFS/App/fatfs.o
 .debug_aranges
                0x0000000000000ab0       0x40 FATFS/Target/user_diskio.o
 .debug_aranges
                0x0000000000000af0       0xb0 FATFS/Target/user_diskio_spi.o
 .debug_aranges
                0x0000000000000ba0       0x48 Middlewares/Third_Party/FatFs/src/diskio.o
 .debug_aranges
                0x0000000000000be8      0x1e8 Middlewares/Third_Party/FatFs/src/ff.o
 .debug_aranges
                0x0000000000000dd0       0x40 Middlewares/Third_Party/FatFs/src/ff_gen_drv.o

.debug_ranges   0x0000000000000000      0xc68
 .debug_ranges  0x0000000000000000       0x18 Core/Src/crc.o
 .debug_ranges  0x0000000000000018       0x38 Core/Src/display.o
 .debug_ranges  0x0000000000000050       0x30 Core/Src/gpio.o
 .debug_ranges  0x0000000000000080       0xc0 Core/Src/main.o
 .debug_ranges  0x0000000000000140       0x60 Core/Src/menu.o
 .debug_ranges  0x00000000000001a0       0x40 Core/Src/spi.o
 .debug_ranges  0x00000000000001e0       0x10 Core/Src/stm32f1xx_hal_msp.o
 .debug_ranges  0x00000000000001f0       0x78 Core/Src/stm32f1xx_it.o
 .debug_ranges  0x0000000000000268       0x10 Core/Src/sysmem.o
 .debug_ranges  0x0000000000000278       0x18 Core/Src/system_stm32f1xx.o
 .debug_ranges  0x0000000000000290       0x58 Core/Src/test.o
 .debug_ranges  0x00000000000002e8       0x78 Core/Src/tim.o