stm32f1xx_ll_spi.h:423:22:LL_SPI_SetBaudRatePrescaler	16	static
stm32f1xx_ll_gpio.h:804:22:LL_GPIO_SetOutputPin	16	static
stm32f1xx_ll_gpio.h:833:22:LL_GPIO_ResetOutputPin	16	static
user_diskio_spi.c:90:6:SPI_Timer_On	16	static
user_diskio_spi.c:95:9:SPI_Timer_Status	8	static
user_diskio_spi.c:106:6:xchg_spi	24	static
user_diskio_spi.c:119:6:rcvr_spi_multi	32	static
user_diskio_spi.c:133:6:xmit_spi_multi	24	static
user_diskio_spi.c:150:5:wait_ready	32	static
user_diskio_spi.c:177:6:despiselect	8	static
user_diskio_spi.c:191:5:spiselect	8	static
user_diskio_spi.c:208:5:rcvr_datablock	24	static
user_diskio_spi.c:237:5:xmit_datablock	24	static
user_diskio_spi.c:265:6:send_cmd	24	static
user_diskio_spi.c:322:16:USER_SPI_initialize	32	static
user_diskio_spi.c:378:16:USER_SPI_status	16	static
user_diskio_spi.c:393:16:USER_SPI_read	24	static
user_diskio_spi.c:432:16:USER_SPI_write	24	static
user_diskio_spi.c:473:16:USER_SPI_ioctl	56	static
