st7735.c:6:6:ST7735_write	16	static
st7735.c:14:6:ST7735_SendData	16	static
st7735.c:20:6:ST7735_SendCmd	16	static
st7735.c:26:6:HAL_ST7735_Init	8	static
st7735.c:163:6:ST7735_AddrSet	24	static
st7735.c:182:6:ST7735_Clear	24	static
st7735.c:202:6:ST7735_DrawPixel	24	static
st7735.c:213:6:ST7735_DrawHLine	32	static
st7735.c:229:6:ST7735_DrawVLine	32	static
st7735.c:245:6:ST7735_DrawBMP	24	static
st7735.c:256:6:ST7735_DrawChar	40	static
st7735.c:297:6:ST7735_DrawChar7x11	48	static
st7735.c:340:6:ST7735_DrawString7x11	40	static
st7735.c:350:6:ST7735_DrawNString7x11	40	static
st7735.c:364:6:ST7735_DrawRectangle	24	static
st7735.c:372:6:ST7735_Button_Draw	48	static
st7735.c:411:6:ST7735_Button_StructInit	24	static
st7735.c:425:6:ST7735_Button_Destroy	32	static
st7735.c:443:6:ST7735_ProgressBar_Draw	40	static
st7735.c:477:6:ST7735_ProgressBar_SetProgress	16	static
st7735.c:487:6:ST7735_ProgressBar_StructInit	16	static
st7735.c:499:6:ST7735_ProgressBar_Destroy	32	static
st7735.c:517:6:ST7735_ListBox_Draw	48	static
st7735.c:564:6:ST7735_ListBox_SetSelected	24	static
st7735.c:576:6:ST7735_ListBox_SetVisibleRange	24	static
st7735.c:590:21:ST7735_ListBox_GetSelectedItem	16	static
st7735.c:595:6:ST7735_ListBox_StructInit	24	static
st7735.c:616:6:ST7735_ListBox_Destroy	32	static
st7735.c:634:6:ST7735_DMA_Init	4	static
st7735.c:641:6:ST7735_DMA_FillScreen	16	static
st7735.c:660:6:ST7735_DMA_DrawBMP	16	static
st7735.c:671:6:Delay	16	static
st7735.c:676:6:TimingDelay_Decrement	4	static
