st7735.c:6:6:ST7735_write	16	static
st7735.c:14:6:ST7735_SendData	16	static
st7735.c:20:6:ST7735_SendCmd	16	static
st7735.c:26:6:HAL_ST7735_Init	8	static
st7735.c:164:6:ST7735_AddrSet	24	static
st7735.c:183:6:ST7735_Clear	24	static
st7735.c:199:6:ST7735_DrawPixel	24	static
st7735.c:210:6:ST7735_DrawHLine	32	static
st7735.c:226:6:ST7735_DrawVLine	32	static
st7735.c:242:6:ST7735_DrawBMP	24	static
st7735.c:253:6:ST7735_DrawChar	40	static
st7735.c:293:6:ST7735_DrawString	40	static
st7735.c:305:6:ST7735_DrawChar7x11	48	static
st7735.c:348:6:ST7735_DrawString7x11	40	static
st7735.c:358:6:ST7735_DrawNString7x11	40	static
st7735.c:372:6:ST7735_DrawRectangle	24	static
st7735.c:380:6:ST7735_Button_Draw	48	static
st7735.c:419:6:ST7735_Button_StructInit	24	static
st7735.c:433:6:ST7735_Button_Destroy	32	static
st7735.c:451:6:ST7735_ProgressBar_Draw	40	static
st7735.c:485:6:ST7735_ProgressBar_SetProgress	16	static
st7735.c:495:6:ST7735_ProgressBar_StructInit	16	static
st7735.c:507:6:ST7735_ProgressBar_Destroy	32	static
st7735.c:525:6:ST7735_ListBox_Draw	48	static
st7735.c:557:6:ST7735_ListBox_SetSelected	24	static
st7735.c:569:6:ST7735_ListBox_SetVisibleRange	24	static
st7735.c:583:21:ST7735_ListBox_GetSelectedItem	16	static
st7735.c:588:6:ST7735_ListBox_StructInit	24	static
st7735.c:599:6:ST7735_ListBox_Destroy	32	static
st7735.c:617:6:ST7735_DMA_Init	4	static
st7735.c:624:6:ST7735_DMA_FillScreen	16	static
st7735.c:643:6:ST7735_DMA_DrawBMP	16	static
st7735.c:654:6:Delay	16	static
st7735.c:659:6:TimingDelay_Decrement	4	static
